Archive member included because of file (symbol)

../../tonclib/lib\libtonc.a(tonc_input.o)
                              hello.o (key_poll)
../../tonclib/lib\libtonc.a(tonc_oam.o)
                              hello.o (oam_init)
../../tonclib/lib\libtonc.a(tte_init_se.o)
                              hello.o (tte_init_se)
../../tonclib/lib\libtonc.a(tte_main.o)
                              ../../tonclib/lib\libtonc.a(tte_init_se.o) (tte_init_base)
../../tonclib/lib\libtonc.a(tonc_bios.o)
                              ../../tonclib/lib\libtonc.a(tonc_input.o) (VBlankIntrWait)
../../tonclib/lib\libtonc.a(tonc_bios_ex.o)
                              ../../tonclib/lib\libtonc.a(tte_main.o) (VBlankIntrDelay)
../../tonclib/lib\libtonc.a(tonc_memcpy.o)
                              hello.o (memcpy32)
../../tonclib/lib\libtonc.a(sys8.o)
                              hello.o (sys8Font)
../../tonclib/lib\libtonc.a(tonc_surface.o)
                              ../../tonclib/lib\libtonc.a(tte_init_se.o) (srf_init)
../../tonclib/lib\libtonc.a(se_drawg.o)
                              ../../tonclib/lib\libtonc.a(tte_init_se.o) (se_erase)
../../tonclib/lib\libtonc.a(tonc_sbmp16.o)
                              ../../tonclib/lib\libtonc.a(se_drawg.o) (sbmp16_rect)
../../tonclib/lib\libtonc.a(tonc_memset.o)
                              ../../tonclib/lib\libtonc.a(tonc_sbmp16.o) (memset16)
c:/devkitpro/devkitarm/bin/../lib/gcc/arm-none-eabi/4.9.2/thumb\libgcc.a(_divsi3.o)
                              ../../tonclib/lib\libtonc.a(tte_main.o) (__aeabi_idiv)
c:/devkitpro/devkitarm/bin/../lib/gcc/arm-none-eabi/4.9.2/thumb\libgcc.a(_dvmd_tls.o)
                              c:/devkitpro/devkitarm/bin/../lib/gcc/arm-none-eabi/4.9.2/thumb\libgcc.a(_divsi3.o) (__aeabi_idiv0)
c:/devkitpro/devkitarm/bin/../lib/gcc/arm-none-eabi/4.9.2/../../../../arm-none-eabi/lib/thumb\libc.a(lib_a-ctype_.o)
                              ../../tonclib/lib\libtonc.a(tte_main.o) (__ctype_ptr__)
c:/devkitpro/devkitarm/bin/../lib/gcc/arm-none-eabi/4.9.2/../../../../arm-none-eabi/lib/thumb\libc.a(lib_a-init.o)
                              c:/devkitpro/devkitarm/bin/../lib/gcc/arm-none-eabi/4.9.2/../../../../arm-none-eabi/lib/thumb/gba_crt0.o (__libc_init_array)
c:/devkitpro/devkitarm/bin/../lib/gcc/arm-none-eabi/4.9.2/../../../../arm-none-eabi/lib/thumb\libc.a(lib_a-memcpy-stub.o)
                              hello.o (memcpy)
c:/devkitpro/devkitarm/bin/../lib/gcc/arm-none-eabi/4.9.2/../../../../arm-none-eabi/lib/thumb\libc.a(lib_a-memset.o)
                              ../../tonclib/lib\libtonc.a(tte_main.o) (memset)
c:/devkitpro/devkitarm/bin/../lib/gcc/arm-none-eabi/4.9.2/../../../../arm-none-eabi/lib/thumb\libc.a(lib_a-strtol.o)
                              ../../tonclib/lib\libtonc.a(tte_main.o) (strtol)
c:/devkitpro/devkitarm/bin/../lib/gcc/arm-none-eabi/4.9.2/../../../../arm-none-eabi/lib/thumb\libc.a(lib_a-impure.o)
                              c:/devkitpro/devkitarm/bin/../lib/gcc/arm-none-eabi/4.9.2/../../../../arm-none-eabi/lib/thumb\libc.a(lib_a-strtol.o) (_impure_ptr)
c:/devkitpro/devkitarm/bin/../lib/gcc/arm-none-eabi/4.9.2/../../../../arm-none-eabi/lib/thumb\libsysbase.a(malloc_vars.o)
                              c:/devkitpro/devkitarm/bin/../lib/gcc/arm-none-eabi/4.9.2/../../../../arm-none-eabi/lib/thumb/gba_crt0.o (fake_heap_end)
c:/devkitpro/devkitarm/bin/../lib/gcc/arm-none-eabi/4.9.2/thumb\libgcc.a(_udivsi3.o)
                              c:/devkitpro/devkitarm/bin/../lib/gcc/arm-none-eabi/4.9.2/../../../../arm-none-eabi/lib/thumb\libc.a(lib_a-strtol.o) (__aeabi_uidiv)

Allocating common symbols
Common symbol       size              file

__tte_main_context  0x48              ../../tonclib/lib\libtonc.a(tte_main.o)
obj_buffer          0x400             hello.o

Memory Configuration

Name             Origin             Length             Attributes
rom              0x08000000         0x02000000
iwram            0x03000000         0x00008000
ewram            0x02000000         0x00040000
*default*        0x00000000         0xffffffff

Linker script and memory map

                0x08000000                __text_start = ORIGIN (rom)
                0x02040000                __eheap_end = (ORIGIN (ewram) + 0x40000)
                0x03000000                __iwram_start = ORIGIN (iwram)
                0x03008000                __iwram_top = (ORIGIN (iwram) + 0x8000)
                0x03007fa0                __sp_irq = (__iwram_top - 0x60)
                0x03007f00                __sp_usr = (__sp_irq - 0xa0)
                0x03007ff8                __irq_flags = 0x3007ff8
                0x08000000                . = __text_start

.init           0x08000000      0x21c
 *(.init)
 .init          0x08000000      0x210 c:/devkitpro/devkitarm/bin/../lib/gcc/arm-none-eabi/4.9.2/../../../../arm-none-eabi/lib/thumb/gba_crt0.o
                0x08000000                _start
                0x080000c4                __boot_method
                0x080000c5                __slave_number
                0x080000e0                start_vector
 .init          0x08000210        0x4 c:/devkitpro/devkitarm/bin/../lib/gcc/arm-none-eabi/4.9.2/thumb/crti.o
                0x08000210                _init
 .init          0x08000214        0x8 c:/devkitpro/devkitarm/bin/../lib/gcc/arm-none-eabi/4.9.2/thumb/crtn.o
                0x0800021c                . = ALIGN (0x4)

.plt            0x0800021c        0x0
 *(.plt)
                0x0800021c                . = ALIGN (0x4)

.text           0x08000220     0x1e58
 *(EXCLUDE_FILE(*.iwram*) .text)
 .text          0x08000220        0x0 c:/devkitpro/devkitarm/bin/../lib/gcc/arm-none-eabi/4.9.2/../../../../arm-none-eabi/lib/thumb/gba_crt0.o
 .text          0x08000220        0x0 c:/devkitpro/devkitarm/bin/../lib/gcc/arm-none-eabi/4.9.2/thumb/crti.o
 .text          0x08000220       0xd4 c:/devkitpro/devkitarm/bin/../lib/gcc/arm-none-eabi/4.9.2/thumb/crtbegin.o
 .text          0x080002f4      0x180 hello.o
                0x080002f4                obj_test
 .text          0x08000474        0x0 brin.o
 .text          0x08000474        0x0 metr.o
 .text          0x08000474       0xac ../../tonclib/lib\libtonc.a(tonc_input.o)
                0x08000474                key_poll
                0x080004cc                key_wait_till_hit
                0x080004f0                key_repeat
                0x080004fc                key_repeat_mask
                0x0800050c                key_repeat_limits
 .text          0x08000520       0xcc ../../tonclib/lib\libtonc.a(tonc_oam.o)
                0x08000520                oam_init
                0x0800056c                obj_copy
                0x08000598                obj_hide_multi
                0x080005c0                obj_unhide_multi
 .text          0x080005ec      0x15c ../../tonclib/lib\libtonc.a(tte_init_se.o)
                0x080005ec                tte_init_se
 .text          0x08000748      0x9e0 ../../tonclib/lib\libtonc.a(tte_main.o)
                0x08000748                dummy_drawg
                0x0800074c                dummy_erase
                0x08000750                tte_set_context
                0x0800076c                tte_set_color_attr
                0x0800077c                tte_set_color_attrs
                0x08000798                tte_set_color
                0x080007bc                tte_set_colors
                0x080007f8                tte_init_base
                0x0800088c                utf8_decode_char
                0x0800093c                tte_cmd_skip
                0x08000950                tte_cmd_next
                0x0800098c                tte_putc
                0x080009dc                tte_erase_rect
                0x080009f8                tte_erase_screen
                0x08000a1c                tte_erase_line
                0x08000a44                tte_cmd_default
                0x08000f00                tte_write
                0x08000fec                tte_write_ex
                0x0800101c                tte_get_text_size
                0x08001108                tte_set_margins
 .text          0x08001128       0x8c ../../tonclib/lib\libtonc.a(tonc_bios.o)
                0x08001128                SoftReset
                0x0800112c                RegisterRamReset
                0x08001130                Halt
                0x08001134                Stop
                0x08001138                IntrWait
                0x0800113c                VBlankIntrWait
                0x08001140                Div
                0x08001144                DivArm
                0x08001148                Sqrt
                0x0800114c                ArcTan
                0x08001150                ArcTan2
                0x08001154                CpuSet
                0x08001158                CpuFastSet
                0x0800115c                BiosCheckSum
                0x08001160                BgAffineSet
                0x08001164                ObjAffineSet
                0x08001168                BitUnPack
                0x0800116c                LZ77UnCompWram
                0x08001170                LZ77UnCompVram
                0x08001174                HuffUnComp
                0x08001178                RLUnCompWram
                0x0800117c                RLUnCompVram
                0x08001180                Diff8bitUnFilterWram
                0x08001184                Diff8bitUnFilterVram
                0x08001188                Diff16bitUnFilter
                0x0800118c                SoundBias
                0x08001190                SoundDriverInit
                0x08001194                SoundDriverMode
                0x08001198                SoundDriverMain
                0x0800119c                SoundDriverVSync
                0x080011a0                SoundChannelClear
                0x080011a4                MidiKey2Freq
                0x080011a8                MultiBoot
                0x080011ac                SoundDriverVSyncOff
                0x080011b0                SoundDriverVSyncOn
 .text          0x080011b4       0x54 ../../tonclib/lib\libtonc.a(tonc_bios_ex.o)
                0x080011b4                VBlankIntrDelay
                0x080011c4                DivSafe
                0x080011d8                Mod
                0x080011e0                DivAbs
                0x080011e8                DivArmMod
                0x080011f0                DivArmAbs
                0x080011f8                CpuFastFill
 .text          0x08001208       0x44 ../../tonclib/lib\libtonc.a(tonc_memcpy.o)
                0x08001208                memcpy16
 .text          0x0800124c        0x0 ../../tonclib/lib\libtonc.a(sys8.o)
 .text          0x0800124c      0x138 ../../tonclib/lib\libtonc.a(tonc_surface.o)
                0x0800124c                srf_init
                0x08001304                srf_pal_copy
                0x08001324                srf_get_ptr
 .text          0x08001384      0x174 ../../tonclib/lib\libtonc.a(se_drawg.o)
                0x08001384                se_erase
                0x080013b4                se_drawg_w8h8
                0x080013e0                se_drawg_w8h16
                0x0800141c                se_drawg
                0x0800148c                se_drawg_s
 .text          0x080014f8      0x4d8 ../../tonclib/lib\libtonc.a(tonc_sbmp16.o)
                0x080014f8                sbmp16_get_pixel
                0x08001508                sbmp16_plot
                0x0800151c                sbmp16_vline
                0x08001554                sbmp16_line
                0x08001630                sbmp16_hline
                0x0800165c                sbmp16_frame
                0x080016e8                sbmp16_rect
                0x08001748                sbmp16_blit
                0x08001884                sbmp16_floodfill_internal
                0x080019a8                sbmp16_floodfill
 .text          0x080019d0       0x3c ../../tonclib/lib\libtonc.a(tonc_memset.o)
                0x080019d0                memset16
 .text          0x08001a0c      0x150 c:/devkitpro/devkitarm/bin/../lib/gcc/arm-none-eabi/4.9.2/thumb\libgcc.a(_divsi3.o)
                0x08001a0c                __divsi3
                0x08001a0c                __aeabi_idiv
                0x08001b3c                __aeabi_idivmod
 .text          0x08001b5c        0x4 c:/devkitpro/devkitarm/bin/../lib/gcc/arm-none-eabi/4.9.2/thumb\libgcc.a(_dvmd_tls.o)
                0x08001b5c                __aeabi_idiv0
                0x08001b5c                __aeabi_ldiv0
 .text          0x08001b60       0x10 c:/devkitpro/devkitarm/bin/../lib/gcc/arm-none-eabi/4.9.2/../../../../arm-none-eabi/lib/thumb\libc.a(lib_a-ctype_.o)
                0x08001b60                __set_ctype
 .text          0x08001b70       0x58 c:/devkitpro/devkitarm/bin/../lib/gcc/arm-none-eabi/4.9.2/../../../../arm-none-eabi/lib/thumb\libc.a(lib_a-init.o)
                0x08001b70                __libc_init_array
 .text          0x08001bc8       0x84 c:/devkitpro/devkitarm/bin/../lib/gcc/arm-none-eabi/4.9.2/../../../../arm-none-eabi/lib/thumb\libc.a(lib_a-memcpy-stub.o)
                0x08001bc8                memcpy
 .text          0x08001c4c       0x98 c:/devkitpro/devkitarm/bin/../lib/gcc/arm-none-eabi/4.9.2/../../../../arm-none-eabi/lib/thumb\libc.a(lib_a-memset.o)
                0x08001c4c                memset
 .text          0x08001ce4      0x17c c:/devkitpro/devkitarm/bin/../lib/gcc/arm-none-eabi/4.9.2/../../../../arm-none-eabi/lib/thumb\libc.a(lib_a-strtol.o)
                0x08001ce4                _strtol_r
                0x08001e40                strtol
 .text          0x08001e60        0x0 c:/devkitpro/devkitarm/bin/../lib/gcc/arm-none-eabi/4.9.2/../../../../arm-none-eabi/lib/thumb\libc.a(lib_a-impure.o)
 .text          0x08001e60        0x0 c:/devkitpro/devkitarm/bin/../lib/gcc/arm-none-eabi/4.9.2/../../../../arm-none-eabi/lib/thumb\libsysbase.a(malloc_vars.o)
 .text          0x08001e60      0x11c c:/devkitpro/devkitarm/bin/../lib/gcc/arm-none-eabi/4.9.2/thumb\libgcc.a(_udivsi3.o)
                0x08001e60                __aeabi_uidiv
                0x08001e60                __udivsi3
                0x08001f5c                __aeabi_uidivmod
 .text          0x08001f7c        0x0 c:/devkitpro/devkitarm/bin/../lib/gcc/arm-none-eabi/4.9.2/thumb/crtend.o
 .text          0x08001f7c        0x0 c:/devkitpro/devkitarm/bin/../lib/gcc/arm-none-eabi/4.9.2/thumb/crtn.o
 *(.text .stub .text.* .gnu.linkonce.t.*)
 .text.startup  0x08001f7c       0xd0 hello.o
                0x08001f7c                main
 *fill*         0x0800204c        0x4 ff
 .text.startup.__stub
                0x08002050       0x24 linker stubs
 *(.text.*personality*)
 *(.gnu.warning)
 *(.glue_7t)
 .glue_7t       0x00000000        0x0 linker stubs
 *(.glue_7)
 .glue_7        0x00000000        0x0 linker stubs
 *(.vfp11_veneer)
 .vfp11_veneer  0x00000000        0x0 linker stubs
                0x08002074                . = ALIGN (0x4)
                0x08002074                __text_end = .

.v4_bx          0x08002078        0x0
 .v4_bx         0x00000000        0x0 linker stubs

.iplt           0x08002078        0x0
 .iplt          0x00000000        0x0 c:/devkitpro/devkitarm/bin/../lib/gcc/arm-none-eabi/4.9.2/../../../../arm-none-eabi/lib/thumb/gba_crt0.o

.fini           0x08002078        0xc
 *(.fini)
 .fini          0x08002078        0x4 c:/devkitpro/devkitarm/bin/../lib/gcc/arm-none-eabi/4.9.2/thumb/crti.o
                0x08002078                _fini
 .fini          0x0800207c        0x8 c:/devkitpro/devkitarm/bin/../lib/gcc/arm-none-eabi/4.9.2/thumb/crtn.o
                0x08002084                . = ALIGN (0x4)

.rodata         0x08002084     0x1eac
 *(.rodata)
 .rodata        0x08002084     0x1600 brin.o
                0x08002084                brinPal
                0x08002284                brinMap
                0x08003284                brinTiles
 .rodata        0x08003684      0x220 metr.o
                0x08003684                metrPal
                0x08003884                metrTiles
 .rodata        0x080038a4      0x1f0 ../../tonclib/lib\libtonc.a(tte_main.o)
 .rodata        0x08003a94      0x318 ../../tonclib/lib\libtonc.a(sys8.o)
                0x08003a94                sys8Font
                0x08003aac                sys8Glyphs
 .rodata        0x08003dac       0x1c ../../tonclib/lib\libtonc.a(tonc_surface.o)
 .rodata        0x08003dc8       0x3c ../../tonclib/lib\libtonc.a(tonc_sbmp16.o)
                0x08003dc8                bmp16_tab
                0x08003df0                m3_surface
 .rodata        0x08003e04      0x104 c:/devkitpro/devkitarm/bin/../lib/gcc/arm-none-eabi/4.9.2/../../../../arm-none-eabi/lib/thumb\libc.a(lib_a-ctype_.o)
                0x08003e04                _ctype_
 .rodata        0x08003f08        0x4 c:/devkitpro/devkitarm/bin/../lib/gcc/arm-none-eabi/4.9.2/../../../../arm-none-eabi/lib/thumb\libc.a(lib_a-impure.o)
                0x08003f08                _global_impure_ptr
 *all.rodata*(*)
 *(.roda)
 *(.rodata.*)
 .rodata.str1.4
                0x08003f0c       0x17 hello.o
                                 0x18 (size before relaxing)
 *fill*         0x08003f23        0x1 ff
 .rodata.str1.4
                0x08003f24        0x6 ../../tonclib/lib\libtonc.a(tonc_sbmp16.o)
                                  0x8 (size before relaxing)
 *fill*         0x08003f2a        0x2 ff
 .rodata.str1.4
                0x08003f2c        0x4 c:/devkitpro/devkitarm/bin/../lib/gcc/arm-none-eabi/4.9.2/../../../../arm-none-eabi/lib/thumb\libc.a(lib_a-impure.o)
 *(.gnu.linkonce.r*)
                0x08003f30                . = ALIGN (0x4)

.ARM.extab
 *(.ARM.extab* .gnu.linkonce.armextab.*)
                0x08003f30                __exidx_start = .

.ARM.exidx
 *(.ARM.exidx* .gnu.linkonce.armexidx.*)
                0x08003f30                __exidx_end = .

.ctors          0x08003f30        0x0
 *crtbegin.o(.ctors)
 *(EXCLUDE_FILE(*crtend.o) .ctors)
 *(SORT(.ctors.*))
 *(.ctors)
                0x08003f30                . = ALIGN (0x4)

.dtors          0x08003f30        0x0
 *crtbegin.o(.dtors)
 *(EXCLUDE_FILE(*crtend.o) .dtors)
 *(SORT(.dtors.*))
 *(.dtors)
                0x08003f30                . = ALIGN (0x4)

.eh_frame       0x08003f30        0x4
 *(.eh_frame)
 .eh_frame      0x08003f30        0x0 c:/devkitpro/devkitarm/bin/../lib/gcc/arm-none-eabi/4.9.2/thumb/crtbegin.o
 .eh_frame      0x08003f30        0x4 c:/devkitpro/devkitarm/bin/../lib/gcc/arm-none-eabi/4.9.2/thumb/crtend.o
                0x08003f34                . = ALIGN (0x4)

.gcc_except_table
                0x08003f34        0x0
 *(.gcc_except_table)
                0x08003f34                . = ALIGN (0x4)
                0x08003f34                __iwram_lma = .

.iwram          0x03000000       0x84 load address 0x08003f34
                0x03000000                __iwram_start__ = ABSOLUTE (.)
 *(.iwram)
 .iwram         0x03000000       0x38 ../../tonclib/lib\libtonc.a(tonc_memcpy.o)
                0x03000000                memcpy32
 .iwram         0x03000038       0x4c ../../tonclib/lib\libtonc.a(tonc_memset.o)
                0x03000038                memset32
 *iwram.*(.text)
                0x03000084                . = ALIGN (0x4)
                0x03000084                __iwram_end__ = ABSOLUTE (.)
                0x08003fb8                __data_lma = (__iwram_lma + SIZEOF (.iwram))

.rel.dyn        0x03000084        0x0 load address 0x08003fb8
 .rel.iplt      0x00000000        0x0 c:/devkitpro/devkitarm/bin/../lib/gcc/arm-none-eabi/4.9.2/../../../../arm-none-eabi/lib/thumb/gba_crt0.o

.bss            0x03000084      0x470
                0x03000084                __bss_start = ABSOLUTE (.)
                0x03000084                __bss_start__ = ABSOLUTE (.)
 *(.dynbss)
 *(.gnu.linkonce.b*)
 *(.bss*)
 .bss           0x03000084        0x0 c:/devkitpro/devkitarm/bin/../lib/gcc/arm-none-eabi/4.9.2/../../../../arm-none-eabi/lib/thumb/gba_crt0.o
 .bss           0x03000084        0x0 c:/devkitpro/devkitarm/bin/../lib/gcc/arm-none-eabi/4.9.2/thumb/crti.o
 .bss           0x03000084       0x1c c:/devkitpro/devkitarm/bin/../lib/gcc/arm-none-eabi/4.9.2/thumb/crtbegin.o
 .bss           0x030000a0        0x0 hello.o
 .bss           0x030000a0        0x0 brin.o
 .bss           0x030000a0        0x0 metr.o
 .bss           0x030000a0        0x4 ../../tonclib/lib\libtonc.a(tonc_input.o)
                0x030000a0                __key_curr
                0x030000a2                __key_prev
 .bss           0x030000a4        0x0 ../../tonclib/lib\libtonc.a(tonc_oam.o)
 .bss           0x030000a4        0x0 ../../tonclib/lib\libtonc.a(tte_init_se.o)
 .bss           0x030000a4        0x0 ../../tonclib/lib\libtonc.a(tte_main.o)
 .bss           0x030000a4        0x0 ../../tonclib/lib\libtonc.a(tonc_bios.o)
 .bss           0x030000a4        0x0 ../../tonclib/lib\libtonc.a(tonc_bios_ex.o)
 .bss           0x030000a4        0x0 ../../tonclib/lib\libtonc.a(tonc_memcpy.o)
 .bss           0x030000a4        0x0 ../../tonclib/lib\libtonc.a(sys8.o)
 .bss           0x030000a4        0x0 ../../tonclib/lib\libtonc.a(tonc_surface.o)
 .bss           0x030000a4        0x0 ../../tonclib/lib\libtonc.a(se_drawg.o)
 .bss           0x030000a4        0x0 ../../tonclib/lib\libtonc.a(tonc_sbmp16.o)
 .bss           0x030000a4        0x0 ../../tonclib/lib\libtonc.a(tonc_memset.o)
 .bss           0x030000a4        0x0 c:/devkitpro/devkitarm/bin/../lib/gcc/arm-none-eabi/4.9.2/thumb\libgcc.a(_divsi3.o)
 .bss           0x030000a4        0x0 c:/devkitpro/devkitarm/bin/../lib/gcc/arm-none-eabi/4.9.2/thumb\libgcc.a(_dvmd_tls.o)
 .bss           0x030000a4        0x0 c:/devkitpro/devkitarm/bin/../lib/gcc/arm-none-eabi/4.9.2/../../../../arm-none-eabi/lib/thumb\libc.a(lib_a-ctype_.o)
 .bss           0x030000a4        0x0 c:/devkitpro/devkitarm/bin/../lib/gcc/arm-none-eabi/4.9.2/../../../../arm-none-eabi/lib/thumb\libc.a(lib_a-init.o)
 .bss           0x030000a4        0x0 c:/devkitpro/devkitarm/bin/../lib/gcc/arm-none-eabi/4.9.2/../../../../arm-none-eabi/lib/thumb\libc.a(lib_a-memcpy-stub.o)
 .bss           0x030000a4        0x0 c:/devkitpro/devkitarm/bin/../lib/gcc/arm-none-eabi/4.9.2/../../../../arm-none-eabi/lib/thumb\libc.a(lib_a-memset.o)
 .bss           0x030000a4        0x0 c:/devkitpro/devkitarm/bin/../lib/gcc/arm-none-eabi/4.9.2/../../../../arm-none-eabi/lib/thumb\libc.a(lib_a-strtol.o)
 .bss           0x030000a4        0x0 c:/devkitpro/devkitarm/bin/../lib/gcc/arm-none-eabi/4.9.2/../../../../arm-none-eabi/lib/thumb\libc.a(lib_a-impure.o)
 .bss           0x030000a4        0x8 c:/devkitpro/devkitarm/bin/../lib/gcc/arm-none-eabi/4.9.2/../../../../arm-none-eabi/lib/thumb\libsysbase.a(malloc_vars.o)
                0x030000a4                fake_heap_start
                0x030000a8                fake_heap_end
 .bss           0x030000ac        0x0 c:/devkitpro/devkitarm/bin/../lib/gcc/arm-none-eabi/4.9.2/thumb\libgcc.a(_udivsi3.o)
 .bss           0x030000ac        0x0 c:/devkitpro/devkitarm/bin/../lib/gcc/arm-none-eabi/4.9.2/thumb/crtend.o
 .bss           0x030000ac        0x0 c:/devkitpro/devkitarm/bin/../lib/gcc/arm-none-eabi/4.9.2/thumb/crtn.o
 *(COMMON)
 COMMON         0x030000ac      0x400 hello.o
                0x030000ac                obj_buffer
 COMMON         0x030004ac       0x48 ../../tonclib/lib\libtonc.a(tte_main.o)
                0x030004ac                __tte_main_context
                0x030004f4                . = ALIGN (0x4)
                0x030004f4                __bss_end__ = ABSOLUTE (.)

.data           0x030004f4      0x44c load address 0x08003fb8
                0x030004f4                __data_start__ = ABSOLUTE (.)
 *(.data)
 .data          0x030004f4        0x0 c:/devkitpro/devkitarm/bin/../lib/gcc/arm-none-eabi/4.9.2/../../../../arm-none-eabi/lib/thumb/gba_crt0.o
 .data          0x030004f4        0x0 c:/devkitpro/devkitarm/bin/../lib/gcc/arm-none-eabi/4.9.2/thumb/crti.o
 .data          0x030004f4        0x4 c:/devkitpro/devkitarm/bin/../lib/gcc/arm-none-eabi/4.9.2/thumb/crtbegin.o
                0x030004f4                __dso_handle
 .data          0x030004f8        0x4 hello.o
                0x030004f8                obj_aff_buffer
 .data          0x030004fc        0x0 brin.o
 .data          0x030004fc        0x0 metr.o
 .data          0x030004fc        0x8 ../../tonclib/lib\libtonc.a(tonc_input.o)
                0x030004fc                __key_rpt
 .data          0x03000504        0x0 ../../tonclib/lib\libtonc.a(tonc_oam.o)
 .data          0x03000504        0x0 ../../tonclib/lib\libtonc.a(tte_init_se.o)
 .data          0x03000504        0x4 ../../tonclib/lib\libtonc.a(tte_main.o)
                0x03000504                gp_tte_context
 .data          0x03000508        0x0 ../../tonclib/lib\libtonc.a(tonc_bios.o)
 .data          0x03000508        0x0 ../../tonclib/lib\libtonc.a(tonc_bios_ex.o)
 .data          0x03000508        0x0 ../../tonclib/lib\libtonc.a(tonc_memcpy.o)
 .data          0x03000508        0x0 ../../tonclib/lib\libtonc.a(sys8.o)
 .data          0x03000508        0x0 ../../tonclib/lib\libtonc.a(tonc_surface.o)
 .data          0x03000508        0x0 ../../tonclib/lib\libtonc.a(se_drawg.o)
 .data          0x03000508        0x0 ../../tonclib/lib\libtonc.a(tonc_sbmp16.o)
 .data          0x03000508        0x0 ../../tonclib/lib\libtonc.a(tonc_memset.o)
 .data          0x03000508        0x0 c:/devkitpro/devkitarm/bin/../lib/gcc/arm-none-eabi/4.9.2/thumb\libgcc.a(_divsi3.o)
 .data          0x03000508        0x0 c:/devkitpro/devkitarm/bin/../lib/gcc/arm-none-eabi/4.9.2/thumb\libgcc.a(_dvmd_tls.o)
 .data          0x03000508        0x4 c:/devkitpro/devkitarm/bin/../lib/gcc/arm-none-eabi/4.9.2/../../../../arm-none-eabi/lib/thumb\libc.a(lib_a-ctype_.o)
                0x03000508                __ctype_ptr__
 .data          0x0300050c        0x0 c:/devkitpro/devkitarm/bin/../lib/gcc/arm-none-eabi/4.9.2/../../../../arm-none-eabi/lib/thumb\libc.a(lib_a-init.o)
 .data          0x0300050c        0x0 c:/devkitpro/devkitarm/bin/../lib/gcc/arm-none-eabi/4.9.2/../../../../arm-none-eabi/lib/thumb\libc.a(lib_a-memcpy-stub.o)
 .data          0x0300050c        0x0 c:/devkitpro/devkitarm/bin/../lib/gcc/arm-none-eabi/4.9.2/../../../../arm-none-eabi/lib/thumb\libc.a(lib_a-memset.o)
 .data          0x0300050c        0x0 c:/devkitpro/devkitarm/bin/../lib/gcc/arm-none-eabi/4.9.2/../../../../arm-none-eabi/lib/thumb\libc.a(lib_a-strtol.o)
 *fill*         0x0300050c        0x4 ff
 .data          0x03000510      0x430 c:/devkitpro/devkitarm/bin/../lib/gcc/arm-none-eabi/4.9.2/../../../../arm-none-eabi/lib/thumb\libc.a(lib_a-impure.o)
                0x03000510                _impure_ptr
 .data          0x03000940        0x0 c:/devkitpro/devkitarm/bin/../lib/gcc/arm-none-eabi/4.9.2/../../../../arm-none-eabi/lib/thumb\libsysbase.a(malloc_vars.o)
 .data          0x03000940        0x0 c:/devkitpro/devkitarm/bin/../lib/gcc/arm-none-eabi/4.9.2/thumb\libgcc.a(_udivsi3.o)
 .data          0x03000940        0x0 c:/devkitpro/devkitarm/bin/../lib/gcc/arm-none-eabi/4.9.2/thumb/crtend.o
 .data          0x03000940        0x0 c:/devkitpro/devkitarm/bin/../lib/gcc/arm-none-eabi/4.9.2/thumb/crtn.o
 *(.data.*)
 *(.gnu.linkonce.d*)
                0x03000940                . = ALIGN (0x4)
                0x08004404                __preinit_lma = (__data_lma + SIZEOF (.data))

.igot.plt       0x03000940        0x0 load address 0x08004404
 .igot.plt      0x00000000        0x0 c:/devkitpro/devkitarm/bin/../lib/gcc/arm-none-eabi/4.9.2/../../../../arm-none-eabi/lib/thumb/gba_crt0.o

.tm_clone_table
                0x03000940        0x0 load address 0x08004404
 .tm_clone_table
                0x03000940        0x0 c:/devkitpro/devkitarm/bin/../lib/gcc/arm-none-eabi/4.9.2/thumb/crtbegin.o
 .tm_clone_table
                0x03000940        0x0 c:/devkitpro/devkitarm/bin/../lib/gcc/arm-none-eabi/4.9.2/thumb/crtend.o

.preinit_array  0x03000940        0x0 load address 0x08004404
                0x03000940                __preinit_array_start = ABSOLUTE (.)
 *(.preinit_array)
                0x03000940                __preinit_array_end = ABSOLUTE (.)
                0x08004404                __init_lma = (__preinit_lma + SIZEOF (.preinit_array))

.init_array     0x03000940        0x4 load address 0x08004404
                0x03000940                __init_array_start = ABSOLUTE (.)
 *(SORT(.init_array.*))
 *(.init_array)
 .init_array    0x03000940        0x4 c:/devkitpro/devkitarm/bin/../lib/gcc/arm-none-eabi/4.9.2/thumb/crtbegin.o
                0x03000944                __init_array_end = ABSOLUTE (.)
                0x08004408                __fini_lma = (__init_lma + SIZEOF (.init_array))

.fini_array     0x03000944        0x4 load address 0x08004408
                0x03000944                __fini_array_start = ABSOLUTE (.)
 *(SORT(.fini_array.*))
 *(.fini_array)
 .fini_array    0x03000944        0x4 c:/devkitpro/devkitarm/bin/../lib/gcc/arm-none-eabi/4.9.2/thumb/crtbegin.o
                0x03000948                __fini_array_end = ABSOLUTE (.)
                0x0800440c                __jcr_lma = (__fini_lma + SIZEOF (.fini_array))

.jcr            0x03000948        0x4 load address 0x0800440c
 *(.jcr)
 .jcr           0x03000948        0x0 c:/devkitpro/devkitarm/bin/../lib/gcc/arm-none-eabi/4.9.2/thumb/crtbegin.o
 .jcr           0x03000948        0x4 c:/devkitpro/devkitarm/bin/../lib/gcc/arm-none-eabi/4.9.2/thumb/crtend.o
                0x0300094c                __data_end__ = ABSOLUTE (.)
                0x08004410                __iwram_overlay_lma = (__jcr_lma + SIZEOF (.jcr))
                0x0300094c                __iwram_overlay_start = .

.iwram0         0x0300094c        0x0 load address 0x08004410
 *(.iwram0)
                0x0300094c                . = ALIGN (0x4)
                0x08004410                PROVIDE (__load_start_iwram0, LOADADDR (.iwram0))
                0x08004410                PROVIDE (__load_stop_iwram0, (LOADADDR (.iwram0) + SIZEOF (.iwram0)))

.iwram1         0x0300094c        0x0
 *(.iwram1)
                0x0300094c                . = ALIGN (0x4)
                0x0300094c                PROVIDE (__load_start_iwram1, LOADADDR (.iwram1))
                0x0300094c                PROVIDE (__load_stop_iwram1, (LOADADDR (.iwram1) + SIZEOF (.iwram1)))

.iwram2         0x0300094c        0x0
 *(.iwram2)
                0x0300094c                . = ALIGN (0x4)
                0x0300094c                PROVIDE (__load_start_iwram2, LOADADDR (.iwram2))
                0x0300094c                PROVIDE (__load_stop_iwram2, (LOADADDR (.iwram2) + SIZEOF (.iwram2)))

.iwram3         0x0300094c        0x0
 *(.iwram3)
                0x0300094c                . = ALIGN (0x4)
                0x0300094c                PROVIDE (__load_start_iwram3, LOADADDR (.iwram3))
                0x0300094c                PROVIDE (__load_stop_iwram3, (LOADADDR (.iwram3) + SIZEOF (.iwram3)))

.iwram4         0x0300094c        0x0
 *(.iwram4)
                0x0300094c                . = ALIGN (0x4)
                0x0300094c                PROVIDE (__load_start_iwram4, LOADADDR (.iwram4))
                0x0300094c                PROVIDE (__load_stop_iwram4, (LOADADDR (.iwram4) + SIZEOF (.iwram4)))

.iwram5         0x0300094c        0x0
 *(.iwram5)
                0x0300094c                . = ALIGN (0x4)
                0x0300094c                PROVIDE (__load_start_iwram5, LOADADDR (.iwram5))
                0x0300094c                PROVIDE (__load_stop_iwram5, (LOADADDR (.iwram5) + SIZEOF (.iwram5)))

.iwram6         0x0300094c        0x0
 *(.iwram6)
                0x0300094c                . = ALIGN (0x4)
                0x0300094c                PROVIDE (__load_start_iwram6, LOADADDR (.iwram6))
                0x0300094c                PROVIDE (__load_stop_iwram6, (LOADADDR (.iwram6) + SIZEOF (.iwram6)))

.iwram7         0x0300094c        0x0
 *(.iwram7)
                0x0300094c                . = ALIGN (0x4)
                0x0300094c                PROVIDE (__load_start_iwram7, LOADADDR (.iwram7))
                0x0300094c                PROVIDE (__load_stop_iwram7, (LOADADDR (.iwram7) + SIZEOF (.iwram7)))

.iwram8         0x0300094c        0x0
 *(.iwram8)
                0x0300094c                . = ALIGN (0x4)
                0x0300094c                PROVIDE (__load_start_iwram8, LOADADDR (.iwram8))
                0x0300094c                PROVIDE (__load_stop_iwram8, (LOADADDR (.iwram8) + SIZEOF (.iwram8)))

.iwram9         0x0300094c        0x0
 *(.iwram9)
                0x0300094c                . = ALIGN (0x4)
                0x0300094c                PROVIDE (__load_start_iwram9, LOADADDR (.iwram9))
                0x0300094c                PROVIDE (__load_stop_iwram9, (LOADADDR (.iwram9) + SIZEOF (.iwram9)))
                0x0300094c                __iwram_overlay_end = .
                0x08004410                __ewram_lma = (__iwram_overlay_lma + (__iwram_overlay_end - __iwram_overlay_start))
                0x0300094c                __iheap_start = .
                0x02000000                __ewram_start = ORIGIN (ewram)

.ewram          0x02000000       0x14 load address 0x08004410
 *(.ewram)
 .ewram         0x02000000       0x14 ../../tonclib/lib\libtonc.a(tonc_sbmp16.o)
                0x02000000                m5_surface
                0x02000014                . = ALIGN (0x4)
                0x02000014                __ewram_end = ABSOLUTE (.)
                0x08004424                __pad_lma = (__ewram_lma + SIZEOF (.ewram))

.sbss           0x02000014        0x0
                0x02000014                __sbss_start__ = ABSOLUTE (.)
 *(.sbss)
                0x02000014                . = ALIGN (0x4)
                0x02000014                __sbss_end__ = ABSOLUTE (.)
                0x02000014                __end__ = ABSOLUTE (.)
                0x02000014                __eheap_start = ABSOLUTE (.)

.pad            0x02000014        0x8 load address 0x08004424
                0x02000014        0x4 LONG 0x52416b64
                0x02000018        0x4 LONG 0x4d
                0x0200001c                . = ALIGN (0x4)
                0x0800442c                __rom_end__ = (__pad_lma + SIZEOF (.pad))

.stab
 *(.stab)

.stabstr
 *(.stabstr)

.stab.excl
 *(.stab.excl)

.stab.exclstr
 *(.stab.exclstr)

.stab.index
 *(.stab.index)

.stab.indexstr
 *(.stab.indexstr)

.comment        0x00000000       0x44
 *(.comment)
 .comment       0x00000000       0x22 c:/devkitpro/devkitarm/bin/../lib/gcc/arm-none-eabi/4.9.2/thumb/crtbegin.o
                                 0x23 (size before relaxing)
 .comment       0x00000000       0x23 hello.o
 .comment       0x00000000       0x23 brin.o
 .comment       0x00000000       0x23 metr.o
 .comment       0x00000022       0x22 ../../tonclib/lib\libtonc.a(tonc_input.o)
                                 0x23 (size before relaxing)
 .comment       0x00000000       0x23 ../../tonclib/lib\libtonc.a(tonc_oam.o)
 .comment       0x00000000       0x23 ../../tonclib/lib\libtonc.a(tte_init_se.o)
 .comment       0x00000000       0x23 ../../tonclib/lib\libtonc.a(tte_main.o)
 .comment       0x00000000       0x23 ../../tonclib/lib\libtonc.a(tonc_surface.o)
 .comment       0x00000000       0x23 ../../tonclib/lib\libtonc.a(se_drawg.o)
 .comment       0x00000000       0x23 ../../tonclib/lib\libtonc.a(tonc_sbmp16.o)
 .comment       0x00000000       0x23 c:/devkitpro/devkitarm/bin/../lib/gcc/arm-none-eabi/4.9.2/../../../../arm-none-eabi/lib/thumb\libc.a(lib_a-ctype_.o)
 .comment       0x00000000       0x23 c:/devkitpro/devkitarm/bin/../lib/gcc/arm-none-eabi/4.9.2/../../../../arm-none-eabi/lib/thumb\libc.a(lib_a-init.o)
 .comment       0x00000000       0x23 c:/devkitpro/devkitarm/bin/../lib/gcc/arm-none-eabi/4.9.2/../../../../arm-none-eabi/lib/thumb\libc.a(lib_a-memcpy-stub.o)
 .comment       0x00000000       0x23 c:/devkitpro/devkitarm/bin/../lib/gcc/arm-none-eabi/4.9.2/../../../../arm-none-eabi/lib/thumb\libc.a(lib_a-memset.o)
 .comment       0x00000000       0x23 c:/devkitpro/devkitarm/bin/../lib/gcc/arm-none-eabi/4.9.2/../../../../arm-none-eabi/lib/thumb\libc.a(lib_a-strtol.o)
 .comment       0x00000000       0x23 c:/devkitpro/devkitarm/bin/../lib/gcc/arm-none-eabi/4.9.2/../../../../arm-none-eabi/lib/thumb\libc.a(lib_a-impure.o)
 .comment       0x00000000       0x23 c:/devkitpro/devkitarm/bin/../lib/gcc/arm-none-eabi/4.9.2/../../../../arm-none-eabi/lib/thumb\libsysbase.a(malloc_vars.o)
 .comment       0x00000000       0x23 c:/devkitpro/devkitarm/bin/../lib/gcc/arm-none-eabi/4.9.2/thumb/crtend.o

.debug
 *(.debug)

.line
 *(.line)

.debug_srcinfo
 *(.debug_srcinfo)

.debug_sfnames
 *(.debug_sfnames)

.debug_aranges
 *(.debug_aranges)

.debug_pubnames
 *(.debug_pubnames)

.debug_info
 *(.debug_info)

.debug_abbrev
 *(.debug_abbrev)

.debug_line
 *(.debug_line)

.debug_frame
 *(.debug_frame)

.debug_str
 *(.debug_str)

.debug_loc
 *(.debug_loc)

.debug_macinfo
 *(.debug_macinfo)

.debug_weaknames
 *(.debug_weaknames)

.debug_funcnames
 *(.debug_funcnames)

.debug_typenames
 *(.debug_typenames)

.debug_varnames
 *(.debug_varnames)

.stack          0x00080000        0x0
                0x00080000                _stack = .
 *(.stack)

.note.gnu.arm.ident
 *(.note.gnu.arm.ident)

.ARM.attributes
                0x00000000       0x2d
 *(.ARM.attributes)
 .ARM.attributes
                0x00000000       0x16 c:/devkitpro/devkitarm/bin/../lib/gcc/arm-none-eabi/4.9.2/../../../../arm-none-eabi/lib/thumb/gba_crt0.o
 .ARM.attributes
                0x00000016       0x16 c:/devkitpro/devkitarm/bin/../lib/gcc/arm-none-eabi/4.9.2/thumb/crti.o
 .ARM.attributes
                0x0000002c       0x30 c:/devkitpro/devkitarm/bin/../lib/gcc/arm-none-eabi/4.9.2/thumb/crtbegin.o
 .ARM.attributes
                0x0000005c       0x30 hello.o
 .ARM.attributes
                0x0000008c       0x30 brin.o
 .ARM.attributes
                0x000000bc       0x30 metr.o
 .ARM.attributes
                0x000000ec       0x32 ../../tonclib/lib\libtonc.a(tonc_input.o)
 .ARM.attributes
                0x0000011e       0x32 ../../tonclib/lib\libtonc.a(tonc_oam.o)
 .ARM.attributes
                0x00000150       0x32 ../../tonclib/lib\libtonc.a(tte_init_se.o)
 .ARM.attributes
                0x00000182       0x32 ../../tonclib/lib\libtonc.a(tte_main.o)
 .ARM.attributes
                0x000001b4       0x16 ../../tonclib/lib\libtonc.a(tonc_bios.o)
 .ARM.attributes
                0x000001ca       0x16 ../../tonclib/lib\libtonc.a(tonc_bios_ex.o)
 .ARM.attributes
                0x000001e0       0x18 ../../tonclib/lib\libtonc.a(tonc_memcpy.o)
 .ARM.attributes
                0x000001f8       0x16 ../../tonclib/lib\libtonc.a(sys8.o)
 .ARM.attributes
                0x0000020e       0x32 ../../tonclib/lib\libtonc.a(tonc_surface.o)
 .ARM.attributes
                0x00000240       0x32 ../../tonclib/lib\libtonc.a(se_drawg.o)
 .ARM.attributes
                0x00000272       0x32 ../../tonclib/lib\libtonc.a(tonc_sbmp16.o)
 .ARM.attributes
                0x000002a4       0x18 ../../tonclib/lib\libtonc.a(tonc_memset.o)
 .ARM.attributes
                0x000002bc       0x18 c:/devkitpro/devkitarm/bin/../lib/gcc/arm-none-eabi/4.9.2/thumb\libgcc.a(_divsi3.o)
 .ARM.attributes
                0x000002d4       0x16 c:/devkitpro/devkitarm/bin/../lib/gcc/arm-none-eabi/4.9.2/thumb\libgcc.a(_dvmd_tls.o)
 .ARM.attributes
                0x000002ea       0x30 c:/devkitpro/devkitarm/bin/../lib/gcc/arm-none-eabi/4.9.2/../../../../arm-none-eabi/lib/thumb\libc.a(lib_a-ctype_.o)
 .ARM.attributes
                0x0000031a       0x30 c:/devkitpro/devkitarm/bin/../lib/gcc/arm-none-eabi/4.9.2/../../../../arm-none-eabi/lib/thumb\libc.a(lib_a-init.o)
 .ARM.attributes
                0x0000034a       0x30 c:/devkitpro/devkitarm/bin/../lib/gcc/arm-none-eabi/4.9.2/../../../../arm-none-eabi/lib/thumb\libc.a(lib_a-memcpy-stub.o)
 .ARM.attributes
                0x0000037a       0x30 c:/devkitpro/devkitarm/bin/../lib/gcc/arm-none-eabi/4.9.2/../../../../arm-none-eabi/lib/thumb\libc.a(lib_a-memset.o)
 .ARM.attributes
                0x000003aa       0x30 c:/devkitpro/devkitarm/bin/../lib/gcc/arm-none-eabi/4.9.2/../../../../arm-none-eabi/lib/thumb\libc.a(lib_a-strtol.o)
 .ARM.attributes
                0x000003da       0x30 c:/devkitpro/devkitarm/bin/../lib/gcc/arm-none-eabi/4.9.2/../../../../arm-none-eabi/lib/thumb\libc.a(lib_a-impure.o)
 .ARM.attributes
                0x0000040a       0x30 c:/devkitpro/devkitarm/bin/../lib/gcc/arm-none-eabi/4.9.2/../../../../arm-none-eabi/lib/thumb\libsysbase.a(malloc_vars.o)
 .ARM.attributes
                0x0000043a       0x18 c:/devkitpro/devkitarm/bin/../lib/gcc/arm-none-eabi/4.9.2/thumb\libgcc.a(_udivsi3.o)
 .ARM.attributes
                0x00000452       0x30 c:/devkitpro/devkitarm/bin/../lib/gcc/arm-none-eabi/4.9.2/thumb/crtend.o
 .ARM.attributes
                0x00000482       0x16 c:/devkitpro/devkitarm/bin/../lib/gcc/arm-none-eabi/4.9.2/thumb/crtn.o

/DISCARD/
 *(.note.GNU-stack)
LOAD c:/devkitpro/devkitarm/bin/../lib/gcc/arm-none-eabi/4.9.2/../../../../arm-none-eabi/lib/thumb/gba_crt0.o
LOAD c:/devkitpro/devkitarm/bin/../lib/gcc/arm-none-eabi/4.9.2/thumb/crti.o
LOAD c:/devkitpro/devkitarm/bin/../lib/gcc/arm-none-eabi/4.9.2/thumb/crtbegin.o
LOAD hello.o
LOAD brin.o
LOAD metr.o
LOAD ../../tonclib/lib\libtonc.a
START GROUP
LOAD c:/devkitpro/devkitarm/bin/../lib/gcc/arm-none-eabi/4.9.2/thumb\libgcc.a
LOAD c:/devkitpro/devkitarm/bin/../lib/gcc/arm-none-eabi/4.9.2/../../../../arm-none-eabi/lib/thumb\libc.a
LOAD c:/devkitpro/devkitarm/bin/../lib/gcc/arm-none-eabi/4.9.2/../../../../arm-none-eabi/lib/thumb\libsysbase.a
END GROUP
LOAD c:/devkitpro/devkitarm/bin/../lib/gcc/arm-none-eabi/4.9.2/thumb/crtend.o
LOAD c:/devkitpro/devkitarm/bin/../lib/gcc/arm-none-eabi/4.9.2/thumb/crtn.o
OUTPUT(hello.elf elf32-littlearm)
