Archive member included to satisfy reference by file (symbol)

C:/devkitPro/libtonc/lib\libtonc.a(tonc_oam.o)
                              main.o (oam_init)
C:/devkitPro/libtonc/lib\libtonc.a(tonc_input.o)
                              main.o (key_poll)
C:/devkitPro/libtonc/lib\libtonc.a(tte_main.o)
                              main.o (tte_write)
C:/devkitPro/libtonc/lib\libtonc.a(tte_init_se.o)
                              main.o (tte_init_se)
C:/devkitPro/libtonc/lib\libtonc.a(tonc_bios.o)
                              C:/devkitPro/libtonc/lib\libtonc.a(tonc_input.o) (VBlankIntrWait)
C:/devkitPro/libtonc/lib\libtonc.a(tonc_memcpy.o)
                              main.o (memcpy32)
C:/devkitPro/libtonc/lib\libtonc.a(tonc_bios_ex.o)
                              C:/devkitPro/libtonc/lib\libtonc.a(tte_main.o) (VBlankIntrDelay)
C:/devkitPro/libtonc/lib\libtonc.a(sys8.o)
                              main.o (sys8Font)
C:/devkitPro/libtonc/lib\libtonc.a(tonc_surface.o)
                              C:/devkitPro/libtonc/lib\libtonc.a(tte_init_se.o) (srf_init)
C:/devkitPro/libtonc/lib\libtonc.a(se_drawg.o)
                              C:/devkitPro/libtonc/lib\libtonc.a(tte_init_se.o) (se_erase)
C:/devkitPro/libtonc/lib\libtonc.a(tonc_sbmp16.o)
                              C:/devkitPro/libtonc/lib\libtonc.a(se_drawg.o) (sbmp16_rect)
C:/devkitPro/libtonc/lib\libtonc.a(tonc_memset.o)
                              C:/devkitPro/libtonc/lib\libtonc.a(tonc_sbmp16.o) (memset16)
C:/devkitPro/devkitARM/bin/../lib/gcc/arm-none-eabi/14.2.0/thumb\libgcc.a(_divsi3.o)
                              C:/devkitPro/libtonc/lib\libtonc.a(tte_main.o) (__aeabi_idiv)
C:/devkitPro/devkitARM/bin/../lib/gcc/arm-none-eabi/14.2.0/thumb\libgcc.a(_dvmd_tls.o)
                              C:/devkitPro/devkitARM/bin/../lib/gcc/arm-none-eabi/14.2.0/thumb\libgcc.a(_divsi3.o) (__aeabi_idiv0)
C:/devkitPro/devkitARM/bin/../lib/gcc/arm-none-eabi/14.2.0/thumb\libgcc.a(_sync_none.o)
                              (__sync_synchronize_none)
C:/devkitPro/devkitARM/bin/../lib/gcc/arm-none-eabi/14.2.0/../../../../arm-none-eabi/lib/thumb\libc.a(libc_a-rand.o)
                              main.o (srand)
C:/devkitPro/devkitARM/bin/../lib/gcc/arm-none-eabi/14.2.0/../../../../arm-none-eabi/lib/thumb\libc.a(libc_a-sprintf.o)
                              main.o (sprintf)
C:/devkitPro/devkitARM/bin/../lib/gcc/arm-none-eabi/14.2.0/../../../../arm-none-eabi/lib/thumb\libc.a(libc_a-svfprintf.o)
                              C:/devkitPro/devkitARM/bin/../lib/gcc/arm-none-eabi/14.2.0/../../../../arm-none-eabi/lib/thumb\libc.a(libc_a-sprintf.o) (_svfprintf_r)
C:/devkitPro/devkitARM/bin/../lib/gcc/arm-none-eabi/14.2.0/../../../../arm-none-eabi/lib/thumb\libc.a(libc_a-strtol.o)
                              C:/devkitPro/libtonc/lib\libtonc.a(tte_main.o) (strtol)
C:/devkitPro/devkitARM/bin/../lib/gcc/arm-none-eabi/14.2.0/../../../../arm-none-eabi/lib/thumb\libc.a(libc_a-errno.o)
                              C:/devkitPro/devkitARM/bin/../lib/gcc/arm-none-eabi/14.2.0/../../../../arm-none-eabi/lib/thumb\libc.a(libc_a-strtol.o) (__errno)
C:/devkitPro/devkitARM/bin/../lib/gcc/arm-none-eabi/14.2.0/../../../../arm-none-eabi/lib/thumb\libc.a(libc_a-memcpy-stub.o)
                              main.o (memcpy)
C:/devkitPro/devkitARM/bin/../lib/gcc/arm-none-eabi/14.2.0/../../../../arm-none-eabi/lib/thumb\libc.a(libc_a-ctype_.o)
                              C:/devkitPro/libtonc/lib\libtonc.a(tte_main.o) (_ctype_)
C:/devkitPro/devkitARM/bin/../lib/gcc/arm-none-eabi/14.2.0/../../../../arm-none-eabi/lib/thumb\libc.a(libc_a-time.o)
                              main.o (time)
C:/devkitPro/devkitARM/bin/../lib/gcc/arm-none-eabi/14.2.0/../../../../arm-none-eabi/lib/thumb\libc.a(libc_a-memset.o)
                              C:/devkitPro/libtonc/lib\libtonc.a(tte_main.o) (memset)
C:/devkitPro/devkitARM/bin/../lib/gcc/arm-none-eabi/14.2.0/../../../../arm-none-eabi/lib/thumb\libc.a(libc_a-strncpy.o)
                              C:/devkitPro/devkitARM/bin/../lib/gcc/arm-none-eabi/14.2.0/../../../../arm-none-eabi/lib/thumb\libc.a(libc_a-svfprintf.o) (strncpy)
C:/devkitPro/devkitARM/bin/../lib/gcc/arm-none-eabi/14.2.0/../../../../arm-none-eabi/lib/thumb\libc.a(libc_a-wcsrtombs.o)
                              C:/devkitPro/devkitARM/bin/../lib/gcc/arm-none-eabi/14.2.0/../../../../arm-none-eabi/lib/thumb\libc.a(libc_a-svfprintf.o) (_wcsrtombs_r)
C:/devkitPro/devkitARM/bin/../lib/gcc/arm-none-eabi/14.2.0/../../../../arm-none-eabi/lib/thumb\libc.a(libc_a-svfiprintf.o)
                              C:/devkitPro/devkitARM/bin/../lib/gcc/arm-none-eabi/14.2.0/../../../../arm-none-eabi/lib/thumb\libc.a(libc_a-svfprintf.o) (__chclass)
C:/devkitPro/devkitARM/bin/../lib/gcc/arm-none-eabi/14.2.0/../../../../arm-none-eabi/lib/thumb\libc.a(libc_a-init.o)
[...]
Memory Configuration

Name             Origin             Length             Attributes
rom              0x08000000         0x02000000
iwram            0x03000000         0x00008000
ewram            0x02000000         0x00040000
*default*        0x00000000         0xffffffff

Linker script and memory map

                0x00000000                        __sync_synchronize = __sync_synchronize_none
                0x08000000                        __text_start = ORIGIN (rom)
                0x02040000                        __eheap_end = (ORIGIN (ewram) + LENGTH (ewram))
                0x03000000                        __iwram_start = ORIGIN (iwram)
                0x03008000                        __iwram_top = (ORIGIN (iwram) + LENGTH (iwram))
                0x03007fa0                        __sp_irq = (__iwram_top - 0x60)
                0x03007f00                        __sp_usr = (__sp_irq - 0xa0)
                0x03007ff8                        __irq_flags = 0x3007ff8
                0x08000000                        . = __text_start

.crt0           0x08000000      0x210
 *(.crt0)
 .crt0          0x08000000      0x210 C:/devkitPro/devkitARM/bin/../lib/gcc/arm-none-eabi/14.2.0/../../../../arm-none-eabi/lib/thumb/gba_crt0.o
                0x08000000                _start
                0x080000c4                __boot_method
                0x080000c5                __slave_number
                0x080000e0                start_vector
                0x08000210                        . = ALIGN (0x4)

.init           0x08000210        0xc
 *(SORT_NONE(.init))
 .init          0x08000210        0x4 C:/devkitPro/devkitARM/bin/../lib/gcc/arm-none-eabi/14.2.0/thumb/crti.o
                0x08000210                _init
 .init          0x08000214        0x8 C:/devkitPro/devkitARM/bin/../lib/gcc/arm-none-eabi/14.2.0/thumb/crtn.o

.plt            0x0800021c        0x0
 *(.plt)
                0x0800021c                        . = ALIGN (0x4)

.text           0x08000220     0xc880
 *(EXCLUDE_FILE(*.iwram*) .text*)
 .text.__do_global_dtors_aux
                0x08000220       0x2c C:/devkitPro/devkitARM/bin/../lib/gcc/arm-none-eabi/14.2.0/thumb/crtbegin.o
 .text.frame_dummy
                0x0800024c       0x24 C:/devkitPro/devkitARM/bin/../lib/gcc/arm-none-eabi/14.2.0/thumb/crtbegin.o
 .text.update_pause
                0x08000270       0xf8 main.o
                0x08000270                update_pause
 .text.update_gameover
                0x08000368      0x1b4 main.o
                0x08000368                update_gameover
 .text.obj_shoot
                0x0800051c       0x60 main.o
                0x0800051c                obj_shoot
 .text.shootUpdate
                0x0800057c       0xb0 main.o
                0x0800057c                shootUpdate
 .text.init     0x0800062c      0x30c main.o
                0x0800062c                init
 .text.obj_playButton
                0x08000938      0x124 main.o
                0x08000938                obj_playButton
 .text.enemyState
                0x08000a5c      0x1ac main.o
                0x08000a5c                enemyState
 .text.obj_enemy
                0x08000c08      0x120 main.o
                0x08000c08                obj_enemy
 .text.health   0x08000d28       0xe0 main.o
                0x08000d28                health
 .text.playerCollision
                0x08000e08       0xc8 main.o
                0x08000e08                playerCollision
 .text.createPowerUp
                0x08000ed0       0xa8 main.o
                0x08000ed0                createPowerUp
 .text.shootCollision
                0x08000f78       0xe0 main.o
                0x08000f78                shootCollision
 .text.powerUpCollision
                0x08001058      0x16c main.o
                0x08001058                powerUpCollision
 .text.obj_player
                0x080011c4      0x3c0 main.o
                0x080011c4                obj_player
 .text.powerUpUpdate
                0x08001584      0x1b0 main.o
                0x08001584                powerUpUpdate
 .text.update_gameplay
                0x08001734       0x4c main.o
                0x08001734                update_gameplay
 .text.startup.main
                0x08001780      0x370 main.o
                0x08001780                main
 .text          0x08001af0       0xbc C:/devkitPro/libtonc/lib\libtonc.a(tonc_oam.o)
                0x08001af0                oam_init
                0x08001b38                obj_copy
                0x08001b58                obj_hide_multi
                0x08001b80                obj_unhide_multi
 .text          0x08001bac       0xa8 C:/devkitPro/libtonc/lib\libtonc.a(tonc_input.o)
                0x08001bac                key_poll
                0x08001c00                key_wait_till_hit
                0x08001c24                key_repeat
                0x08001c30                key_repeat_mask
                0x08001c40                key_repeat_limits
 .text          0x08001c54      0x958 C:/devkitPro/libtonc/lib\libtonc.a(tte_main.o)
                0x08001c54                dummy_drawg
                0x08001c58                dummy_erase
                0x08001c5c                tte_set_context
                0x08001c74                tte_set_color_attr
                0x08001c84                tte_set_color_attrs
                0x08001ca0                tte_set_color
                0x08001cc0                tte_set_colors
                0x08001d00                tte_init_base
                0x08001d94                utf8_decode_char
                0x08001e48                tte_cmd_skip
                0x08001e58                tte_cmd_next
                0x08001e90                tte_putc
                0x08001ee0                tte_erase_rect
                0x08001efc                tte_erase_screen
                0x08001f20                tte_erase_line
                0x08001f48                tte_cmd_default
                0x0800239c                tte_write
                0x08002488                tte_write_ex
                0x080024b8                tte_get_text_size
                0x0800258c                tte_set_margins
 .text          0x080025ac      0x164 C:/devkitPro/libtonc/lib\libtonc.a(tte_init_se.o)
                0x080025ac                tte_init_se
 .text          0x08002710       0x8c C:/devkitPro/libtonc/lib\libtonc.a(tonc_bios.o)
                0x08002710                SoftReset
                0x08002714                RegisterRamReset
                0x08002718                Halt
                0x0800271c                Stop
                0x08002720                IntrWait
                0x08002724                VBlankIntrWait
                0x08002728                Div
                0x0800272c                DivArm
                0x08002730                Sqrt
                0x08002734                ArcTan
                0x08002738                ArcTan2
                0x0800273c                CpuSet
                0x08002740                CpuFastSet
                0x08002744                BiosCheckSum
                0x08002748                BgAffineSet
                0x0800274c                ObjAffineSet
                0x08002750                BitUnPack
                0x08002754                LZ77UnCompWram
                0x08002758                LZ77UnCompVram
                0x0800275c                HuffUnComp
                0x08002760                RLUnCompWram
                0x08002764                RLUnCompVram
                0x08002768                Diff8bitUnFilterWram
                0x0800276c                Diff8bitUnFilterVram
                0x08002770                Diff16bitUnFilter
                0x08002774                SoundBias
                0x08002778                SoundDriverInit
                0x0800277c                SoundDriverMode
                0x08002780                SoundDriverMain
                0x08002784                SoundDriverVSync
                0x08002788                SoundChannelClear
                0x0800278c                MidiKey2Freq
                0x08002790                MultiBoot
                0x08002794                SoundDriverVSyncOff
                0x08002798                SoundDriverVSyncOn
 .text          0x0800279c       0x44 C:/devkitPro/libtonc/lib\libtonc.a(tonc_memcpy.o)
                0x0800279c                memcpy16
 .text          0x080027e0       0x54 C:/devkitPro/libtonc/lib\libtonc.a(tonc_bios_ex.o)
                0x080027e0                VBlankIntrDelay
                0x080027f0                DivSafe
                0x08002804                Mod
                0x0800280c                DivAbs
                0x08002814                DivArmMod
                0x0800281c                DivArmAbs
                0x08002824                CpuFastFill
 .text          0x08002834      0x16c C:/devkitPro/libtonc/lib\libtonc.a(tonc_surface.o)
                0x08002834                srf_init
                0x080028fc                srf_pal_copy
                0x08002924                srf_get_ptr
 .text          0x080029a0      0x174 C:/devkitPro/libtonc/lib\libtonc.a(se_drawg.o)
                0x080029a0                se_erase
                0x080029cc                se_drawg_w8h8
                0x080029fc                se_drawg_w8h16
                0x08002a3c                se_drawg
                0x08002aa8                se_drawg_s
 .text          0x08002b14      0x4cc C:/devkitPro/libtonc/lib\libtonc.a(tonc_sbmp16.o)
                0x08002b14                sbmp16_get_pixel
                0x08002b24                sbmp16_plot
                0x08002b38                sbmp16_vline
                0x08002b70                sbmp16_line
                0x08002c2c                sbmp16_hline
                0x08002c5c                sbmp16_blit
                0x08002da4                sbmp16_rect
                0x08002e10                sbmp16_frame
                0x08002ea0                sbmp16_floodfill_internal
                0x08002fb4                sbmp16_floodfill
 .text          0x08002fe0       0x3c C:/devkitPro/libtonc/lib\libtonc.a(tonc_memset.o)
                0x08002fe0                memset16
 .text          0x0800301c      0x150 C:/devkitPro/devkitARM/bin/../lib/gcc/arm-none-eabi/14.2.0/thumb\libgcc.a(_divsi3.o)
                0x0800301c                __divsi3
                0x0800301c                __aeabi_idiv
                0x0800314c                __aeabi_idivmod
 .text          0x0800316c        0x4 C:/devkitPro/devkitARM/bin/../lib/gcc/arm-none-eabi/14.2.0/thumb\libgcc.a(_dvmd_tls.o)
                0x0800316c                __aeabi_idiv0
                0x0800316c                __aeabi_ldiv0
 .text.srand    0x08003170       0x18 C:/devkitPro/devkitARM/bin/../lib/gcc/arm-none-eabi/14.2.0/../../../../arm-none-eabi/lib/thumb\libc.a(libc_a-rand.o)
                0x08003170                srand
 .text.rand     0x08003188       0x34 C:/devkitPro/devkitARM/bin/../lib/gcc/arm-none-eabi/14.2.0/../../../../arm-none-eabi/lib/thumb\libc.a(libc_a-rand.o)
                0x08003188                rand
 .text.sprintf  0x080031bc       0x44 C:/devkitPro/devkitARM/bin/../lib/gcc/arm-none-eabi/14.2.0/../../../../arm-none-eabi/lib/thumb\libc.a(libc_a-sprintf.o)
                0x080031bc                sprintf
 .text.get_arg  0x08003200      0x428 C:/devkitPro/devkitARM/bin/../lib/gcc/arm-none-eabi/14.2.0/../../../../arm-none-eabi/lib/thumb\libc.a(libc_a-svfprintf.o)
 .text._svfprintf_r
                0x08003628     0x23dc C:/devkitPro/devkitARM/bin/../lib/gcc/arm-none-eabi/14.2.0/../../../../arm-none-eabi/lib/thumb\libc.a(libc_a-svfprintf.o)
                0x08003628                _svfprintf_r
 .text._strtol_l.part.0
                0x08005a04      0x25c C:/devkitPro/devkitARM/bin/../lib/gcc/arm-none-eabi/14.2.0/../../../../arm-none-eabi/lib/thumb\libc.a(libc_a-strtol.o)
 .text.strtol   0x08005c60       0x38 C:/devkitPro/devkitARM/bin/../lib/gcc/arm-none-eabi/14.2.0/../../../../arm-none-eabi/lib/thumb\libc.a(libc_a-strtol.o)
                0x08005c60                strtol
 .text.__errno  0x08005c98        0xc C:/devkitPro/devkitARM/bin/../lib/gcc/arm-none-eabi/14.2.0/../../../../arm-none-eabi/lib/thumb\libc.a(libc_a-errno.o)
                0x08005c98                __errno
 .text.memcpy   0x08005ca4       0xb0 C:/devkitPro/devkitARM/bin/../lib/gcc/arm-none-eabi/14.2.0/../../../../arm-none-eabi/lib/thumb\libc.a(libc_a-memcpy-stub.o)
                0x08005ca4                memcpy
 .text.time     0x08005d54       0x38 C:/devkitPro/devkitARM/bin/../lib/gcc/arm-none-eabi/14.2.0/../../../../arm-none-eabi/lib/thumb\libc.a(libc_a-time.o)
                0x08005d54                time
 .text.memset   0x08005d8c       0x98 C:/devkitPro/devkitARM/bin/../lib/gcc/arm-none-eabi/14.2.0/../../../../arm-none-eabi/lib/thumb\libc.a(libc_a-memset.o)
                0x08005d8c                memset
 .text.strncpy  0x08005e24       0x68 C:/devkitPro/devkitARM/bin/../lib/gcc/arm-none-eabi/14.2.0/../../../../arm-none-eabi/lib/thumb\libc.a(libc_a-strncpy.o)
                0x08005e24                strncpy
 .text._wcsrtombs_r
                0x08005e8c       0x1c C:/devkitPro/devkitARM/bin/../lib/gcc/arm-none-eabi/14.2.0/../../../../arm-none-eabi/lib/thumb\libc.a(libc_a-wcsrtombs.o)
                0x08005e8c                _wcsrtombs_r
 .text.__libc_init_array
                0x08005ea8       0x54 C:/devkitPro/devkitARM/bin/../lib/gcc/arm-none-eabi/14.2.0/../../../../arm-none-eabi/lib/thumb\libc.a(libc_a-init.o)
                0x08005ea8                __libc_init_array
 .text.frexp    0x08005efc       0x6c C:/devkitPro/devkitARM/bin/../lib/gcc/arm-none-eabi/14.2.0/../../../../arm-none-eabi/lib/thumb\libc.a(libm_a-s_frexp.o)
                0x08005efc                frexp
 .text.strlen   0x08005f68       0x60 C:/devkitPro/devkitARM/bin/../lib/gcc/arm-none-eabi/14.2.0/../../../../arm-none-eabi/lib/thumb\libc.a(libc_a-strlen-stub.o)
                0x08005f68                strlen
 .text.__locale_mb_cur_max
                0x08005fc8       0x20 C:/devkitPro/devkitARM/bin/../lib/gcc/arm-none-eabi/14.2.0/../../../../arm-none-eabi/lib/thumb\libc.a(libc_a-locale.o)
                0x08005fc8                __locale_mb_cur_max
 .text.__ssprint_r
                0x08005fe8       0x60 C:/devkitPro/devkitARM/bin/../lib/gcc/arm-none-eabi/14.2.0/../../../../arm-none-eabi/lib/thumb\libc.a(libc_a-ssprint_r.o)
                0x08005fe8                __ssprint_r
 .text.memchr   0x08006048       0x80 C:/devkitPro/devkitARM/bin/../lib/gcc/arm-none-eabi/14.2.0/../../../../arm-none-eabi/lib/thumb\libc.a(libc_a-memchr-stub.o)
                0x08006048                memchr
 .text._wcsnrtombs_l
                0x080060c8      0x10c C:/devkitPro/devkitARM/bin/../lib/gcc/arm-none-eabi/14.2.0/../../../../arm-none-eabi/lib/thumb\libc.a(libc_a-wcsnrtombs.o)
                0x080060c8                _wcsnrtombs_l
 .text._wcsnrtombs_r
                0x080061d4       0x40 C:/devkitPro/devkitARM/bin/../lib/gcc/arm-none-eabi/14.2.0/../../../../arm-none-eabi/lib/thumb\libc.a(libc_a-wcsnrtombs.o)
                0x080061d4                _wcsnrtombs_r
 .text.__utf8_mbtowc
                0x08006214      0x234 C:/devkitPro/devkitARM/bin/../lib/gcc/arm-none-eabi/14.2.0/../../../../arm-none-eabi/lib/thumb\libc.a(libc_a-mbtowc_r.o)
                0x08006214                __utf8_mbtowc
 .text._localeconv_r
                0x08006448       0x1c C:/devkitPro/devkitARM/bin/../lib/gcc/arm-none-eabi/14.2.0/../../../../arm-none-eabi/lib/thumb\libc.a(libc_a-localeconv.o)
                0x08006448                _localeconv_r
 .text._malloc_r
                0x08006464      0x588 C:/devkitPro/devkitARM/bin/../lib/gcc/arm-none-eabi/14.2.0/../../../../arm-none-eabi/lib/thumb\libc.a(libc_a-mallocr.o)
                0x08006464                _malloc_r
 .text.quorem   0x080069ec      0x154 C:/devkitPro/devkitARM/bin/../lib/gcc/arm-none-eabi/14.2.0/../../../../arm-none-eabi/lib/thumb\libc.a(libc_a-dtoa.o)
 .text._dtoa_r  0x08006b40     0x1140 C:/devkitPro/devkitARM/bin/../lib/gcc/arm-none-eabi/14.2.0/../../../../arm-none-eabi/lib/thumb\libc.a(libc_a-dtoa.o)
                0x08006b40                _dtoa_r
 .text._wcrtomb_r
                0x08007c80       0x84 C:/devkitPro/devkitARM/bin/../lib/gcc/arm-none-eabi/14.2.0/../../../../arm-none-eabi/lib/thumb\libc.a(libc_a-wcrtomb.o)
                0x08007c80                _wcrtomb_r
 .text._malloc_trim_r
                0x08007d04       0xac C:/devkitPro/devkitARM/bin/../lib/gcc/arm-none-eabi/14.2.0/../../../../arm-none-eabi/lib/thumb\libc.a(libc_a-freer.o)
                0x08007d04                _malloc_trim_r
 .text._free_r  0x08007db0      0x1f4 C:/devkitPro/devkitARM/bin/../lib/gcc/arm-none-eabi/14.2.0/../../../../arm-none-eabi/lib/thumb\libc.a(libc_a-freer.o)
                0x08007db0                _free_r
 .text.__ssputs_r
                0x08007fa4       0xd4 C:/devkitPro/devkitARM/bin/../lib/gcc/arm-none-eabi/14.2.0/../../../../arm-none-eabi/lib/thumb\libc.a(libc_a-ssputs_r.o)
                0x08007fa4                __ssputs_r
 .text.__malloc_lock
                0x08008078       0x14 C:/devkitPro/devkitARM/bin/../lib/gcc/arm-none-eabi/14.2.0/../../../../arm-none-eabi/lib/thumb\libc.a(libc_a-mlock.o)
                0x08008078                __malloc_lock
 .text.__malloc_unlock
                0x0800808c       0x14 C:/devkitPro/devkitARM/bin/../lib/gcc/arm-none-eabi/14.2.0/../../../../arm-none-eabi/lib/thumb\libc.a(libc_a-mlock.o)
                0x0800808c                __malloc_unlock
 .text.__utf8_wctomb
                0x080080a0       0xb4 C:/devkitPro/devkitARM/bin/../lib/gcc/arm-none-eabi/14.2.0/../../../../arm-none-eabi/lib/thumb\libc.a(libc_a-wctomb_r.o)
                0x080080a0                __utf8_wctomb
 .text.memmove  0x08008154       0xcc C:/devkitPro/devkitARM/bin/../lib/gcc/arm-none-eabi/14.2.0/../../../../arm-none-eabi/lib/thumb\libc.a(libc_a-memmove.o)
                0x08008154                memmove
 .text.__assert_func
                0x08008220       0x40 C:/devkitPro/devkitARM/bin/../lib/gcc/arm-none-eabi/14.2.0/../../../../arm-none-eabi/lib/thumb\libc.a(libc_a-assert.o)
                0x08008220                __assert_func
 .text._Balloc  0x08008260       0x54 C:/devkitPro/devkitARM/bin/../lib/gcc/arm-none-eabi/14.2.0/../../../../arm-none-eabi/lib/thumb\libc.a(libc_a-mprec.o)
                0x08008260                _Balloc
 .text._Bfree   0x080082b4       0x14 C:/devkitPro/devkitARM/bin/../lib/gcc/arm-none-eabi/14.2.0/../../../../arm-none-eabi/lib/thumb\libc.a(libc_a-mprec.o)
                0x080082b4                _Bfree
 .text.__multadd
                0x080082c8       0xa8 C:/devkitPro/devkitARM/bin/../lib/gcc/arm-none-eabi/14.2.0/../../../../arm-none-eabi/lib/thumb\libc.a(libc_a-mprec.o)
                0x080082c8                __multadd
 .text.__hi0bits
                0x08008370       0x60 C:/devkitPro/devkitARM/bin/../lib/gcc/arm-none-eabi/14.2.0/../../../../arm-none-eabi/lib/thumb\libc.a(libc_a-mprec.o)
                0x08008370                __hi0bits
 .text.__lo0bits
                0x080083d0       0x94 C:/devkitPro/devkitARM/bin/../lib/gcc/arm-none-eabi/14.2.0/../../../../arm-none-eabi/lib/thumb\libc.a(libc_a-mprec.o)
                0x080083d0                __lo0bits
 .text.__i2b    0x08008464       0x64 C:/devkitPro/devkitARM/bin/../lib/gcc/arm-none-eabi/14.2.0/../../../../arm-none-eabi/lib/thumb\libc.a(libc_a-mprec.o)
                0x08008464                __i2b
 .text.__multiply
                0x080084c8      0x1b4 C:/devkitPro/devkitARM/bin/../lib/gcc/arm-none-eabi/14.2.0/../../../../arm-none-eabi/lib/thumb\libc.a(libc_a-mprec.o)
                0x080084c8                __multiply
 .text.__pow5mult
                0x0800867c       0xdc C:/devkitPro/devkitARM/bin/../lib/gcc/arm-none-eabi/14.2.0/../../../../arm-none-eabi/lib/thumb\libc.a(libc_a-mprec.o)
                0x0800867c                __pow5mult
 .text.__lshift
                0x08008758      0x100 C:/devkitPro/devkitARM/bin/../lib/gcc/arm-none-eabi/14.2.0/../../../../arm-none-eabi/lib/thumb\libc.a(libc_a-mprec.o)
                0x08008758                __lshift
 .text.__mcmp   0x08008858       0x40 C:/devkitPro/devkitARM/bin/../lib/gcc/arm-none-eabi/14.2.0/../../../../arm-none-eabi/lib/thumb\libc.a(libc_a-mprec.o)
                0x08008858                __mcmp
 .text.__mdiff  0x08008898      0x1ac C:/devkitPro/devkitARM/bin/../lib/gcc/arm-none-eabi/14.2.0/../../../../arm-none-eabi/lib/thumb\libc.a(libc_a-mprec.o)
                0x08008898                __mdiff
 .text.__d2b    0x08008a44       0xc8 C:/devkitPro/devkitARM/bin/../lib/gcc/arm-none-eabi/14.2.0/../../../../arm-none-eabi/lib/thumb\libc.a(libc_a-mprec.o)
                0x08008a44                __d2b
 .text.fiprintf
                0x08008b0c       0x28 C:/devkitPro/devkitARM/bin/../lib/gcc/arm-none-eabi/14.2.0/../../../../arm-none-eabi/lib/thumb\libc.a(libc_a-fiprintf.o)
                0x08008b0c                fiprintf
 .text.abort    0x08008b34       0x10 C:/devkitPro/devkitARM/bin/../lib/gcc/arm-none-eabi/14.2.0/../../../../arm-none-eabi/lib/thumb\libc.a(libc_a-abort.o)
                0x08008b34                abort
 .text._calloc_r
                0x08008b44       0xb8 C:/devkitPro/devkitARM/bin/../lib/gcc/arm-none-eabi/14.2.0/../../../../arm-none-eabi/lib/thumb\libc.a(libc_a-callocr.o)
                0x08008b44                _calloc_r
 .text._realloc_r
                0x08008bfc      0x384 C:/devkitPro/devkitARM/bin/../lib/gcc/arm-none-eabi/14.2.0/../../../../arm-none-eabi/lib/thumb\libc.a(libc_a-reallocr.o)
                0x08008bfc                _realloc_r
 .text._raise_r
                0x08008f80       0x60 C:/devkitPro/devkitARM/bin/../lib/gcc/arm-none-eabi/14.2.0/../../../../arm-none-eabi/lib/thumb\libc.a(libc_a-signal.o)
                0x08008f80                _raise_r
 .text.raise    0x08008fe0       0x14 C:/devkitPro/devkitARM/bin/../lib/gcc/arm-none-eabi/14.2.0/../../../../arm-none-eabi/lib/thumb\libc.a(libc_a-signal.o)
                0x08008fe0                raise
 .text.get_arg  0x08008ff4      0x428 C:/devkitPro/devkitARM/bin/../lib/gcc/arm-none-eabi/14.2.0/../../../../arm-none-eabi/lib/thumb\libc.a(libc_a-vfiprintf.o)
 .text._vfiprintf_r
                0x0800941c     0x1724 C:/devkitPro/devkitARM/bin/../lib/gcc/arm-none-eabi/14.2.0/../../../../arm-none-eabi/lib/thumb\libc.a(libc_a-vfiprintf.o)
                0x0800941c                _vfiprintf_r
 .text.__sbprintf
                0x0800ab40       0x7c C:/devkitPro/devkitARM/bin/../lib/gcc/arm-none-eabi/14.2.0/../../../../arm-none-eabi/lib/thumb\libc.a(libc_a-vfiprintf.o)
 .text.__sprint_r
                0x0800abbc       0x24 C:/devkitPro/devkitARM/bin/../lib/gcc/arm-none-eabi/14.2.0/../../../../arm-none-eabi/lib/thumb\libc.a(libc_a-sprint_r.o)
                0x0800abbc                __sprint_r
 .text.stdio_exit_handler
                0x0800abe0       0x20 C:/devkitPro/devkitARM/bin/../lib/gcc/arm-none-eabi/14.2.0/../../../../arm-none-eabi/lib/thumb\libc.a(libc_a-findfp.o)
 .text.cleanup_stdio
                0x0800ac00       0x40 C:/devkitPro/devkitARM/bin/../lib/gcc/arm-none-eabi/14.2.0/../../../../arm-none-eabi/lib/thumb\libc.a(libc_a-findfp.o)
 .text.global_stdio_init.part.0
                0x0800ac40      0x128 C:/devkitPro/devkitARM/bin/../lib/gcc/arm-none-eabi/14.2.0/../../../../arm-none-eabi/lib/thumb\libc.a(libc_a-findfp.o)
 .text.__sinit  0x0800ad68       0x3c C:/devkitPro/devkitARM/bin/../lib/gcc/arm-none-eabi/14.2.0/../../../../arm-none-eabi/lib/thumb\libc.a(libc_a-findfp.o)
                0x0800ad68                __sinit
 .text.__sfp_lock_acquire
                0x0800ada4       0x14 C:/devkitPro/devkitARM/bin/../lib/gcc/arm-none-eabi/14.2.0/../../../../arm-none-eabi/lib/thumb\libc.a(libc_a-findfp.o)
                0x0800ada4                __sfp_lock_acquire
 .text.__sfp_lock_release
                0x0800adb8       0x14 C:/devkitPro/devkitARM/bin/../lib/gcc/arm-none-eabi/14.2.0/../../../../arm-none-eabi/lib/thumb\libc.a(libc_a-findfp.o)
                0x0800adb8                __sfp_lock_release
 .text._fwalk_sglue
                0x0800adcc       0x4c C:/devkitPro/devkitARM/bin/../lib/gcc/arm-none-eabi/14.2.0/../../../../arm-none-eabi/lib/thumb\libc.a(libc_a-fwalk.o)
                0x0800adcc                _fwalk_sglue
 .text.__swsetup_r
                0x0800ae18      0x100 C:/devkitPro/devkitARM/bin/../lib/gcc/arm-none-eabi/14.2.0/../../../../arm-none-eabi/lib/thumb\libc.a(libc_a-wsetup.o)
                0x0800ae18                __swsetup_r
 .text.__sflush_r
                0x0800af18      0x194 C:/devkitPro/devkitARM/bin/../lib/gcc/arm-none-eabi/14.2.0/../../../../arm-none-eabi/lib/thumb\libc.a(libc_a-fflush.o)
                0x0800af18                __sflush_r
 .text._fflush_r
                0x0800b0ac       0x70 C:/devkitPro/devkitARM/bin/../lib/gcc/arm-none-eabi/14.2.0/../../../../arm-none-eabi/lib/thumb\libc.a(libc_a-fflush.o)
                0x0800b0ac                _fflush_r
 .text.__sfvwrite_r
                0x0800b11c      0x304 C:/devkitPro/devkitARM/bin/../lib/gcc/arm-none-eabi/14.2.0/../../../../arm-none-eabi/lib/thumb\libc.a(libc_a-fvwrite.o)
                0x0800b11c                __sfvwrite_r
 .text.__sread  0x0800b420       0x34 C:/devkitPro/devkitARM/bin/../lib/gcc/arm-none-eabi/14.2.0/../../../../arm-none-eabi/lib/thumb\libc.a(libc_a-stdio.o)
                0x0800b420                __sread
 .text.__swrite
                0x0800b454       0x4c C:/devkitPro/devkitARM/bin/../lib/gcc/arm-none-eabi/14.2.0/../../../../arm-none-eabi/lib/thumb\libc.a(libc_a-stdio.o)
                0x0800b454                __swrite
 .text.__sseek  0x0800b4a0       0x3c C:/devkitPro/devkitARM/bin/../lib/gcc/arm-none-eabi/14.2.0/../../../../arm-none-eabi/lib/thumb\libc.a(libc_a-stdio.o)
                0x0800b4a0                __sseek
 .text.__sclose
                0x0800b4dc       0x10 C:/devkitPro/devkitARM/bin/../lib/gcc/arm-none-eabi/14.2.0/../../../../arm-none-eabi/lib/thumb\libc.a(libc_a-stdio.o)
                0x0800b4dc                __sclose
 .text._fclose_r
                0x0800b4ec       0xd4 C:/devkitPro/devkitARM/bin/../lib/gcc/arm-none-eabi/14.2.0/../../../../arm-none-eabi/lib/thumb\libc.a(libc_a-fclose.o)
                0x0800b4ec                _fclose_r
 .text.__smakebuf_r
                0x0800b5c0       0xdc C:/devkitPro/devkitARM/bin/../lib/gcc/arm-none-eabi/14.2.0/../../../../arm-none-eabi/lib/thumb\libc.a(libc_a-makebuf.o)
                0x0800b5c0                __smakebuf_r
 .text._memalign_r
                0x0800b69c      0x128 C:/devkitPro/devkitARM/bin/../lib/gcc/arm-none-eabi/14.2.0/../../../../arm-none-eabi/lib/thumb\libc.a(libc_a-malignr.o)
                0x0800b69c                _memalign_r
 .text._exit    0x0800b7c4       0x14 C:/devkitPro/devkitARM/bin/../lib/gcc/arm-none-eabi/14.2.0/../../../../arm-none-eabi/lib/thumb\libsysbase.a(libsysbase_libsysbase_a-_exit.o)
                0x0800b7c4                _exit
 .text._fstat_r
                0x0800b7d8       0x58 C:/devkitPro/devkitARM/bin/../lib/gcc/arm-none-eabi/14.2.0/../../../../arm-none-eabi/lib/thumb\libsysbase.a(libsysbase_libsysbase_a-fstat.o)
                0x0800b7d8                _fstat_r
 .text._getpid_r
                0x0800b830        0xc C:/devkitPro/devkitARM/bin/../lib/gcc/arm-none-eabi/14.2.0/../../../../arm-none-eabi/lib/thumb\libsysbase.a(libsysbase_libsysbase_a-getpid.o)
                0x0800b830                _getpid_r
 .text.__getreent
                0x0800b83c       0x20 C:/devkitPro/devkitARM/bin/../lib/gcc/arm-none-eabi/14.2.0/../../../../arm-none-eabi/lib/thumb\libsysbase.a(libsysbase_libsysbase_a-getreent.o)
                0x0800b83c                __getreent
 .text._gettimeofday_r
                0x0800b85c       0x20 C:/devkitPro/devkitARM/bin/../lib/gcc/arm-none-eabi/14.2.0/../../../../arm-none-eabi/lib/thumb\libsysbase.a(libsysbase_libsysbase_a-gettod.o)
                0x0800b85c                _gettimeofday_r
 .text.__get_handle
                0x0800b87c       0x34 C:/devkitPro/devkitARM/bin/../lib/gcc/arm-none-eabi/14.2.0/../../../../arm-none-eabi/lib/thumb\libsysbase.a(libsysbase_libsysbase_a-handle_manager.o)
                0x0800b87c                __get_handle
 .text._close_r
                0x0800b8b0       0xb8 C:/devkitPro/devkitARM/bin/../lib/gcc/arm-none-eabi/14.2.0/../../../../arm-none-eabi/lib/thumb\libsysbase.a(libsysbase_libsysbase_a-handle_manager.o)
                0x0800b8b0                _close_r
 .text.null_write
                0x0800b968        0x4 C:/devkitPro/devkitARM/bin/../lib/gcc/arm-none-eabi/14.2.0/../../../../arm-none-eabi/lib/thumb\libsysbase.a(libsysbase_libsysbase_a-iosupport.o)
 .text._isatty_r
                0x0800b96c        0x4 C:/devkitPro/devkitARM/bin/../lib/gcc/arm-none-eabi/14.2.0/../../../../arm-none-eabi/lib/thumb\libsysbase.a(libsysbase_libsysbase_a-isatty.o)
                0x0800b96c                _isatty_r
 .text._kill_r  0x0800b970        0xc C:/devkitPro/devkitARM/bin/../lib/gcc/arm-none-eabi/14.2.0/../../../../arm-none-eabi/lib/thumb\libsysbase.a(libsysbase_libsysbase_a-kill.o)
                0x0800b970                _kill_r
 .text._lseek_r
                0x0800b97c       0x60 C:/devkitPro/devkitARM/bin/../lib/gcc/arm-none-eabi/14.2.0/../../../../arm-none-eabi/lib/thumb\libsysbase.a(libsysbase_libsysbase_a-lseek.o)
                0x0800b97c                _lseek_r
 .text._read_r  0x0800b9dc       0x58 C:/devkitPro/devkitARM/bin/../lib/gcc/arm-none-eabi/14.2.0/../../../../arm-none-eabi/lib/thumb\libsysbase.a(libsysbase_libsysbase_a-read.o)
                0x0800b9dc                _read_r
 .text._sbrk_r  0x0800ba34       0x54 C:/devkitPro/devkitARM/bin/../lib/gcc/arm-none-eabi/14.2.0/../../../../arm-none-eabi/lib/thumb\libsysbase.a(libsysbase_libsysbase_a-sbrk.o)
                0x0800ba34                _sbrk_r
 .text.__libc_lock_acquire
                0x0800ba88       0x18 C:/devkitPro/devkitARM/bin/../lib/gcc/arm-none-eabi/14.2.0/../../../../arm-none-eabi/lib/thumb\libsysbase.a(libsysbase_libsysbase_a-syscall_support.o)
                0x0800ba88                __libc_lock_acquire
 .text.__libc_lock_release
                0x0800baa0       0x18 C:/devkitPro/devkitARM/bin/../lib/gcc/arm-none-eabi/14.2.0/../../../../arm-none-eabi/lib/thumb\libsysbase.a(libsysbase_libsysbase_a-syscall_support.o)
                0x0800baa0                __libc_lock_release
 .text.__libc_lock_acquire_recursive
                0x0800bab8       0x18 C:/devkitPro/devkitARM/bin/../lib/gcc/arm-none-eabi/14.2.0/../../../../arm-none-eabi/lib/thumb\libsysbase.a(libsysbase_libsysbase_a-syscall_support.o)
                0x0800bab8                __libc_lock_acquire_recursive
 .text.__libc_lock_release_recursive
                0x0800bad0       0x18 C:/devkitPro/devkitARM/bin/../lib/gcc/arm-none-eabi/14.2.0/../../../../arm-none-eabi/lib/thumb\libsysbase.a(libsysbase_libsysbase_a-syscall_support.o)
                0x0800bad0                __libc_lock_release_recursive
 .text._write_r
                0x0800bae8       0x58 C:/devkitPro/devkitARM/bin/../lib/gcc/arm-none-eabi/14.2.0/../../../../arm-none-eabi/lib/thumb\libsysbase.a(libsysbase_libsysbase_a-write.o)
                0x0800bae8                _write_r
 .text          0x0800bb40       0x14 C:/devkitPro/devkitARM/bin/../lib/gcc/arm-none-eabi/14.2.0/thumb\libgcc.a(_thumb1_case_uqi.o)
                0x0800bb40                __gnu_thumb1_case_uqi
 .text          0x0800bb54       0x14 C:/devkitPro/devkitARM/bin/../lib/gcc/arm-none-eabi/14.2.0/thumb\libgcc.a(_thumb1_case_uhi.o)
                0x0800bb54                __gnu_thumb1_case_uhi
 .text          0x0800bb68      0x11c C:/devkitPro/devkitARM/bin/../lib/gcc/arm-none-eabi/14.2.0/thumb\libgcc.a(_udivsi3.o)
                0x0800bb68                __aeabi_uidiv
                0x0800bb68                __udivsi3
                0x0800bc64                __aeabi_uidivmod
 .text          0x0800bc84      0x424 C:/devkitPro/devkitARM/bin/../lib/gcc/arm-none-eabi/14.2.0/thumb\libgcc.a(_arm_addsubdf3.o)
                0x0800bc84                __aeabi_drsub
                0x0800bc8c                __aeabi_dsub
                0x0800bc8c                __subdf3
                0x0800bc90                __aeabi_dadd
                0x0800bc90                __adddf3
                0x0800bfa0                __floatunsidf
                0x0800bfa0                __aeabi_ui2d
                0x0800bfc4                __floatsidf
                0x0800bfc4                __aeabi_i2d
                0x0800bfec                __aeabi_f2d
                0x0800bfec                __extendsfdf2
                0x0800c034                __floatundidf
                0x0800c034                __aeabi_ul2d
                0x0800c048                __floatdidf
                0x0800c048                __aeabi_l2d
 .text          0x0800c0a8      0x49c C:/devkitPro/devkitARM/bin/../lib/gcc/arm-none-eabi/14.2.0/thumb\libgcc.a(_arm_muldivdf3.o)
                0x0800c0a8                __aeabi_dmul
                0x0800c0a8                __muldf3
                0x0800c338                __divdf3
                0x0800c338                __aeabi_ddiv
 .text          0x0800c544      0x144 C:/devkitPro/devkitARM/bin/../lib/gcc/arm-none-eabi/14.2.0/thumb\libgcc.a(_arm_cmpdf2.o)
                0x0800c544                __gtdf2
                0x0800c544                __gedf2
                0x0800c54c                __ltdf2
                0x0800c54c                __ledf2
                0x0800c554                __nedf2
                0x0800c554                __eqdf2
                0x0800c554                __cmpdf2
                0x0800c5dc                __aeabi_cdrcmple
                0x0800c5f8                __aeabi_cdcmpeq
                0x0800c5f8                __aeabi_cdcmple
                0x0800c610                __aeabi_dcmpeq
                0x0800c628                __aeabi_dcmplt
                0x0800c640                __aeabi_dcmple
                0x0800c658                __aeabi_dcmpge
                0x0800c670                __aeabi_dcmpgt
 .text          0x0800c688       0x38 C:/devkitPro/devkitARM/bin/../lib/gcc/arm-none-eabi/14.2.0/thumb\libgcc.a(_arm_unorddf2.o)
                0x0800c688                __unorddf2
                0x0800c688                __aeabi_dcmpun
 .text          0x0800c6c0       0x5c C:/devkitPro/devkitARM/bin/../lib/gcc/arm-none-eabi/14.2.0/thumb\libgcc.a(_arm_fixdfsi.o)
                0x0800c6c0                __aeabi_d2iz
                0x0800c6c0                __fixdfsi
 .text          0x0800c71c       0x3c C:/devkitPro/devkitARM/bin/../lib/gcc/arm-none-eabi/14.2.0/thumb\libgcc.a(_aeabi_uldivmod.o)
                0x0800c71c                __aeabi_uldivmod
 .text.__muldi3
                0x0800c758       0x64 C:/devkitPro/devkitARM/bin/../lib/gcc/arm-none-eabi/14.2.0/thumb\libgcc.a(_muldi3.o)
                0x0800c758                __muldi3
                0x0800c758                __aeabi_lmul
 .text.__udivmoddi4
                0x0800c7bc      0x19c C:/devkitPro/devkitARM/bin/../lib/gcc/arm-none-eabi/14.2.0/thumb\libgcc.a(_udivmoddi4.o)
                0x0800c7bc                __udivmoddi4
 .text          0x0800c958       0x28 C:/devkitPro/devkitARM/bin/../lib/gcc/arm-none-eabi/14.2.0/thumb\libgcc.a(_clzdi2.o)
                0x0800c958                __clzdi2
 .text          0x0800c980       0x48 C:/devkitPro/devkitARM/bin/../lib/gcc/arm-none-eabi/14.2.0/thumb\libgcc.a(_clzsi2.o)
                0x0800c980                __clzsi2
 .text.free     0x0800c9c8       0x14 C:/devkitPro/devkitARM/bin/../lib/gcc/arm-none-eabi/14.2.0/../../../../arm-none-eabi/lib/thumb\libc.a(libc_a-malloc.o)
                0x0800c9c8                free
 *fill*         0x0800c9dc        0x4 ff
 .text.free.__stub
                0x0800c9e0       0xb4 linker stubs
 *(.gnu.linkonce.t.*)
 *(.text.*personality*)
 *(.gnu.warning)
 *(.glue_7t)
 .glue_7t       0x0800caa0        0x0 linker stubs
 *(.glue_7)
 .glue_7        0x0800caa0        0x0 linker stubs
 *(.vfp11_veneer)
 .vfp11_veneer  0x0800caa0        0x0 linker stubs
                0x0800caa0                        . = ALIGN (0x4)
                0x0800caa0                        __text_end = .

.v4_bx          0x0800caa0        0x0
 .v4_bx         0x0800caa0        0x0 linker stubs

.iplt           0x0800caa0        0x0
 .iplt          0x0800caa0        0x0 C:/devkitPro/devkitARM/bin/../lib/gcc/arm-none-eabi/14.2.0/../../../../arm-none-eabi/lib/thumb/gba_crt0.o

.fini           0x0800caa0        0xc
 *(.fini)
 .fini          0x0800caa0        0x4 C:/devkitPro/devkitARM/bin/../lib/gcc/arm-none-eabi/14.2.0/thumb/crti.o
                0x0800caa0                _fini
 .fini          0x0800caa4        0x8 C:/devkitPro/devkitARM/bin/../lib/gcc/arm-none-eabi/14.2.0/thumb/crtn.o
                0x0800caac                        . = ALIGN (0x4)

.rodata         0x0800cab0     0xc6c0
 *(.rodata)
 .rodata        0x0800cab0     0xbaa0 C:\Users\stefe\AppData\Local\Temp\ccOpfPjc.ltrans0.ltrans.o
                0x0800cab0                mainMenuTiles
                0x0800f470                mainMenuMap
                0x0800fc70                mainMenuPal
                0x0800fe70                playButtonTiles
                0x08010270                playButtonPal
                0x08010470                gameTiles
                0x08010fb0                gameMap
                0x08011fb0                gamePal
                0x080121b0                playerSpriteTiles
                0x08012230                playerSpritePal
                0x08012430                gameOverScreenTiles
                0x080132b0                gameOverScreenMap
                0x08013ab0                gameOverScreenPal
                0x08013cb0                pauseMenuTiles
                0x08015070                pauseMenuMap
                0x08015870                pauseMenuPal
                0x08015a70                enemySpriteTiles
                0x08015af0                enemySpritePal
                0x08015cf0                shootTiles
                0x08015d10                shootPal
                0x08015f10                healthBar0Tiles
                0x08016310                healthBar0Pal
                0x08016510                healthBar1Tiles
                0x08016910                healthBar1Pal
                0x08016b10                healthBar2Tiles
                0x08016f10                healthBar2Pal
                0x08017110                healthBar3Tiles
                0x08017510                healthBar3Pal
                0x08017710                enemySpriteExplodingTiles
                0x08017790                enemySpriteExplodingPal
                0x08017990                enemySpriteExploding2Tiles
                0x08017a10                enemySpriteExploding2Pal
                0x08017c10                enemySpriteExploding3Tiles
                0x08017c90                enemySpriteExploding3Pal
                0x08017e90                enemySpriteExploding4Tiles
                0x08017f10                enemySpriteExploding4Pal
                0x08018110                healthPowerUpTiles
                0x08018130                healthPowerUpPal
                0x08018330                bulletPowerUpTiles
                0x08018350                bulletPowerUpPal
 .rodata        0x08018550      0x1f0 C:/devkitPro/libtonc/lib\libtonc.a(tte_main.o)
 .rodata        0x08018740      0x318 C:/devkitPro/libtonc/lib\libtonc.a(sys8.o)
                0x08018740                sys8Font
                0x08018758                sys8Glyphs
 .rodata        0x08018a58       0x1c C:/devkitPro/libtonc/lib\libtonc.a(tonc_surface.o)
 *all.rodata*(*)
 *(.roda)
 *(.rodata.*)
 .rodata.update_pause.str1.4
                0x08018a74      0x228 main.o
                                  0x6 (size before relaxing)
 .rodata.update_gameover.str1.4
                0x08018c9c       0xc2 main.o
 .rodata.update_gameplay.str1.4
                0x08018c9c       0x22 main.o
 .rodata._svfprintf_r.str1.1
                0x08018c9c       0x3b C:/devkitPro/devkitARM/bin/../lib/gcc/arm-none-eabi/14.2.0/../../../../arm-none-eabi/lib/thumb\libc.a(libc_a-svfprintf.o)
 *fill*         0x08018cd7        0x1 ff
 .rodata.zeroes.0
                0x08018cd8       0x10 C:/devkitPro/devkitARM/bin/../lib/gcc/arm-none-eabi/14.2.0/../../../../arm-none-eabi/lib/thumb\libc.a(libc_a-svfprintf.o)
 .rodata.blanks.1
                0x08018ce8       0x10 C:/devkitPro/devkitARM/bin/../lib/gcc/arm-none-eabi/14.2.0/../../../../arm-none-eabi/lib/thumb\libc.a(libc_a-svfprintf.o)
 .rodata._ctype_
                0x08018cf8      0x101 C:/devkitPro/devkitARM/bin/../lib/gcc/arm-none-eabi/14.2.0/../../../../arm-none-eabi/lib/thumb\libc.a(libc_a-ctype_.o)
                0x08018cf8                _ctype_
 *fill*         0x08018df9        0x3 ff
 .rodata.__action_table
                0x08018dfc       0x6c C:/devkitPro/devkitARM/bin/../lib/gcc/arm-none-eabi/14.2.0/../../../../arm-none-eabi/lib/thumb\libc.a(libc_a-svfiprintf.o)
                0x08018dfc                __action_table
 .rodata.__state_table
                0x08018e68       0x6c C:/devkitPro/devkitARM/bin/../lib/gcc/arm-none-eabi/14.2.0/../../../../arm-none-eabi/lib/thumb\libc.a(libc_a-svfiprintf.o)
                0x08018e68                __state_table
 .rodata.__chclass
                0x08018ed4      0x100 C:/devkitPro/devkitARM/bin/../lib/gcc/arm-none-eabi/14.2.0/../../../../arm-none-eabi/lib/thumb\libc.a(libc_a-svfiprintf.o)
                0x08018ed4                __chclass
 .rodata.str1.4
                0x08018fd4       0x4c C:/devkitPro/devkitARM/bin/../lib/gcc/arm-none-eabi/14.2.0/../../../../arm-none-eabi/lib/thumb\libc.a(libc_a-locale.o)
 .rodata._dtoa_r.str1.4
                0x08018fd4       0x67 C:/devkitPro/devkitARM/bin/../lib/gcc/arm-none-eabi/14.2.0/../../../../arm-none-eabi/lib/thumb\libc.a(libc_a-dtoa.o)
 .rodata.__assert_func.str1.4
                0x08018fd4       0x43 C:/devkitPro/devkitARM/bin/../lib/gcc/arm-none-eabi/14.2.0/../../../../arm-none-eabi/lib/thumb\libc.a(libc_a-assert.o)
 .rodata.__multadd.str1.4
                0x08018fd4       0x54 C:/devkitPro/devkitARM/bin/../lib/gcc/arm-none-eabi/14.2.0/../../../../arm-none-eabi/lib/thumb\libc.a(libc_a-mprec.o)
 .rodata.p05.0  0x08018fd4        0xc C:/devkitPro/devkitARM/bin/../lib/gcc/arm-none-eabi/14.2.0/../../../../arm-none-eabi/lib/thumb\libc.a(libc_a-mprec.o)
 .rodata.__mprec_bigtens
                0x08018fe0       0x28 C:/devkitPro/devkitARM/bin/../lib/gcc/arm-none-eabi/14.2.0/../../../../arm-none-eabi/lib/thumb\libc.a(libc_a-mprec.o)
                0x08018fe0                __mprec_bigtens
 .rodata.__mprec_tens
                0x08019008       0xc8 C:/devkitPro/devkitARM/bin/../lib/gcc/arm-none-eabi/14.2.0/../../../../arm-none-eabi/lib/thumb\libc.a(libc_a-mprec.o)
                0x08019008                __mprec_tens
 .rodata._vfiprintf_r.str1.1
                0x080190d0       0x29 C:/devkitPro/devkitARM/bin/../lib/gcc/arm-none-eabi/14.2.0/../../../../arm-none-eabi/lib/thumb\libc.a(libc_a-vfiprintf.o)
 .rodata.zeroes.0
                0x080190d0       0x10 C:/devkitPro/devkitARM/bin/../lib/gcc/arm-none-eabi/14.2.0/../../../../arm-none-eabi/lib/thumb\libc.a(libc_a-vfiprintf.o)
 .rodata.blanks.1
                0x080190e0       0x10 C:/devkitPro/devkitARM/bin/../lib/gcc/arm-none-eabi/14.2.0/../../../../arm-none-eabi/lib/thumb\libc.a(libc_a-vfiprintf.o)
 .rodata.AddDevice.str1.4
                0x080190f0        0x8 C:/devkitPro/devkitARM/bin/../lib/gcc/arm-none-eabi/14.2.0/../../../../arm-none-eabi/lib/thumb\libsysbase.a(libsysbase_libsysbase_a-iosupport.o)
 .rodata.dotab_stdnull
                0x080190f0       0x80 C:/devkitPro/devkitARM/bin/../lib/gcc/arm-none-eabi/14.2.0/../../../../arm-none-eabi/lib/thumb\libsysbase.a(libsysbase_libsysbase_a-iosupport.o)
                0x080190f0                dotab_stdnull
 *(.gnu.linkonce.r*)
                0x08019170                        . = ALIGN (0x4)

.ARM.extab
 *(.ARM.extab* .gnu.linkonce.armextab.*)
                0x08019170                        __exidx_start = .

.ARM.exidx
 *(.ARM.exidx* .gnu.linkonce.armexidx.*)
                0x08019170                        __exidx_end = .

.ctors          0x08019170        0x0
 *crtbegin.o(.ctors)
 *(EXCLUDE_FILE(*crtend.o) .ctors)
 *(SORT_BY_NAME(.ctors.*))
 *(.ctors)
                0x08019170                        . = ALIGN (0x4)

.dtors          0x08019170        0x0
 *crtbegin.o(.dtors)
 *(EXCLUDE_FILE(*crtend.o) .dtors)
 *(SORT_BY_NAME(.dtors.*))
 *(.dtors)
                0x08019170                        . = ALIGN (0x4)

.eh_frame       0x08019170        0x4
 *(.eh_frame)
 .eh_frame      0x08019170        0x0 C:/devkitPro/devkitARM/bin/../lib/gcc/arm-none-eabi/14.2.0/thumb/crtbegin.o
 .eh_frame      0x08019170        0x4 C:/devkitPro/devkitARM/bin/../lib/gcc/arm-none-eabi/14.2.0/thumb/crtend.o
                0x08019174                        . = ALIGN (0x4)

.gcc_except_table
                0x08019174        0x0
 *(.gcc_except_table)
                0x08019174                        . = ALIGN (0x4)
                0x08019174                        __iwram_lma = .

.iwram          0x03000000       0x84 load address 0x08019174
                0x03000000                        __iwram_start__ = ABSOLUTE (.)
 *(.iwram .iwram*)
 .iwram         0x03000000       0x38 C:/devkitPro/libtonc/lib\libtonc.a(tonc_memcpy.o)
                0x03000000                memcpy32
 .iwram         0x03000038       0x4c C:/devkitPro/libtonc/lib\libtonc.a(tonc_memset.o)
                0x03000038                memset32
 *iwram.*(.text* .data*)
                0x03000084                        . = ALIGN (0x4)
                0x03000084                        __iwram_end__ = ABSOLUTE (.)
                0x080191f8                        __data_lma = (__iwram_lma + SIZEOF (.iwram))

.bss            0x03000084      0xa30
                0x03000084                        __bss_start = ABSOLUTE (.)
                0x03000084                        __bss_start__ = ABSOLUTE (.)
 *(.dynbss)
 *(.gnu.linkonce.b*)
 *(.bss*)
 .bss.completed.1
                0x03000084        0x1 C:/devkitPro/devkitARM/bin/../lib/gcc/arm-none-eabi/14.2.0/thumb/crtbegin.o
 *fill*         0x03000085        0x3 
 .bss.object.0  0x03000088       0x18 C:/devkitPro/devkitARM/bin/../lib/gcc/arm-none-eabi/14.2.0/thumb/crtbegin.o
 .bss.enemies   0x030000a0      0x1e0 main.o
                0x030000a0                enemies
 .bss.powerups  0x03000280       0x6c main.o
                0x03000280                powerups
 *fill*         0x030002ec        0x4 
 .bss.pbullets  0x030002f0      0x118 main.o
                0x030002f0                pbullets
 .bss.health_pb
                0x03000408        0x4 main.o
                0x03000408                health_pb
 .bss.player    0x0300040c       0x2c main.o
                0x0300040c                player
 .bss.isHit     0x03000438        0x1 main.o
                0x03000438                isHit
 *fill*         0x03000439        0x3 
 .bss.frames    0x0300043c        0x4 main.o
                0x0300043c                frames
 .bss.gamestate
                0x03000440        0x4 main.o
                0x03000440                gamestate
 .bss.framesBGY
                0x03000444        0x4 main.o
                0x03000444                framesBGY
 .bss.framesBGX
                0x03000448        0x4 main.o
                0x03000448                framesBGX
 .bss.pauseY    0x0300044c        0x4 main.o
                0x0300044c                pauseY
 .bss.pauseX    0x03000450        0x4 main.o
                0x03000450                pauseX
 .bss.backgroundY
                0x03000454        0x4 main.o
                0x03000454                backgroundY
 .bss.backgroundX
                0x03000458        0x4 main.o
                0x03000458                backgroundX
 .bss.score     0x0300045c        0x4 main.o
                0x0300045c                score
 .bss.high_score
                0x03000460        0xc main.o
                0x03000460                high_score
 .bss.display   0x0300046c       0x32 main.o
                0x0300046c                display
 *fill*         0x0300049e        0x2 
 .bss.obj_buffer
                0x030004a0      0x400 main.o
                0x030004a0                obj_buffer
 .bss           0x030008a0        0x4 C:/devkitPro/libtonc/lib\libtonc.a(tonc_input.o)
                0x030008a0                __key_curr
                0x030008a2                __key_prev
 .bss.__malloc_current_mallinfo
                0x030008a4       0x28 C:/devkitPro/devkitARM/bin/../lib/gcc/arm-none-eabi/14.2.0/../../../../arm-none-eabi/lib/thumb\libc.a(libc_a-mallocr.o)
                0x030008a4                __malloc_current_mallinfo
 .bss.__malloc_max_total_mem
                0x030008cc        0x4 C:/devkitPro/devkitARM/bin/../lib/gcc/arm-none-eabi/14.2.0/../../../../arm-none-eabi/lib/thumb\libc.a(libc_a-mallocr.o)
                0x030008cc                __malloc_max_total_mem
 .bss.__malloc_max_sbrked_mem
                0x030008d0        0x4 C:/devkitPro/devkitARM/bin/../lib/gcc/arm-none-eabi/14.2.0/../../../../arm-none-eabi/lib/thumb\libc.a(libc_a-mallocr.o)
                0x030008d0                __malloc_max_sbrked_mem
 .bss.__malloc_top_pad
                0x030008d4        0x4 C:/devkitPro/devkitARM/bin/../lib/gcc/arm-none-eabi/14.2.0/../../../../arm-none-eabi/lib/thumb\libc.a(libc_a-mallocr.o)
                0x030008d4                __malloc_top_pad
 .bss.__malloc_recursive_mutex
                0x030008d8        0xc C:/devkitPro/devkitARM/bin/../lib/gcc/arm-none-eabi/14.2.0/../../../../arm-none-eabi/lib/thumb\libc.a(libc_a-mlock.o)
 .bss.__sfp_recursive_mutex
                0x030008e4        0xc C:/devkitPro/devkitARM/bin/../lib/gcc/arm-none-eabi/14.2.0/../../../../arm-none-eabi/lib/thumb\libc.a(libc_a-findfp.o)
 .bss.__sf      0x030008f0      0x168 C:/devkitPro/devkitARM/bin/../lib/gcc/arm-none-eabi/14.2.0/../../../../arm-none-eabi/lib/thumb\libc.a(libc_a-findfp.o)
                0x030008f0                __sf
 .bss.__stdio_exit_handler
                0x03000a58        0x4 C:/devkitPro/devkitARM/bin/../lib/gcc/arm-none-eabi/14.2.0/../../../../arm-none-eabi/lib/thumb\libc.a(libc_a-findfp.o)
                0x03000a58                __stdio_exit_handler
 .bss.__hndl_lock
                0x03000a5c        0x4 C:/devkitPro/devkitARM/bin/../lib/gcc/arm-none-eabi/14.2.0/../../../../arm-none-eabi/lib/thumb\libsysbase.a(libsysbase_libsysbase_a-handle_manager.o)
 .bss.fake_heap_start
                0x03000a60        0x4 C:/devkitPro/devkitARM/bin/../lib/gcc/arm-none-eabi/14.2.0/../../../../arm-none-eabi/lib/thumb\libsysbase.a(libsysbase_libsysbase_a-malloc_vars.o)
                0x03000a60                fake_heap_start
 .bss.fake_heap_end
                0x03000a64        0x4 C:/devkitPro/devkitARM/bin/../lib/gcc/arm-none-eabi/14.2.0/../../../../arm-none-eabi/lib/thumb\libsysbase.a(libsysbase_libsysbase_a-malloc_vars.o)
                0x03000a64                fake_heap_end
 .bss.heap_start.0
                0x03000a68        0x4 C:/devkitPro/devkitARM/bin/../lib/gcc/arm-none-eabi/14.2.0/../../../../arm-none-eabi/lib/thumb\libsysbase.a(libsysbase_libsysbase_a-sbrk.o)
 *(COMMON)
 COMMON         0x03000a6c       0x48 C:/devkitPro/libtonc/lib\libtonc.a(tte_main.o)
                0x03000a6c                __tte_main_context
                0x03000ab4                        . = ALIGN (0x4)
                0x03000ab4                        __bss_end__ = ABSOLUTE (.)

.data           0x03000ab4     0x1774 load address 0x080191f8
                0x03000ab4                        __data_start__ = ABSOLUTE (.)
 *(.data*)
 .data.health_tid
                0x03000ab4        0x4 main.o
                0x03000ab4                health_tid
 .data.healthBar0
                0x03000ab8        0x4 main.o
                0x03000ab8                healthBar0
 .data.scoreCheck
                0x03000abc        0x1 main.o
                0x03000abc                scoreCheck
 *fill*         0x03000abd        0x3 ff
 .data          0x03000ac0        0x8 C:/devkitPro/libtonc/lib\libtonc.a(tonc_input.o)
                0x03000ac0                __key_rpt
 .data          0x03000ac8        0x4 C:/devkitPro/libtonc/lib\libtonc.a(tte_main.o)
                0x03000ac8                gp_tte_context
 .data.__global_locale
                0x03000acc      0x16c C:/devkitPro/devkitARM/bin/../lib/gcc/arm-none-eabi/14.2.0/../../../../arm-none-eabi/lib/thumb\libc.a(libc_a-locale.o)
                0x03000acc                __global_locale
 .data.__malloc_sbrk_base
                0x03000c38        0x4 C:/devkitPro/devkitARM/bin/../lib/gcc/arm-none-eabi/14.2.0/../../../../arm-none-eabi/lib/thumb\libc.a(libc_a-mallocr.o)
                0x03000c38                __malloc_sbrk_base
 .data.__malloc_trim_threshold
                0x03000c3c        0x4 C:/devkitPro/devkitARM/bin/../lib/gcc/arm-none-eabi/14.2.0/../../../../arm-none-eabi/lib/thumb\libc.a(libc_a-mallocr.o)
                0x03000c3c                __malloc_trim_threshold
 .data.__malloc_av_
                0x03000c40      0x408 C:/devkitPro/devkitARM/bin/../lib/gcc/arm-none-eabi/14.2.0/../../../../arm-none-eabi/lib/thumb\libc.a(libc_a-mallocr.o)
                0x03000c40                __malloc_av_
 .data.__sglue  0x03001048        0xc C:/devkitPro/devkitARM/bin/../lib/gcc/arm-none-eabi/14.2.0/../../../../arm-none-eabi/lib/thumb\libc.a(libc_a-findfp.o)
                0x03001048                __sglue
 .data._impure_ptr
                0x03001054        0x4 C:/devkitPro/devkitARM/bin/../lib/gcc/arm-none-eabi/14.2.0/../../../../arm-none-eabi/lib/thumb\libc.a(libc_a-impure.o)
                0x03001054                _impure_ptr
 .data._impure_data
                0x03001058      0x120 C:/devkitPro/devkitARM/bin/../lib/gcc/arm-none-eabi/14.2.0/../../../../arm-none-eabi/lib/thumb\libc.a(libc_a-impure.o)
                0x03001058                _impure_data
 .data.handles  0x03001178     0x1000 C:/devkitPro/devkitARM/bin/../lib/gcc/arm-none-eabi/14.2.0/../../../../arm-none-eabi/lib/thumb\libsysbase.a(libsysbase_libsysbase_a-handle_manager.o)
 .data.__stderr_handle
                0x03002178        0xc C:/devkitPro/devkitARM/bin/../lib/gcc/arm-none-eabi/14.2.0/../../../../arm-none-eabi/lib/thumb\libsysbase.a(libsysbase_libsysbase_a-handle_manager.o)
 .data.__stdout_handle
                0x03002184        0xc C:/devkitPro/devkitARM/bin/../lib/gcc/arm-none-eabi/14.2.0/../../../../arm-none-eabi/lib/thumb\libsysbase.a(libsysbase_libsysbase_a-handle_manager.o)
 .data.__stdin_handle
                0x03002190        0xc C:/devkitPro/devkitARM/bin/../lib/gcc/arm-none-eabi/14.2.0/../../../../arm-none-eabi/lib/thumb\libsysbase.a(libsysbase_libsysbase_a-handle_manager.o)
 .data.devoptab_list
                0x0300219c       0x8c C:/devkitPro/devkitARM/bin/../lib/gcc/arm-none-eabi/14.2.0/../../../../arm-none-eabi/lib/thumb\libsysbase.a(libsysbase_libsysbase_a-iosupport.o)
                0x0300219c                devoptab_list
 *(.gnu.linkonce.d*)
                0x03002228                        . = ALIGN (0x4)
                0x0801a96c                        __preinit_lma = (__data_lma + SIZEOF (.data))

.igot.plt       0x03002228        0x0 load address 0x0801a96c
 .igot.plt      0x03002228        0x0 C:/devkitPro/devkitARM/bin/../lib/gcc/arm-none-eabi/14.2.0/../../../../arm-none-eabi/lib/thumb/gba_crt0.o

.preinit_array  0x03002228        0x0 load address 0x0801a96c
                0x03002228                        __preinit_array_start = ABSOLUTE (.)
 *(.preinit_array)
                0x03002228                        __preinit_array_end = ABSOLUTE (.)
                0x0801a96c                        __init_lma = (__preinit_lma + SIZEOF (.preinit_array))

.init_array     0x03002228        0x4 load address 0x0801a96c
                0x03002228                        __init_array_start = ABSOLUTE (.)
 *(SORT_BY_NAME(.init_array.*))
 *(.init_array)
 .init_array    0x03002228        0x4 C:/devkitPro/devkitARM/bin/../lib/gcc/arm-none-eabi/14.2.0/thumb/crtbegin.o
                0x0300222c                        __init_array_end = ABSOLUTE (.)
                0x0801a970                        __fini_lma = (__init_lma + SIZEOF (.init_array))

.fini_array     0x0300222c        0x4 load address 0x0801a970
                0x0300222c                        __fini_array_start = ABSOLUTE (.)
 *(SORT_BY_NAME(.fini_array.*))
 *(.fini_array)
 .fini_array    0x0300222c        0x4 C:/devkitPro/devkitARM/bin/../lib/gcc/arm-none-eabi/14.2.0/thumb/crtbegin.o
                0x03002230                        __fini_array_end = ABSOLUTE (.)
                0x0801a974                        __jcr_lma = (__fini_lma + SIZEOF (.fini_array))

.jcr
 *(.jcr)
                0x03002230                        __data_end__ = ABSOLUTE (.)
                0x0801a974                        __iwram_overlay_lma = (__jcr_lma + SIZEOF (.jcr))
                0x03002230                        __iwram_overlay_start = .

.iwram0         0x03002230        0x0 load address 0x0801a974
 *(.iwram0)
                0x03002230                        . = ALIGN (0x4)
                0x0801a974                        PROVIDE (__load_start_iwram0 = LOADADDR (.iwram0))
                0x0801a974                        PROVIDE (__load_stop_iwram0 = (LOADADDR (.iwram0) + SIZEOF (.iwram0)))

.iwram1         0x03002230        0x0
 *(.iwram1)
                0x03002230                        . = ALIGN (0x4)
                [!provide]                        PROVIDE (__load_start_iwram1 = LOADADDR (.iwram1))
                [!provide]                        PROVIDE (__load_stop_iwram1 = (LOADADDR (.iwram1) + SIZEOF (.iwram1)))

.iwram2         0x03002230        0x0
 *(.iwram2)
                0x03002230                        . = ALIGN (0x4)
                [!provide]                        PROVIDE (__load_start_iwram2 = LOADADDR (.iwram2))
                [!provide]                        PROVIDE (__load_stop_iwram2 = (LOADADDR (.iwram2) + SIZEOF (.iwram2)))

.iwram3         0x03002230        0x0
 *(.iwram3)
                0x03002230                        . = ALIGN (0x4)
                [!provide]                        PROVIDE (__load_start_iwram3 = LOADADDR (.iwram3))
                [!provide]                        PROVIDE (__load_stop_iwram3 = (LOADADDR (.iwram3) + SIZEOF (.iwram3)))

.iwram4         0x03002230        0x0
 *(.iwram4)
                0x03002230                        . = ALIGN (0x4)
                [!provide]                        PROVIDE (__load_start_iwram4 = LOADADDR (.iwram4))
                [!provide]                        PROVIDE (__load_stop_iwram4 = (LOADADDR (.iwram4) + SIZEOF (.iwram4)))

.iwram5         0x03002230        0x0
 *(.iwram5)
                0x03002230                        . = ALIGN (0x4)
                [!provide]                        PROVIDE (__load_start_iwram5 = LOADADDR (.iwram5))
                [!provide]                        PROVIDE (__load_stop_iwram5 = (LOADADDR (.iwram5) + SIZEOF (.iwram5)))

.iwram6         0x03002230        0x0
 *(.iwram6)
                0x03002230                        . = ALIGN (0x4)
                [!provide]                        PROVIDE (__load_start_iwram6 = LOADADDR (.iwram6))
                [!provide]                        PROVIDE (__load_stop_iwram6 = (LOADADDR (.iwram6) + SIZEOF (.iwram6)))

.iwram7         0x03002230        0x0
 *(.iwram7)
                0x03002230                        . = ALIGN (0x4)
                [!provide]                        PROVIDE (__load_start_iwram7 = LOADADDR (.iwram7))
                [!provide]                        PROVIDE (__load_stop_iwram7 = (LOADADDR (.iwram7) + SIZEOF (.iwram7)))

.iwram8         0x03002230        0x0
 *(.iwram8)
                0x03002230                        . = ALIGN (0x4)
                [!provide]                        PROVIDE (__load_start_iwram8 = LOADADDR (.iwram8))
                [!provide]                        PROVIDE (__load_stop_iwram8 = (LOADADDR (.iwram8) + SIZEOF (.iwram8)))

.iwram9         0x03002230        0x0
 *(.iwram9)
                0x03002230                        . = ALIGN (0x4)
                [!provide]                        PROVIDE (__load_start_iwram9 = LOADADDR (.iwram9))
                [!provide]                        PROVIDE (__load_stop_iwram9 = (LOADADDR (.iwram9) + SIZEOF (.iwram9)))
                0x03002230                        __iwram_overlay_end = .
                0x0801a974                        __ewram_lma = (__iwram_overlay_lma + (__iwram_overlay_end - __iwram_overlay_start))
                0x03002230                        __iheap_start = .
                0x02000000                        __ewram_start = ORIGIN (ewram)

.ewram          0x02000000        0x0 load address 0x0801a974
 *(.ewram*)
                0x02000000                        . = ALIGN (0x4)
                0x02000000                        __ewram_end = ABSOLUTE (.)
                0x0801a974                        __pad_lma = (__ewram_lma + SIZEOF (.ewram))

.sbss           0x02000000        0x0
                0x02000000                        __sbss_start__ = ABSOLUTE (.)
 *(.sbss*)
                0x02000000                        . = ALIGN (0x4)
                0x02000000                        __sbss_end__ = ABSOLUTE (.)
                0x02000000                        __end__ = ABSOLUTE (.)
                0x02000000                        __eheap_start = ABSOLUTE (.)

.pad            0x02000000        0x8 load address 0x0801a974
                0x02000000        0x4 LONG 0x52416b64
                0x02000004        0x4 LONG 0x4d
                0x02000008                        . = ALIGN (0x4)
                0x0801a97c                        __rom_end__ = (__pad_lma + SIZEOF (.pad))

.rel.dyn        0x02000008        0x0 load address 0x0801a97c
 .rel.iplt      0x02000008        0x0 C:/devkitPro/devkitARM/bin/../lib/gcc/arm-none-eabi/14.2.0/../../../../arm-none-eabi/lib/thumb/gba_crt0.o

.stab
 *(.stab)

.stabstr
 *(.stabstr)

.stab.excl
 *(.stab.excl)

.stab.exclstr
 *(.stab.exclstr)

.stab.index
 *(.stab.index)

.stab.indexstr
 *(.stab.indexstr)

.comment        0x00000000       0x45
 *(.comment)
 .comment       0x00000000       0x45 C:/devkitPro/devkitARM/bin/../lib/gcc/arm-none-eabi/14.2.0/thumb/crtbegin.o
                                 0x24 (size before relaxing)
 .comment       0x00000045       0x24 main.o
 .comment       0x00000045       0x24 C:\Users\stefe\AppData\Local\Temp\ccOpfPjc.ltrans0.ltrans.o
 .comment       0x00000045       0x23 C:/devkitPro/libtonc/lib\libtonc.a(tonc_oam.o)
 .comment       0x00000045       0x23 C:/devkitPro/libtonc/lib\libtonc.a(tonc_input.o)
 .comment       0x00000045       0x23 C:/devkitPro/libtonc/lib\libtonc.a(tte_main.o)
 .comment       0x00000045       0x23 C:/devkitPro/libtonc/lib\libtonc.a(tte_init_se.o)
 .comment       0x00000045       0x23 C:/devkitPro/libtonc/lib\libtonc.a(tonc_surface.o)
 .comment       0x00000045       0x23 C:/devkitPro/libtonc/lib\libtonc.a(se_drawg.o)
 .comment       0x00000045       0x23 C:/devkitPro/libtonc/lib\libtonc.a(tonc_sbmp16.o)
 .comment       0x00000045       0x24 C:/devkitPro/devkitARM/bin/../lib/gcc/arm-none-eabi/14.2.0/../../../../arm-none-eabi/lib/thumb\libc.a(libc_a-rand.o)
 .comment       0x00000045       0x24 C:/devkitPro/devkitARM/bin/../lib/gcc/arm-none-eabi/14.2.0/../../../../arm-none-eabi/lib/thumb\libc.a(libc_a-sprintf.o)
 .comment       0x00000045       0x24 C:/devkitPro/devkitARM/bin/../lib/gcc/arm-none-eabi/14.2.0/../../../../arm-none-eabi/lib/thumb\libc.a(libc_a-svfprintf.o)
 .comment       0x00000045       0x24 C:/devkitPro/devkitARM/bin/../lib/gcc/arm-none-eabi/14.2.0/../../../../arm-none-eabi/lib/thumb\libc.a(libc_a-strtol.o)
 .comment       0x00000045       0x24 C:/devkitPro/devkitARM/bin/../lib/gcc/arm-none-eabi/14.2.0/../../../../arm-none-eabi/lib/thumb\libc.a(libc_a-errno.o)
 .comment       0x00000045       0x24 C:/devkitPro/devkitARM/bin/../lib/gcc/arm-none-eabi/14.2.0/../../../../arm-none-eabi/lib/thumb\libc.a(libc_a-memcpy-stub.o)
 .comment       0x00000045       0x24 C:/devkitPro/devkitARM/bin/../lib/gcc/arm-none-eabi/14.2.0/../../../../arm-none-eabi/lib/thumb\libc.a(libc_a-ctype_.o)
 .comment       0x00000045       0x24 C:/devkitPro/devkitARM/bin/../lib/gcc/arm-none-eabi/14.2.0/../../../../arm-none-eabi/lib/thumb\libc.a(libc_a-time.o)
 .comment       0x00000045       0x24 C:/devkitPro/devkitARM/bin/../lib/gcc/arm-none-eabi/14.2.0/../../../../arm-none-eabi/lib/thumb\libc.a(libc_a-memset.o)
 .comment       0x00000045       0x24 C:/devkitPro/devkitARM/bin/../lib/gcc/arm-none-eabi/14.2.0/../../../../arm-none-eabi/lib/thumb\libc.a(libc_a-strncpy.o)
 .comment       0x00000045       0x24 C:/devkitPro/devkitARM/bin/../lib/gcc/arm-none-eabi/14.2.0/../../../../arm-none-eabi/lib/thumb\libc.a(libc_a-wcsrtombs.o)
 .comment       0x00000045       0x24 C:/devkitPro/devkitARM/bin/../lib/gcc/arm-none-eabi/14.2.0/../../../../arm-none-eabi/lib/thumb\libc.a(libc_a-svfiprintf.o)
 .comment       0x00000045       0x24 C:/devkitPro/devkitARM/bin/../lib/gcc/arm-none-eabi/14.2.0/../../../../arm-none-eabi/lib/thumb\libc.a(libc_a-init.o)
 .comment       0x00000045       0x24 C:/devkitPro/devkitARM/bin/../lib/gcc/arm-none-eabi/14.2.0/../../../../arm-none-eabi/lib/thumb\libc.a(libm_a-s_frexp.o)
 .comment       0x00000045       0x24 C:/devkitPro/devkitARM/bin/../lib/gcc/arm-none-eabi/14.2.0/../../../../arm-none-eabi/lib/thumb\libc.a(libc_a-strlen-stub.o)
 .comment       0x00000045       0x24 C:/devkitPro/devkitARM/bin/../lib/gcc/arm-none-eabi/14.2.0/../../../../arm-none-eabi/lib/thumb\libc.a(libc_a-locale.o)
 .comment       0x00000045       0x24 C:/devkitPro/devkitARM/bin/../lib/gcc/arm-none-eabi/14.2.0/../../../../arm-none-eabi/lib/thumb\libc.a(libc_a-ssprint_r.o)
 .comment       0x00000045       0x24 C:/devkitPro/devkitARM/bin/../lib/gcc/arm-none-eabi/14.2.0/../../../../arm-none-eabi/lib/thumb\libc.a(libc_a-memchr-stub.o)
 .comment       0x00000045       0x24 C:/devkitPro/devkitARM/bin/../lib/gcc/arm-none-eabi/14.2.0/../../../../arm-none-eabi/lib/thumb\libc.a(libc_a-wcsnrtombs.o)
 .comment       0x00000045       0x24 C:/devkitPro/devkitARM/bin/../lib/gcc/arm-none-eabi/14.2.0/../../../../arm-none-eabi/lib/thumb\libc.a(libc_a-mbtowc_r.o)
 .comment       0x00000045       0x24 C:/devkitPro/devkitARM/bin/../lib/gcc/arm-none-eabi/14.2.0/../../../../arm-none-eabi/lib/thumb\libc.a(libc_a-localeconv.o)
 .comment       0x00000045       0x24 C:/devkitPro/devkitARM/bin/../lib/gcc/arm-none-eabi/14.2.0/../../../../arm-none-eabi/lib/thumb\libc.a(libc_a-mallocr.o)
 .comment       0x00000045       0x24 C:/devkitPro/devkitARM/bin/../lib/gcc/arm-none-eabi/14.2.0/../../../../arm-none-eabi/lib/thumb\libc.a(libc_a-dtoa.o)
 .comment       0x00000045       0x24 C:/devkitPro/devkitARM/bin/../lib/gcc/arm-none-eabi/14.2.0/../../../../arm-none-eabi/lib/thumb\libc.a(libc_a-wcrtomb.o)
 .comment       0x00000045       0x24 C:/devkitPro/devkitARM/bin/../lib/gcc/arm-none-eabi/14.2.0/../../../../arm-none-eabi/lib/thumb\libc.a(libc_a-freer.o)
 .comment       0x00000045       0x24 C:/devkitPro/devkitARM/bin/../lib/gcc/arm-none-eabi/14.2.0/../../../../arm-none-eabi/lib/thumb\libc.a(libc_a-ssputs_r.o)
 .comment       0x00000045       0x24 C:/devkitPro/devkitARM/bin/../lib/gcc/arm-none-eabi/14.2.0/../../../../arm-none-eabi/lib/thumb\libc.a(libc_a-mlock.o)
 .comment       0x00000045       0x24 C:/devkitPro/devkitARM/bin/../lib/gcc/arm-none-eabi/14.2.0/../../../../arm-none-eabi/lib/thumb\libc.a(libc_a-wctomb_r.o)
 .comment       0x00000045       0x24 C:/devkitPro/devkitARM/bin/../lib/gcc/arm-none-eabi/14.2.0/../../../../arm-none-eabi/lib/thumb\libc.a(libc_a-memmove.o)
 .comment       0x00000045       0x24 C:/devkitPro/devkitARM/bin/../lib/gcc/arm-none-eabi/14.2.0/../../../../arm-none-eabi/lib/thumb\libc.a(libc_a-assert.o)
 .comment       0x00000045       0x24 C:/devkitPro/devkitARM/bin/../lib/gcc/arm-none-eabi/14.2.0/../../../../arm-none-eabi/lib/thumb\libc.a(libc_a-mprec.o)
 .comment       0x00000045       0x24 C:/devkitPro/devkitARM/bin/../lib/gcc/arm-none-eabi/14.2.0/../../../../arm-none-eabi/lib/thumb\libc.a(libc_a-fiprintf.o)
 .comment       0x00000045       0x24 C:/devkitPro/devkitARM/bin/../lib/gcc/arm-none-eabi/14.2.0/../../../../arm-none-eabi/lib/thumb\libc.a(libc_a-abort.o)
 .comment       0x00000045       0x24 C:/devkitPro/devkitARM/bin/../lib/gcc/arm-none-eabi/14.2.0/../../../../arm-none-eabi/lib/thumb\libc.a(libc_a-callocr.o)
 .comment       0x00000045       0x24 C:/devkitPro/devkitARM/bin/../lib/gcc/arm-none-eabi/14.2.0/../../../../arm-none-eabi/lib/thumb\libc.a(libc_a-reallocr.o)
 .comment       0x00000045       0x24 C:/devkitPro/devkitARM/bin/../lib/gcc/arm-none-eabi/14.2.0/../../../../arm-none-eabi/lib/thumb\libc.a(libc_a-signal.o)
 .comment       0x00000045       0x24 C:/devkitPro/devkitARM/bin/../lib/gcc/arm-none-eabi/14.2.0/../../../../arm-none-eabi/lib/thumb\libc.a(libc_a-vfiprintf.o)
 .comment       0x00000045       0x24 C:/devkitPro/devkitARM/bin/../lib/gcc/arm-none-eabi/14.2.0/../../../../arm-none-eabi/lib/thumb\libc.a(libc_a-sprint_r.o)
 .comment       0x00000045       0x24 C:/devkitPro/devkitARM/bin/../lib/gcc/arm-none-eabi/14.2.0/../../../../arm-none-eabi/lib/thumb\libc.a(libc_a-findfp.o)
 .comment       0x00000045       0x24 C:/devkitPro/devkitARM/bin/../lib/gcc/arm-none-eabi/14.2.0/../../../../arm-none-eabi/lib/thumb\libc.a(libc_a-fwalk.o)
 .comment       0x00000045       0x24 C:/devkitPro/devkitARM/bin/../lib/gcc/arm-none-eabi/14.2.0/../../../../arm-none-eabi/lib/thumb\libc.a(libc_a-wsetup.o)
 .comment       0x00000045       0x24 C:/devkitPro/devkitARM/bin/../lib/gcc/arm-none-eabi/14.2.0/../../../../arm-none-eabi/lib/thumb\libc.a(libc_a-fflush.o)
 .comment       0x00000045       0x24 C:/devkitPro/devkitARM/bin/../lib/gcc/arm-none-eabi/14.2.0/../../../../arm-none-eabi/lib/thumb\libc.a(libc_a-impure.o)
 .comment       0x00000045       0x24 C:/devkitPro/devkitARM/bin/../lib/gcc/arm-none-eabi/14.2.0/../../../../arm-none-eabi/lib/thumb\libc.a(libc_a-fvwrite.o)
 .comment       0x00000045       0x24 C:/devkitPro/devkitARM/bin/../lib/gcc/arm-none-eabi/14.2.0/../../../../arm-none-eabi/lib/thumb\libc.a(libc_a-stdio.o)
 .comment       0x00000045       0x24 C:/devkitPro/devkitARM/bin/../lib/gcc/arm-none-eabi/14.2.0/../../../../arm-none-eabi/lib/thumb\libc.a(libc_a-fclose.o)
 .comment       0x00000045       0x24 C:/devkitPro/devkitARM/bin/../lib/gcc/arm-none-eabi/14.2.0/../../../../arm-none-eabi/lib/thumb\libc.a(libc_a-makebuf.o)
 .comment       0x00000045       0x24 C:/devkitPro/devkitARM/bin/../lib/gcc/arm-none-eabi/14.2.0/../../../../arm-none-eabi/lib/thumb\libc.a(libc_a-malignr.o)
 .comment       0x00000045       0x24 C:/devkitPro/devkitARM/bin/../lib/gcc/arm-none-eabi/14.2.0/../../../../arm-none-eabi/lib/thumb\libsysbase.a(libsysbase_libsysbase_a-_exit.o)
 .comment       0x00000045       0x24 C:/devkitPro/devkitARM/bin/../lib/gcc/arm-none-eabi/14.2.0/../../../../arm-none-eabi/lib/thumb\libsysbase.a(libsysbase_libsysbase_a-fstat.o)
 .comment       0x00000045       0x24 C:/devkitPro/devkitARM/bin/../lib/gcc/arm-none-eabi/14.2.0/../../../../arm-none-eabi/lib/thumb\libsysbase.a(libsysbase_libsysbase_a-getpid.o)
 .comment       0x00000045       0x24 C:/devkitPro/devkitARM/bin/../lib/gcc/arm-none-eabi/14.2.0/../../../../arm-none-eabi/lib/thumb\libsysbase.a(libsysbase_libsysbase_a-getreent.o)
 .comment       0x00000045       0x24 C:/devkitPro/devkitARM/bin/../lib/gcc/arm-none-eabi/14.2.0/../../../../arm-none-eabi/lib/thumb\libsysbase.a(libsysbase_libsysbase_a-gettod.o)
 .comment       0x00000045       0x24 C:/devkitPro/devkitARM/bin/../lib/gcc/arm-none-eabi/14.2.0/../../../../arm-none-eabi/lib/thumb\libsysbase.a(libsysbase_libsysbase_a-handle_manager.o)
 .comment       0x00000045       0x24 C:/devkitPro/devkitARM/bin/../lib/gcc/arm-none-eabi/14.2.0/../../../../arm-none-eabi/lib/thumb\libsysbase.a(libsysbase_libsysbase_a-iosupport.o)
 .comment       0x00000045       0x24 C:/devkitPro/devkitARM/bin/../lib/gcc/arm-none-eabi/14.2.0/../../../../arm-none-eabi/lib/thumb\libsysbase.a(libsysbase_libsysbase_a-isatty.o)
 .comment       0x00000045       0x24 C:/devkitPro/devkitARM/bin/../lib/gcc/arm-none-eabi/14.2.0/../../../../arm-none-eabi/lib/thumb\libsysbase.a(libsysbase_libsysbase_a-kill.o)
 .comment       0x00000045       0x24 C:/devkitPro/devkitARM/bin/../lib/gcc/arm-none-eabi/14.2.0/../../../../arm-none-eabi/lib/thumb\libsysbase.a(libsysbase_libsysbase_a-lseek.o)
 .comment       0x00000045       0x24 C:/devkitPro/devkitARM/bin/../lib/gcc/arm-none-eabi/14.2.0/../../../../arm-none-eabi/lib/thumb\libsysbase.a(libsysbase_libsysbase_a-malloc_vars.o)
 .comment       0x00000045       0x24 C:/devkitPro/devkitARM/bin/../lib/gcc/arm-none-eabi/14.2.0/../../../../arm-none-eabi/lib/thumb\libsysbase.a(libsysbase_libsysbase_a-read.o)
 .comment       0x00000045       0x24 C:/devkitPro/devkitARM/bin/../lib/gcc/arm-none-eabi/14.2.0/../../../../arm-none-eabi/lib/thumb\libsysbase.a(libsysbase_libsysbase_a-sbrk.o)
 .comment       0x00000045       0x24 C:/devkitPro/devkitARM/bin/../lib/gcc/arm-none-eabi/14.2.0/../../../../arm-none-eabi/lib/thumb\libsysbase.a(libsysbase_libsysbase_a-syscall_support.o)
 .comment       0x00000045       0x24 C:/devkitPro/devkitARM/bin/../lib/gcc/arm-none-eabi/14.2.0/../../../../arm-none-eabi/lib/thumb\libsysbase.a(libsysbase_libsysbase_a-write.o)
 .comment       0x00000045       0x24 C:/devkitPro/devkitARM/bin/../lib/gcc/arm-none-eabi/14.2.0/thumb\libgcc.a(_muldi3.o)
 .comment       0x00000045       0x24 C:/devkitPro/devkitARM/bin/../lib/gcc/arm-none-eabi/14.2.0/thumb\libgcc.a(_udivmoddi4.o)
 .comment       0x00000045       0x24 C:/devkitPro/devkitARM/bin/../lib/gcc/arm-none-eabi/14.2.0/../../../../arm-none-eabi/lib/thumb\libc.a(libc_a-malloc.o)
 .comment       0x00000045       0x24 C:/devkitPro/devkitARM/bin/../lib/gcc/arm-none-eabi/14.2.0/thumb/crtend.o

.debug
 *(.debug)

.line
 *(.line)

.debug_srcinfo
 *(.debug_srcinfo)

.debug_sfnames
 *(.debug_sfnames)

.debug_aranges
 *(.debug_aranges)

.debug_pubnames
 *(.debug_pubnames)

.debug_info
 *(.debug_info)

.debug_abbrev
 *(.debug_abbrev)

.debug_line
 *(.debug_line)

.debug_frame
 *(.debug_frame)

.debug_str
 *(.debug_str)

.debug_loc
 *(.debug_loc)

.debug_macinfo
 *(.debug_macinfo)

.debug_weaknames
 *(.debug_weaknames)

.debug_funcnames
 *(.debug_funcnames)

.debug_typenames
 *(.debug_typenames)

.debug_varnames
 *(.debug_varnames)

.stack          0x00080000        0x0
                0x00080000                        _stack = .
 *(.stack)

.note.gnu.arm.ident
 *(.note.gnu.arm.ident)

.ARM.attributes
                0x00000000       0x2c
 *(.ARM.attributes)
 .ARM.attributes
                0x00000000       0x20 C:/devkitPro/devkitARM/bin/../lib/gcc/arm-none-eabi/14.2.0/../../../../arm-none-eabi/lib/thumb/gba_crt0.o
 .ARM.attributes
                0x00000020       0x1c C:/devkitPro/devkitARM/bin/../lib/gcc/arm-none-eabi/14.2.0/thumb/crti.o
 .ARM.attributes
                0x0000003c       0x2a C:/devkitPro/devkitARM/bin/../lib/gcc/arm-none-eabi/14.2.0/thumb/crtbegin.o
 .ARM.attributes
                0x00000066       0x26 main.o
 .ARM.attributes
                0x0000008c       0x28 C:\Users\stefe\AppData\Local\Temp\ccOpfPjc.ltrans0.ltrans.o
 .ARM.attributes
                0x000000b4       0x2a C:/devkitPro/libtonc/lib\libtonc.a(tonc_oam.o)
 .ARM.attributes
                0x000000de       0x2a C:/devkitPro/libtonc/lib\libtonc.a(tonc_input.o)
 .ARM.attributes
                0x00000108       0x2a C:/devkitPro/libtonc/lib\libtonc.a(tte_main.o)
 .ARM.attributes
                0x00000132       0x2a C:/devkitPro/libtonc/lib\libtonc.a(tte_init_se.o)
 .ARM.attributes
                0x0000015c       0x1a C:/devkitPro/libtonc/lib\libtonc.a(tonc_bios.o)
 .ARM.attributes
                0x00000176       0x1a C:/devkitPro/libtonc/lib\libtonc.a(tonc_memcpy.o)
 .ARM.attributes
                0x00000190       0x1a C:/devkitPro/libtonc/lib\libtonc.a(tonc_bios_ex.o)
 .ARM.attributes
                0x000001aa       0x1a C:/devkitPro/libtonc/lib\libtonc.a(sys8.o)
 .ARM.attributes
                0x000001c4       0x2a C:/devkitPro/libtonc/lib\libtonc.a(tonc_surface.o)
 .ARM.attributes
                0x000001ee       0x2a C:/devkitPro/libtonc/lib\libtonc.a(se_drawg.o)
 .ARM.attributes
                0x00000218       0x2a C:/devkitPro/libtonc/lib\libtonc.a(tonc_sbmp16.o)
 .ARM.attributes
                0x00000242       0x1a C:/devkitPro/libtonc/lib\libtonc.a(tonc_memset.o)
 .ARM.attributes
                0x0000025c       0x1c C:/devkitPro/devkitARM/bin/../lib/gcc/arm-none-eabi/14.2.0/thumb\libgcc.a(_divsi3.o)
 .ARM.attributes
                0x00000278       0x1c C:/devkitPro/devkitARM/bin/../lib/gcc/arm-none-eabi/14.2.0/thumb\libgcc.a(_dvmd_tls.o)
 .ARM.attributes
                0x00000294       0x1c C:/devkitPro/devkitARM/bin/../lib/gcc/arm-none-eabi/14.2.0/thumb\libgcc.a(_sync_none.o)
 .ARM.attributes
                0x000002b0       0x2a C:/devkitPro/devkitARM/bin/../lib/gcc/arm-none-eabi/14.2.0/../../../../arm-none-eabi/lib/thumb\libc.a(libc_a-rand.o)
 .ARM.attributes
                0x000002da       0x2a C:/devkitPro/devkitARM/bin/../lib/gcc/arm-none-eabi/14.2.0/../../../../arm-none-eabi/lib/thumb\libc.a(libc_a-sprintf.o)
 .ARM.attributes
                0x00000304       0x2a C:/devkitPro/devkitARM/bin/../lib/gcc/arm-none-eabi/14.2.0/../../../../arm-none-eabi/lib/thumb\libc.a(libc_a-svfprintf.o)
 .ARM.attributes
                0x0000032e       0x2a C:/devkitPro/devkitARM/bin/../lib/gcc/arm-none-eabi/14.2.0/../../../../arm-none-eabi/lib/thumb\libc.a(libc_a-strtol.o)
 .ARM.attributes
                0x00000358       0x2a C:/devkitPro/devkitARM/bin/../lib/gcc/arm-none-eabi/14.2.0/../../../../arm-none-eabi/lib/thumb\libc.a(libc_a-errno.o)
 .ARM.attributes
                0x00000382       0x2a C:/devkitPro/devkitARM/bin/../lib/gcc/arm-none-eabi/14.2.0/../../../../arm-none-eabi/lib/thumb\libc.a(libc_a-memcpy-stub.o)
 .ARM.attributes
                0x000003ac       0x2a C:/devkitPro/devkitARM/bin/../lib/gcc/arm-none-eabi/14.2.0/../../../../arm-none-eabi/lib/thumb\libc.a(libc_a-ctype_.o)
 .ARM.attributes
                0x000003d6       0x2a C:/devkitPro/devkitARM/bin/../lib/gcc/arm-none-eabi/14.2.0/../../../../arm-none-eabi/lib/thumb\libc.a(libc_a-time.o)
 .ARM.attributes
                0x00000400       0x2a C:/devkitPro/devkitARM/bin/../lib/gcc/arm-none-eabi/14.2.0/../../../../arm-none-eabi/lib/thumb\libc.a(libc_a-memset.o)
 .ARM.attributes
                0x0000042a       0x2a C:/devkitPro/devkitARM/bin/../lib/gcc/arm-none-eabi/14.2.0/../../../../arm-none-eabi/lib/thumb\libc.a(libc_a-strncpy.o)
 .ARM.attributes
                0x00000454       0x2a C:/devkitPro/devkitARM/bin/../lib/gcc/arm-none-eabi/14.2.0/../../../../arm-none-eabi/lib/thumb\libc.a(libc_a-wcsrtombs.o)
 .ARM.attributes
                0x0000047e       0x2a C:/devkitPro/devkitARM/bin/../lib/gcc/arm-none-eabi/14.2.0/../../../../arm-none-eabi/lib/thumb\libc.a(libc_a-svfiprintf.o)
 .ARM.attributes
                0x000004a8       0x2a C:/devkitPro/devkitARM/bin/../lib/gcc/arm-none-eabi/14.2.0/../../../../arm-none-eabi/lib/thumb\libc.a(libc_a-init.o)
 .ARM.attributes
                0x000004d2       0x2a C:/devkitPro/devkitARM/bin/../lib/gcc/arm-none-eabi/14.2.0/../../../../arm-none-eabi/lib/thumb\libc.a(libm_a-s_frexp.o)
 .ARM.attributes
                0x000004fc       0x2a C:/devkitPro/devkitARM/bin/../lib/gcc/arm-none-eabi/14.2.0/../../../../arm-none-eabi/lib/thumb\libc.a(libc_a-strlen-stub.o)
 .ARM.attributes
                0x00000526       0x2a C:/devkitPro/devkitARM/bin/../lib/gcc/arm-none-eabi/14.2.0/../../../../arm-none-eabi/lib/thumb\libc.a(libc_a-locale.o)
 .ARM.attributes
                0x00000550       0x2a C:/devkitPro/devkitARM/bin/../lib/gcc/arm-none-eabi/14.2.0/../../../../arm-none-eabi/lib/thumb\libc.a(libc_a-ssprint_r.o)
 .ARM.attributes
                0x0000057a       0x2a C:/devkitPro/devkitARM/bin/../lib/gcc/arm-none-eabi/14.2.0/../../../../arm-none-eabi/lib/thumb\libc.a(libc_a-memchr-stub.o)
 .ARM.attributes
                0x000005a4       0x2a C:/devkitPro/devkitARM/bin/../lib/gcc/arm-none-eabi/14.2.0/../../../../arm-none-eabi/lib/thumb\libc.a(libc_a-strcat.o)
 .ARM.attributes
                0x000005ce       0x2a C:/devkitPro/devkitARM/bin/../lib/gcc/arm-none-eabi/14.2.0/../../../../arm-none-eabi/lib/thumb\libc.a(libc_a-wcsnrtombs.o)
 .ARM.attributes
                0x000005f8       0x2a C:/devkitPro/devkitARM/bin/../lib/gcc/arm-none-eabi/14.2.0/../../../../arm-none-eabi/lib/thumb\libc.a(libc_a-mbtowc_r.o)
 .ARM.attributes
                0x00000622       0x2a C:/devkitPro/devkitARM/bin/../lib/gcc/arm-none-eabi/14.2.0/../../../../arm-none-eabi/lib/thumb\libc.a(libc_a-localeconv.o)
 .ARM.attributes
                0x0000064c       0x2a C:/devkitPro/devkitARM/bin/../lib/gcc/arm-none-eabi/14.2.0/../../../../arm-none-eabi/lib/thumb\libc.a(libc_a-strlcpy.o)
 .ARM.attributes
                0x00000676       0x2a C:/devkitPro/devkitARM/bin/../lib/gcc/arm-none-eabi/14.2.0/../../../../arm-none-eabi/lib/thumb\libc.a(libc_a-mallocr.o)
 .ARM.attributes
                0x000006a0       0x2a C:/devkitPro/devkitARM/bin/../lib/gcc/arm-none-eabi/14.2.0/../../../../arm-none-eabi/lib/thumb\libc.a(libc_a-strcasecmp.o)
 .ARM.attributes
                0x000006ca       0x2a C:/devkitPro/devkitARM/bin/../lib/gcc/arm-none-eabi/14.2.0/../../../../arm-none-eabi/lib/thumb\libc.a(libc_a-dtoa.o)
 .ARM.attributes
                0x000006f4       0x2a C:/devkitPro/devkitARM/bin/../lib/gcc/arm-none-eabi/14.2.0/../../../../arm-none-eabi/lib/thumb\libc.a(libc_a-wcrtomb.o)
 .ARM.attributes
                0x0000071e       0x2a C:/devkitPro/devkitARM/bin/../lib/gcc/arm-none-eabi/14.2.0/../../../../arm-none-eabi/lib/thumb\libc.a(libc_a-freer.o)
 .ARM.attributes
                0x00000748       0x2a C:/devkitPro/devkitARM/bin/../lib/gcc/arm-none-eabi/14.2.0/../../../../arm-none-eabi/lib/thumb\libc.a(libc_a-getenv_r.o)
 .ARM.attributes
                0x00000772       0x2a C:/devkitPro/devkitARM/bin/../lib/gcc/arm-none-eabi/14.2.0/../../../../arm-none-eabi/lib/thumb\libc.a(libc_a-ssputs_r.o)
 .ARM.attributes
                0x0000079c       0x2a C:/devkitPro/devkitARM/bin/../lib/gcc/arm-none-eabi/14.2.0/../../../../arm-none-eabi/lib/thumb\libc.a(libc_a-strncasecmp.o)
 .ARM.attributes
                0x000007c6       0x2a C:/devkitPro/devkitARM/bin/../lib/gcc/arm-none-eabi/14.2.0/../../../../arm-none-eabi/lib/thumb\libc.a(libc_a-mlock.o)
 .ARM.attributes
                0x000007f0       0x2a C:/devkitPro/devkitARM/bin/../lib/gcc/arm-none-eabi/14.2.0/../../../../arm-none-eabi/lib/thumb\libc.a(libc_a-strcpy.o)
 .ARM.attributes
                0x0000081a       0x2a C:/devkitPro/devkitARM/bin/../lib/gcc/arm-none-eabi/14.2.0/../../../../arm-none-eabi/lib/thumb\libc.a(libc_a-wctomb_r.o)
 .ARM.attributes
                0x00000844       0x1a C:/devkitPro/devkitARM/bin/../lib/gcc/arm-none-eabi/14.2.0/../../../../arm-none-eabi/lib/thumb\libc.a(libc_a-strcmp.o)
 .ARM.attributes
                0x0000085e       0x2a C:/devkitPro/devkitARM/bin/../lib/gcc/arm-none-eabi/14.2.0/../../../../arm-none-eabi/lib/thumb\libc.a(libc_a-strncmp.o)
 .ARM.attributes
                0x00000888       0x2a C:/devkitPro/devkitARM/bin/../lib/gcc/arm-none-eabi/14.2.0/../../../../arm-none-eabi/lib/thumb\libc.a(libc_a-strchr.o)
 .ARM.attributes
                0x000008b2       0x2a C:/devkitPro/devkitARM/bin/../lib/gcc/arm-none-eabi/14.2.0/../../../../arm-none-eabi/lib/thumb\libc.a(libc_a-memmove.o)
 .ARM.attributes
                0x000008dc       0x2a C:/devkitPro/devkitARM/bin/../lib/gcc/arm-none-eabi/14.2.0/../../../../arm-none-eabi/lib/thumb\libc.a(libc_a-envlock.o)
 .ARM.attributes
                0x00000906       0x2a C:/devkitPro/devkitARM/bin/../lib/gcc/arm-none-eabi/14.2.0/../../../../arm-none-eabi/lib/thumb\libc.a(libc_a-assert.o)
 .ARM.attributes
                0x00000930       0x2a C:/devkitPro/devkitARM/bin/../lib/gcc/arm-none-eabi/14.2.0/../../../../arm-none-eabi/lib/thumb\libc.a(libc_a-mprec.o)
 .ARM.attributes
                0x0000095a       0x2a C:/devkitPro/devkitARM/bin/../lib/gcc/arm-none-eabi/14.2.0/../../../../arm-none-eabi/lib/thumb\libc.a(libc_a-fiprintf.o)
 .ARM.attributes
                0x00000984       0x2a C:/devkitPro/devkitARM/bin/../lib/gcc/arm-none-eabi/14.2.0/../../../../arm-none-eabi/lib/thumb\libc.a(libc_a-environ.o)
 .ARM.attributes
                0x000009ae       0x2a C:/devkitPro/devkitARM/bin/../lib/gcc/arm-none-eabi/14.2.0/../../../../arm-none-eabi/lib/thumb\libc.a(libc_a-abort.o)
 .ARM.attributes
                0x000009d8       0x2a C:/devkitPro/devkitARM/bin/../lib/gcc/arm-none-eabi/14.2.0/../../../../arm-none-eabi/lib/thumb\libc.a(libc_a-callocr.o)
 .ARM.attributes
                0x00000a02       0x2a C:/devkitPro/devkitARM/bin/../lib/gcc/arm-none-eabi/14.2.0/../../../../arm-none-eabi/lib/thumb\libc.a(libc_a-reallocr.o)
 .ARM.attributes
                0x00000a2c       0x2a C:/devkitPro/devkitARM/bin/../lib/gcc/arm-none-eabi/14.2.0/../../../../arm-none-eabi/lib/thumb\libc.a(libc_a-signal.o)
 .ARM.attributes
                0x00000a56       0x2a C:/devkitPro/devkitARM/bin/../lib/gcc/arm-none-eabi/14.2.0/../../../../arm-none-eabi/lib/thumb\libc.a(libc_a-vfiprintf.o)
 .ARM.attributes
                0x00000a80       0x2a C:/devkitPro/devkitARM/bin/../lib/gcc/arm-none-eabi/14.2.0/../../../../arm-none-eabi/lib/thumb\libc.a(libc_a-sprint_r.o)
 .ARM.attributes
                0x00000aaa       0x2a C:/devkitPro/devkitARM/bin/../lib/gcc/arm-none-eabi/14.2.0/../../../../arm-none-eabi/lib/thumb\libc.a(libc_a-findfp.o)
 .ARM.attributes
                0x00000ad4       0x2a C:/devkitPro/devkitARM/bin/../lib/gcc/arm-none-eabi/14.2.0/../../../../arm-none-eabi/lib/thumb\libc.a(libc_a-fwalk.o)
 .ARM.attributes
                0x00000afe       0x2a C:/devkitPro/devkitARM/bin/../lib/gcc/arm-none-eabi/14.2.0/../../../../arm-none-eabi/lib/thumb\libc.a(libc_a-wsetup.o)
 .ARM.attributes
                0x00000b28       0x2a C:/devkitPro/devkitARM/bin/../lib/gcc/arm-none-eabi/14.2.0/../../../../arm-none-eabi/lib/thumb\libc.a(libc_a-fflush.o)
 .ARM.attributes
                0x00000b52       0x2a C:/devkitPro/devkitARM/bin/../lib/gcc/arm-none-eabi/14.2.0/../../../../arm-none-eabi/lib/thumb\libc.a(libc_a-impure.o)
 .ARM.attributes
                0x00000b7c       0x2a C:/devkitPro/devkitARM/bin/../lib/gcc/arm-none-eabi/14.2.0/../../../../arm-none-eabi/lib/thumb\libc.a(libc_a-fvwrite.o)
 .ARM.attributes
                0x00000ba6       0x2a C:/devkitPro/devkitARM/bin/../lib/gcc/arm-none-eabi/14.2.0/../../../../arm-none-eabi/lib/thumb\libc.a(libc_a-stdio.o)
 .ARM.attributes
                0x00000bd0       0x2a C:/devkitPro/devkitARM/bin/../lib/gcc/arm-none-eabi/14.2.0/../../../../arm-none-eabi/lib/thumb\libc.a(libc_a-fclose.o)
 .ARM.attributes
                0x00000bfa       0x2a C:/devkitPro/devkitARM/bin/../lib/gcc/arm-none-eabi/14.2.0/../../../../arm-none-eabi/lib/thumb\libc.a(libc_a-makebuf.o)
 .ARM.attributes
                0x00000c24       0x2a C:/devkitPro/devkitARM/bin/../lib/gcc/arm-none-eabi/14.2.0/../../../../arm-none-eabi/lib/thumb\libc.a(libc_a-malignr.o)
 .ARM.attributes
                0x00000c4e       0x2a C:/devkitPro/devkitARM/bin/../lib/gcc/arm-none-eabi/14.2.0/../../../../arm-none-eabi/lib/thumb\libsysbase.a(libsysbase_libsysbase_a-_exit.o)
 .ARM.attributes
                0x00000c78       0x2a C:/devkitPro/devkitARM/bin/../lib/gcc/arm-none-eabi/14.2.0/../../../../arm-none-eabi/lib/thumb\libsysbase.a(libsysbase_libsysbase_a-fstat.o)
 .ARM.attributes
                0x00000ca2       0x2a C:/devkitPro/devkitARM/bin/../lib/gcc/arm-none-eabi/14.2.0/../../../../arm-none-eabi/lib/thumb\libsysbase.a(libsysbase_libsysbase_a-getpid.o)
 .ARM.attributes
                0x00000ccc       0x2a C:/devkitPro/devkitARM/bin/../lib/gcc/arm-none-eabi/14.2.0/../../../../arm-none-eabi/lib/thumb\libsysbase.a(libsysbase_libsysbase_a-getreent.o)
 .ARM.attributes
                0x00000cf6       0x2a C:/devkitPro/devkitARM/bin/../lib/gcc/arm-none-eabi/14.2.0/../../../../arm-none-eabi/lib/thumb\libsysbase.a(libsysbase_libsysbase_a-gettod.o)
 .ARM.attributes
                0x00000d20       0x2a C:/devkitPro/devkitARM/bin/../lib/gcc/arm-none-eabi/14.2.0/../../../../arm-none-eabi/lib/thumb\libsysbase.a(libsysbase_libsysbase_a-handle_manager.o)
 .ARM.attributes
                0x00000d4a       0x2a C:/devkitPro/devkitARM/bin/../lib/gcc/arm-none-eabi/14.2.0/../../../../arm-none-eabi/lib/thumb\libsysbase.a(libsysbase_libsysbase_a-iosupport.o)
 .ARM.attributes
                0x00000d74       0x2a C:/devkitPro/devkitARM/bin/../lib/gcc/arm-none-eabi/14.2.0/../../../../arm-none-eabi/lib/thumb\libsysbase.a(libsysbase_libsysbase_a-isatty.o)
 .ARM.attributes
                0x00000d9e       0x2a C:/devkitPro/devkitARM/bin/../lib/gcc/arm-none-eabi/14.2.0/../../../../arm-none-eabi/lib/thumb\libsysbase.a(libsysbase_libsysbase_a-kill.o)
 .ARM.attributes
                0x00000dc8       0x2a C:/devkitPro/devkitARM/bin/../lib/gcc/arm-none-eabi/14.2.0/../../../../arm-none-eabi/lib/thumb\libsysbase.a(libsysbase_libsysbase_a-lseek.o)
 .ARM.attributes
                0x00000df2       0x2a C:/devkitPro/devkitARM/bin/../lib/gcc/arm-none-eabi/14.2.0/../../../../arm-none-eabi/lib/thumb\libsysbase.a(libsysbase_libsysbase_a-malloc_vars.o)
 .ARM.attributes
                0x00000e1c       0x2a C:/devkitPro/devkitARM/bin/../lib/gcc/arm-none-eabi/14.2.0/../../../../arm-none-eabi/lib/thumb\libsysbase.a(libsysbase_libsysbase_a-read.o)
 .ARM.attributes
                0x00000e46       0x2a C:/devkitPro/devkitARM/bin/../lib/gcc/arm-none-eabi/14.2.0/../../../../arm-none-eabi/lib/thumb\libsysbase.a(libsysbase_libsysbase_a-sbrk.o)
 .ARM.attributes
                0x00000e70       0x2a C:/devkitPro/devkitARM/bin/../lib/gcc/arm-none-eabi/14.2.0/../../../../arm-none-eabi/lib/thumb\libsysbase.a(libsysbase_libsysbase_a-syscall_support.o)
 .ARM.attributes
                0x00000e9a       0x2a C:/devkitPro/devkitARM/bin/../lib/gcc/arm-none-eabi/14.2.0/../../../../arm-none-eabi/lib/thumb\libsysbase.a(libsysbase_libsysbase_a-write.o)
 .ARM.attributes
                0x00000ec4       0x2a C:/devkitPro/devkitARM/bin/../lib/gcc/arm-none-eabi/14.2.0/../../../../arm-none-eabi/lib/thumb\libsysbase.a(libsysbase_libsysbase_a-clocks.o)
 .ARM.attributes
                0x00000eee       0x1c C:/devkitPro/devkitARM/bin/../lib/gcc/arm-none-eabi/14.2.0/thumb\libgcc.a(_thumb1_case_uqi.o)
 .ARM.attributes
                0x00000f0a       0x1c C:/devkitPro/devkitARM/bin/../lib/gcc/arm-none-eabi/14.2.0/thumb\libgcc.a(_thumb1_case_uhi.o)
 .ARM.attributes
                0x00000f26       0x1c C:/devkitPro/devkitARM/bin/../lib/gcc/arm-none-eabi/14.2.0/thumb\libgcc.a(_arm_muldf3.o)
 .ARM.attributes
                0x00000f42       0x1c C:/devkitPro/devkitARM/bin/../lib/gcc/arm-none-eabi/14.2.0/thumb\libgcc.a(_udivsi3.o)
 .ARM.attributes
                0x00000f5e       0x1c C:/devkitPro/devkitARM/bin/../lib/gcc/arm-none-eabi/14.2.0/thumb\libgcc.a(_arm_addsubdf3.o)
 .ARM.attributes
                0x00000f7a       0x1c C:/devkitPro/devkitARM/bin/../lib/gcc/arm-none-eabi/14.2.0/thumb\libgcc.a(_arm_muldivdf3.o)
 .ARM.attributes
                0x00000f96       0x1c C:/devkitPro/devkitARM/bin/../lib/gcc/arm-none-eabi/14.2.0/thumb\libgcc.a(_arm_cmpdf2.o)
 .ARM.attributes
                0x00000fb2       0x1c C:/devkitPro/devkitARM/bin/../lib/gcc/arm-none-eabi/14.2.0/thumb\libgcc.a(_arm_unorddf2.o)
 .ARM.attributes
                0x00000fce       0x1c C:/devkitPro/devkitARM/bin/../lib/gcc/arm-none-eabi/14.2.0/thumb\libgcc.a(_arm_fixdfsi.o)
 .ARM.attributes
                0x00000fea       0x1c C:/devkitPro/devkitARM/bin/../lib/gcc/arm-none-eabi/14.2.0/thumb\libgcc.a(_aeabi_uldivmod.o)
 .ARM.attributes
                0x00001006       0x2a C:/devkitPro/devkitARM/bin/../lib/gcc/arm-none-eabi/14.2.0/thumb\libgcc.a(_muldi3.o)
 .ARM.attributes
                0x00001030       0x2a C:/devkitPro/devkitARM/bin/../lib/gcc/arm-none-eabi/14.2.0/thumb\libgcc.a(_udivmoddi4.o)
 .ARM.attributes
                0x0000105a       0x1c C:/devkitPro/devkitARM/bin/../lib/gcc/arm-none-eabi/14.2.0/thumb\libgcc.a(_clzdi2.o)
 .ARM.attributes
                0x00001076       0x1c C:/devkitPro/devkitARM/bin/../lib/gcc/arm-none-eabi/14.2.0/thumb\libgcc.a(_clzsi2.o)
 .ARM.attributes
                0x00001092       0x2a C:/devkitPro/devkitARM/bin/../lib/gcc/arm-none-eabi/14.2.0/../../../../arm-none-eabi/lib/thumb\libc.a(libc_a-malloc.o)
 .ARM.attributes
                0x000010bc       0x2a C:/devkitPro/devkitARM/bin/../lib/gcc/arm-none-eabi/14.2.0/thumb/crtend.o
 .ARM.attributes