Archive member included to satisfy reference by file (symbol)

C:/devkitPro/libtonc/lib\libtonc.a(tonc_oam.o)
                              main.o (oam_init)
C:/devkitPro/libtonc/lib\libtonc.a(tonc_input.o)
                              main.o (key_poll)
C:/devkitPro/libtonc/lib\libtonc.a(tte_main.o)
                              main.o (tte_write)
C:/devkitPro/libtonc/lib\libtonc.a(tte_init_se.o)
                              main.o (tte_init_se)
C:/devkitPro/libtonc/lib\libtonc.a(tonc_bios.o)
                              C:/devkitPro/libtonc/lib\libtonc.a(tonc_input.o) (VBlankIntrWait)
C:/devkitPro/libtonc/lib\libtonc.a(tonc_memcpy.o)
                              main.o (memcpy32)
C:/devkitPro/libtonc/lib\libtonc.a(tonc_bios_ex.o)
                              C:/devkitPro/libtonc/lib\libtonc.a(tte_main.o) (VBlankIntrDelay)
C:/devkitPro/libtonc/lib\libtonc.a(sys8.o)
                              main.o (sys8Font)
C:/devkitPro/libtonc/lib\libtonc.a(tonc_surface.o)
                              C:/devkitPro/libtonc/lib\libtonc.a(tte_init_se.o) (srf_init)
C:/devkitPro/libtonc/lib\libtonc.a(se_drawg.o)
                              C:/devkitPro/libtonc/lib\libtonc.a(tte_init_se.o) (se_erase)
C:/devkitPro/libtonc/lib\libtonc.a(tonc_sbmp16.o)
                              C:/devkitPro/libtonc/lib\libtonc.a(se_drawg.o) (sbmp16_rect)
C:/devkitPro/libtonc/lib\libtonc.a(tonc_memset.o)
                              C:/devkitPro/libtonc/lib\libtonc.a(tonc_sbmp16.o) (memset16)
C:/devkitPro/devkitARM/bin/../lib/gcc/arm-none-eabi/14.2.0/thumb\libgcc.a(_divsi3.o)
                              C:/devkitPro/libtonc/lib\libtonc.a(tte_main.o) (__aeabi_idiv)
C:/devkitPro/devkitARM/bin/../lib/gcc/arm-none-eabi/14.2.0/thumb\libgcc.a(_dvmd_tls.o)
                              C:/devkitPro/devkitARM/bin/../lib/gcc/arm-none-eabi/14.2.0/thumb\libgcc.a(_divsi3.o) (__aeabi_idiv0)
C:/devkitPro/devkitARM/bin/../lib/gcc/arm-none-eabi/14.2.0/thumb\libgcc.a(_sync_none.o)
                              (__sync_synchronize_none)
C:/devkitPro/devkitARM/bin/../lib/gcc/arm-none-eabi/14.2.0/../../../../arm-none-eabi/lib/thumb\libc.a(libc_a-rand.o)
                              main.o (srand)
C:/devkitPro/devkitARM/bin/../lib/gcc/arm-none-eabi/14.2.0/../../../../arm-none-eabi/lib/thumb\libc.a(libc_a-sprintf.o)
                              main.o (sprintf)
C:/devkitPro/devkitARM/bin/../lib/gcc/arm-none-eabi/14.2.0/../../../../arm-none-eabi/lib/thumb\libc.a(libc_a-svfprintf.o)
                              C:/devkitPro/devkitARM/bin/../lib/gcc/arm-none-eabi/14.2.0/../../../../arm-none-eabi/lib/thumb\libc.a(libc_a-sprintf.o) (_svfprintf_r)
C:/devkitPro/devkitARM/bin/../lib/gcc/arm-none-eabi/14.2.0/../../../../arm-none-eabi/lib/thumb\libc.a(libc_a-strtol.o)
                              C:/devkitPro/libtonc/lib\libtonc.a(tte_main.o) (strtol)
C:/devkitPro/devkitARM/bin/../lib/gcc/arm-none-eabi/14.2.0/../../../../arm-none-eabi/lib/thumb\libc.a(libc_a-errno.o)
                              C:/devkitPro/devkitARM/bin/../lib/gcc/arm-none-eabi/14.2.0/../../../../arm-none-eabi/lib/thumb\libc.a(libc_a-strtol.o) (__errno)
C:/devkitPro/devkitARM/bin/../lib/gcc/arm-none-eabi/14.2.0/../../../../arm-none-eabi/lib/thumb\libc.a(libc_a-memcpy-stub.o)
                              main.o (memcpy)
C:/devkitPro/devkitARM/bin/../lib/gcc/arm-none-eabi/14.2.0/../../../../arm-none-eabi/lib/thumb\libc.a(libc_a-ctype_.o)
                              C:/devkitPro/libtonc/lib\libtonc.a(tte_main.o) (_ctype_)
C:/devkitPro/devkitARM/bin/../lib/gcc/arm-none-eabi/14.2.0/../../../../arm-none-eabi/lib/thumb\libc.a(libc_a-time.o)
                              main.o (time)
C:/devkitPro/devkitARM/bin/../lib/gcc/arm-none-eabi/14.2.0/../../../../arm-none-eabi/lib/thumb\libc.a(libc_a-memset.o)
                              C:/devkitPro/libtonc/lib\libtonc.a(tte_main.o) (memset)
C:/devkitPro/devkitARM/bin/../lib/gcc/arm-none-eabi/14.2.0/../../../../arm-none-eabi/lib/thumb\libc.a(libc_a-strncpy.o)
                              C:/devkitPro/devkitARM/bin/../lib/gcc/arm-none-eabi/14.2.0/../../../../arm-none-eabi/lib/thumb\libc.a(libc_a-svfprintf.o) (strncpy)
C:/devkitPro/devkitARM/bin/../lib/gcc/arm-none-eabi/14.2.0/../../../../arm-none-eabi/lib/thumb\libc.a(libc_a-wcsrtombs.o)
                              C:/devkitPro/devkitARM/bin/../lib/gcc/arm-none-eabi/14.2.0/../../../../arm-none-eabi/lib/thumb\libc.a(libc_a-svfprintf.o) (_wcsrtombs_r)
C:/devkitPro/devkitARM/bin/../lib/gcc/arm-none-eabi/14.2.0/../../../../arm-none-eabi/lib/thumb\libc.a(libc_a-svfiprintf.o)
                              C:/devkitPro/devkitARM/bin/../lib/gcc/arm-none-eabi/14.2.0/../../../../arm-none-eabi/lib/thumb\libc.a(libc_a-svfprintf.o) (__chclass)
C:/devkitPro/devkitARM/bin/../lib/gcc/arm-none-eabi/14.2.0/../../../../arm-none-eabi/lib/thumb\libc.a(libc_a-init.o)
[...]
Memory Configuration

Name             Origin             Length             Attributes
rom              0x08000000         0x02000000
iwram            0x03000000         0x00008000
ewram            0x02000000         0x00040000
*default*        0x00000000         0xffffffff

Linker script and memory map

                0x00000000                        __sync_synchronize = __sync_synchronize_none
                0x08000000                        __text_start = ORIGIN (rom)
                0x02040000                        __eheap_end = (ORIGIN (ewram) + LENGTH (ewram))
                0x03000000                        __iwram_start = ORIGIN (iwram)
                0x03008000                        __iwram_top = (ORIGIN (iwram) + LENGTH (iwram))
                0x03007fa0                        __sp_irq = (__iwram_top - 0x60)
                0x03007f00                        __sp_usr = (__sp_irq - 0xa0)
                0x03007ff8                        __irq_flags = 0x3007ff8
                0x08000000                        . = __text_start

.crt0           0x08000000      0x210
 *(.crt0)
 .crt0          0x08000000      0x210 C:/devkitPro/devkitARM/bin/../lib/gcc/arm-none-eabi/14.2.0/../../../../arm-none-eabi/lib/thumb/gba_crt0.o
                0x08000000                _start
                0x080000c4                __boot_method
                0x080000c5                __slave_number
                0x080000e0                start_vector
                0x08000210                        . = ALIGN (0x4)

.init           0x08000210        0xc
 *(SORT_NONE(.init))
 .init          0x08000210        0x4 C:/devkitPro/devkitARM/bin/../lib/gcc/arm-none-eabi/14.2.0/thumb/crti.o
                0x08000210                _init
 .init          0x08000214        0x8 C:/devkitPro/devkitARM/bin/../lib/gcc/arm-none-eabi/14.2.0/thumb/crtn.o

.plt            0x0800021c        0x0
 *(.plt)
                0x0800021c                        . = ALIGN (0x4)

.text           0x08000220     0xc240
 *(EXCLUDE_FILE(*.iwram*) .text*)
 .text.__do_global_dtors_aux
                0x08000220       0x2c C:/devkitPro/devkitARM/bin/../lib/gcc/arm-none-eabi/14.2.0/thumb/crtbegin.o
 .text.frame_dummy
                0x0800024c       0x24 C:/devkitPro/devkitARM/bin/../lib/gcc/arm-none-eabi/14.2.0/thumb/crtbegin.o
 .text          0x08000270      0xefc main.o
                0x08000270                update_gameover
                0x08000408                obj_shoot
                0x08000468                shootUpdate
                0x08000518                loadGameBG
                0x08000578                update_pause
                0x0800061c                init
                0x080007b4                obj_playButton
                0x080008d4                update_start
                0x080008e0                killEnemy
                0x08000918                enemyState
                0x08000aac                obj_enemy
                0x08000bcc                health
                0x08000c94                playerCollision
                0x08000d24                createPowerUp
                0x08000dcc                shootCollision
                0x08000e7c                killPowerUp
                0x08000eb0                powerUpCollision
                0x08000f24                obj_player
                0x080010a0                powerUpUpdate
                0x08001120                update_gameplay
 .text.startup  0x0800116c      0x348 main.o
                0x0800116c                main
 .text          0x080014b4       0xbc C:/devkitPro/libtonc/lib\libtonc.a(tonc_oam.o)
                0x080014b4                oam_init
                0x080014fc                obj_copy
                0x0800151c                obj_hide_multi
                0x08001544                obj_unhide_multi
 .text          0x08001570       0xa8 C:/devkitPro/libtonc/lib\libtonc.a(tonc_input.o)
                0x08001570                key_poll
                0x080015c4                key_wait_till_hit
                0x080015e8                key_repeat
                0x080015f4                key_repeat_mask
                0x08001604                key_repeat_limits
 .text          0x08001618      0x958 C:/devkitPro/libtonc/lib\libtonc.a(tte_main.o)
                0x08001618                dummy_drawg
                0x0800161c                dummy_erase
                0x08001620                tte_set_context
                0x08001638                tte_set_color_attr
                0x08001648                tte_set_color_attrs
                0x08001664                tte_set_color
                0x08001684                tte_set_colors
                0x080016c4                tte_init_base
                0x08001758                utf8_decode_char
                0x0800180c                tte_cmd_skip
                0x0800181c                tte_cmd_next
                0x08001854                tte_putc
                0x080018a4                tte_erase_rect
                0x080018c0                tte_erase_screen
                0x080018e4                tte_erase_line
                0x0800190c                tte_cmd_default
                0x08001d60                tte_write
                0x08001e4c                tte_write_ex
                0x08001e7c                tte_get_text_size
                0x08001f50                tte_set_margins
 .text          0x08001f70      0x164 C:/devkitPro/libtonc/lib\libtonc.a(tte_init_se.o)
                0x08001f70                tte_init_se
 .text          0x080020d4       0x8c C:/devkitPro/libtonc/lib\libtonc.a(tonc_bios.o)
                0x080020d4                SoftReset
                0x080020d8                RegisterRamReset
                0x080020dc                Halt
                0x080020e0                Stop
                0x080020e4                IntrWait
                0x080020e8                VBlankIntrWait
                0x080020ec                Div
                0x080020f0                DivArm
                0x080020f4                Sqrt
                0x080020f8                ArcTan
                0x080020fc                ArcTan2
                0x08002100                CpuSet
                0x08002104                CpuFastSet
                0x08002108                BiosCheckSum
                0x0800210c                BgAffineSet
                0x08002110                ObjAffineSet
                0x08002114                BitUnPack
                0x08002118                LZ77UnCompWram
                0x0800211c                LZ77UnCompVram
                0x08002120                HuffUnComp
                0x08002124                RLUnCompWram
                0x08002128                RLUnCompVram
                0x0800212c                Diff8bitUnFilterWram
                0x08002130                Diff8bitUnFilterVram
                0x08002134                Diff16bitUnFilter
                0x08002138                SoundBias
                0x0800213c                SoundDriverInit
                0x08002140                SoundDriverMode
                0x08002144                SoundDriverMain
                0x08002148                SoundDriverVSync
                0x0800214c                SoundChannelClear
                0x08002150                MidiKey2Freq
                0x08002154                MultiBoot
                0x08002158                SoundDriverVSyncOff
                0x0800215c                SoundDriverVSyncOn
 .text          0x08002160       0x44 C:/devkitPro/libtonc/lib\libtonc.a(tonc_memcpy.o)
                0x08002160                memcpy16
 .text          0x080021a4       0x54 C:/devkitPro/libtonc/lib\libtonc.a(tonc_bios_ex.o)
                0x080021a4                VBlankIntrDelay
                0x080021b4                DivSafe
                0x080021c8                Mod
                0x080021d0                DivAbs
                0x080021d8                DivArmMod
                0x080021e0                DivArmAbs
                0x080021e8                CpuFastFill
 .text          0x080021f8      0x16c C:/devkitPro/libtonc/lib\libtonc.a(tonc_surface.o)
                0x080021f8                srf_init
                0x080022c0                srf_pal_copy
                0x080022e8                srf_get_ptr
 .text          0x08002364      0x174 C:/devkitPro/libtonc/lib\libtonc.a(se_drawg.o)
                0x08002364                se_erase
                0x08002390                se_drawg_w8h8
                0x080023c0                se_drawg_w8h16
                0x08002400                se_drawg
                0x0800246c                se_drawg_s
 .text          0x080024d8      0x4cc C:/devkitPro/libtonc/lib\libtonc.a(tonc_sbmp16.o)
                0x080024d8                sbmp16_get_pixel
                0x080024e8                sbmp16_plot
                0x080024fc                sbmp16_vline
                0x08002534                sbmp16_line
                0x080025f0                sbmp16_hline
                0x08002620                sbmp16_blit
                0x08002768                sbmp16_rect
                0x080027d4                sbmp16_frame
                0x08002864                sbmp16_floodfill_internal
                0x08002978                sbmp16_floodfill
 .text          0x080029a4       0x3c C:/devkitPro/libtonc/lib\libtonc.a(tonc_memset.o)
                0x080029a4                memset16
 .text          0x080029e0      0x150 C:/devkitPro/devkitARM/bin/../lib/gcc/arm-none-eabi/14.2.0/thumb\libgcc.a(_divsi3.o)
                0x080029e0                __divsi3
                0x080029e0                __aeabi_idiv
                0x08002b10                __aeabi_idivmod
 .text          0x08002b30        0x4 C:/devkitPro/devkitARM/bin/../lib/gcc/arm-none-eabi/14.2.0/thumb\libgcc.a(_dvmd_tls.o)
                0x08002b30                __aeabi_idiv0
                0x08002b30                __aeabi_ldiv0
 .text.srand    0x08002b34       0x18 C:/devkitPro/devkitARM/bin/../lib/gcc/arm-none-eabi/14.2.0/../../../../arm-none-eabi/lib/thumb\libc.a(libc_a-rand.o)
                0x08002b34                srand
 .text.rand     0x08002b4c       0x34 C:/devkitPro/devkitARM/bin/../lib/gcc/arm-none-eabi/14.2.0/../../../../arm-none-eabi/lib/thumb\libc.a(libc_a-rand.o)
                0x08002b4c                rand
 .text.sprintf  0x08002b80       0x44 C:/devkitPro/devkitARM/bin/../lib/gcc/arm-none-eabi/14.2.0/../../../../arm-none-eabi/lib/thumb\libc.a(libc_a-sprintf.o)
                0x08002b80                sprintf
 .text.get_arg  0x08002bc4      0x428 C:/devkitPro/devkitARM/bin/../lib/gcc/arm-none-eabi/14.2.0/../../../../arm-none-eabi/lib/thumb\libc.a(libc_a-svfprintf.o)
 .text._svfprintf_r
                0x08002fec     0x23dc C:/devkitPro/devkitARM/bin/../lib/gcc/arm-none-eabi/14.2.0/../../../../arm-none-eabi/lib/thumb\libc.a(libc_a-svfprintf.o)
                0x08002fec                _svfprintf_r
 .text._strtol_l.part.0
                0x080053c8      0x25c C:/devkitPro/devkitARM/bin/../lib/gcc/arm-none-eabi/14.2.0/../../../../arm-none-eabi/lib/thumb\libc.a(libc_a-strtol.o)
 .text.strtol   0x08005624       0x38 C:/devkitPro/devkitARM/bin/../lib/gcc/arm-none-eabi/14.2.0/../../../../arm-none-eabi/lib/thumb\libc.a(libc_a-strtol.o)
                0x08005624                strtol
 .text.__errno  0x0800565c        0xc C:/devkitPro/devkitARM/bin/../lib/gcc/arm-none-eabi/14.2.0/../../../../arm-none-eabi/lib/thumb\libc.a(libc_a-errno.o)
                0x0800565c                __errno
 .text.memcpy   0x08005668       0xb0 C:/devkitPro/devkitARM/bin/../lib/gcc/arm-none-eabi/14.2.0/../../../../arm-none-eabi/lib/thumb\libc.a(libc_a-memcpy-stub.o)
                0x08005668                memcpy
 .text.time     0x08005718       0x38 C:/devkitPro/devkitARM/bin/../lib/gcc/arm-none-eabi/14.2.0/../../../../arm-none-eabi/lib/thumb\libc.a(libc_a-time.o)
                0x08005718                time
 .text.memset   0x08005750       0x98 C:/devkitPro/devkitARM/bin/../lib/gcc/arm-none-eabi/14.2.0/../../../../arm-none-eabi/lib/thumb\libc.a(libc_a-memset.o)
                0x08005750                memset
 .text.strncpy  0x080057e8       0x68 C:/devkitPro/devkitARM/bin/../lib/gcc/arm-none-eabi/14.2.0/../../../../arm-none-eabi/lib/thumb\libc.a(libc_a-strncpy.o)
                0x080057e8                strncpy
 .text._wcsrtombs_r
                0x08005850       0x1c C:/devkitPro/devkitARM/bin/../lib/gcc/arm-none-eabi/14.2.0/../../../../arm-none-eabi/lib/thumb\libc.a(libc_a-wcsrtombs.o)
                0x08005850                _wcsrtombs_r
 .text.__libc_init_array
                0x0800586c       0x54 C:/devkitPro/devkitARM/bin/../lib/gcc/arm-none-eabi/14.2.0/../../../../arm-none-eabi/lib/thumb\libc.a(libc_a-init.o)
                0x0800586c                __libc_init_array
 .text.frexp    0x080058c0       0x6c C:/devkitPro/devkitARM/bin/../lib/gcc/arm-none-eabi/14.2.0/../../../../arm-none-eabi/lib/thumb\libc.a(libm_a-s_frexp.o)
                0x080058c0                frexp
 .text.strlen   0x0800592c       0x60 C:/devkitPro/devkitARM/bin/../lib/gcc/arm-none-eabi/14.2.0/../../../../arm-none-eabi/lib/thumb\libc.a(libc_a-strlen-stub.o)
                0x0800592c                strlen
 .text.__locale_mb_cur_max
                0x0800598c       0x20 C:/devkitPro/devkitARM/bin/../lib/gcc/arm-none-eabi/14.2.0/../../../../arm-none-eabi/lib/thumb\libc.a(libc_a-locale.o)
                0x0800598c                __locale_mb_cur_max
 .text.__ssprint_r
                0x080059ac       0x60 C:/devkitPro/devkitARM/bin/../lib/gcc/arm-none-eabi/14.2.0/../../../../arm-none-eabi/lib/thumb\libc.a(libc_a-ssprint_r.o)
                0x080059ac                __ssprint_r
 .text.memchr   0x08005a0c       0x80 C:/devkitPro/devkitARM/bin/../lib/gcc/arm-none-eabi/14.2.0/../../../../arm-none-eabi/lib/thumb\libc.a(libc_a-memchr-stub.o)
                0x08005a0c                memchr
 .text._wcsnrtombs_l
                0x08005a8c      0x10c C:/devkitPro/devkitARM/bin/../lib/gcc/arm-none-eabi/14.2.0/../../../../arm-none-eabi/lib/thumb\libc.a(libc_a-wcsnrtombs.o)
                0x08005a8c                _wcsnrtombs_l
 .text._wcsnrtombs_r
                0x08005b98       0x40 C:/devkitPro/devkitARM/bin/../lib/gcc/arm-none-eabi/14.2.0/../../../../arm-none-eabi/lib/thumb\libc.a(libc_a-wcsnrtombs.o)
                0x08005b98                _wcsnrtombs_r
 .text.__utf8_mbtowc
                0x08005bd8      0x234 C:/devkitPro/devkitARM/bin/../lib/gcc/arm-none-eabi/14.2.0/../../../../arm-none-eabi/lib/thumb\libc.a(libc_a-mbtowc_r.o)
                0x08005bd8                __utf8_mbtowc
 .text._localeconv_r
                0x08005e0c       0x1c C:/devkitPro/devkitARM/bin/../lib/gcc/arm-none-eabi/14.2.0/../../../../arm-none-eabi/lib/thumb\libc.a(libc_a-localeconv.o)
                0x08005e0c                _localeconv_r
 .text._malloc_r
                0x08005e28      0x588 C:/devkitPro/devkitARM/bin/../lib/gcc/arm-none-eabi/14.2.0/../../../../arm-none-eabi/lib/thumb\libc.a(libc_a-mallocr.o)
                0x08005e28                _malloc_r
 .text.quorem   0x080063b0      0x154 C:/devkitPro/devkitARM/bin/../lib/gcc/arm-none-eabi/14.2.0/../../../../arm-none-eabi/lib/thumb\libc.a(libc_a-dtoa.o)
 .text._dtoa_r  0x08006504     0x1140 C:/devkitPro/devkitARM/bin/../lib/gcc/arm-none-eabi/14.2.0/../../../../arm-none-eabi/lib/thumb\libc.a(libc_a-dtoa.o)
                0x08006504                _dtoa_r
 .text._wcrtomb_r
                0x08007644       0x84 C:/devkitPro/devkitARM/bin/../lib/gcc/arm-none-eabi/14.2.0/../../../../arm-none-eabi/lib/thumb\libc.a(libc_a-wcrtomb.o)
                0x08007644                _wcrtomb_r
 .text._malloc_trim_r
                0x080076c8       0xac C:/devkitPro/devkitARM/bin/../lib/gcc/arm-none-eabi/14.2.0/../../../../arm-none-eabi/lib/thumb\libc.a(libc_a-freer.o)
                0x080076c8                _malloc_trim_r
 .text._free_r  0x08007774      0x1f4 C:/devkitPro/devkitARM/bin/../lib/gcc/arm-none-eabi/14.2.0/../../../../arm-none-eabi/lib/thumb\libc.a(libc_a-freer.o)
                0x08007774                _free_r
 .text.__ssputs_r
                0x08007968       0xd4 C:/devkitPro/devkitARM/bin/../lib/gcc/arm-none-eabi/14.2.0/../../../../arm-none-eabi/lib/thumb\libc.a(libc_a-ssputs_r.o)
                0x08007968                __ssputs_r
 .text.__malloc_lock
                0x08007a3c       0x14 C:/devkitPro/devkitARM/bin/../lib/gcc/arm-none-eabi/14.2.0/../../../../arm-none-eabi/lib/thumb\libc.a(libc_a-mlock.o)
                0x08007a3c                __malloc_lock
 .text.__malloc_unlock
                0x08007a50       0x14 C:/devkitPro/devkitARM/bin/../lib/gcc/arm-none-eabi/14.2.0/../../../../arm-none-eabi/lib/thumb\libc.a(libc_a-mlock.o)
                0x08007a50                __malloc_unlock
 .text.__utf8_wctomb
                0x08007a64       0xb4 C:/devkitPro/devkitARM/bin/../lib/gcc/arm-none-eabi/14.2.0/../../../../arm-none-eabi/lib/thumb\libc.a(libc_a-wctomb_r.o)
                0x08007a64                __utf8_wctomb
 .text.memmove  0x08007b18       0xcc C:/devkitPro/devkitARM/bin/../lib/gcc/arm-none-eabi/14.2.0/../../../../arm-none-eabi/lib/thumb\libc.a(libc_a-memmove.o)
                0x08007b18                memmove
 .text.__assert_func
                0x08007be4       0x40 C:/devkitPro/devkitARM/bin/../lib/gcc/arm-none-eabi/14.2.0/../../../../arm-none-eabi/lib/thumb\libc.a(libc_a-assert.o)
                0x08007be4                __assert_func
 .text._Balloc  0x08007c24       0x54 C:/devkitPro/devkitARM/bin/../lib/gcc/arm-none-eabi/14.2.0/../../../../arm-none-eabi/lib/thumb\libc.a(libc_a-mprec.o)
                0x08007c24                _Balloc
 .text._Bfree   0x08007c78       0x14 C:/devkitPro/devkitARM/bin/../lib/gcc/arm-none-eabi/14.2.0/../../../../arm-none-eabi/lib/thumb\libc.a(libc_a-mprec.o)
                0x08007c78                _Bfree
 .text.__multadd
                0x08007c8c       0xa8 C:/devkitPro/devkitARM/bin/../lib/gcc/arm-none-eabi/14.2.0/../../../../arm-none-eabi/lib/thumb\libc.a(libc_a-mprec.o)
                0x08007c8c                __multadd
 .text.__hi0bits
                0x08007d34       0x60 C:/devkitPro/devkitARM/bin/../lib/gcc/arm-none-eabi/14.2.0/../../../../arm-none-eabi/lib/thumb\libc.a(libc_a-mprec.o)
                0x08007d34                __hi0bits
 .text.__lo0bits
                0x08007d94       0x94 C:/devkitPro/devkitARM/bin/../lib/gcc/arm-none-eabi/14.2.0/../../../../arm-none-eabi/lib/thumb\libc.a(libc_a-mprec.o)
                0x08007d94                __lo0bits
 .text.__i2b    0x08007e28       0x64 C:/devkitPro/devkitARM/bin/../lib/gcc/arm-none-eabi/14.2.0/../../../../arm-none-eabi/lib/thumb\libc.a(libc_a-mprec.o)
                0x08007e28                __i2b
 .text.__multiply
                0x08007e8c      0x1b4 C:/devkitPro/devkitARM/bin/../lib/gcc/arm-none-eabi/14.2.0/../../../../arm-none-eabi/lib/thumb\libc.a(libc_a-mprec.o)
                0x08007e8c                __multiply
 .text.__pow5mult
                0x08008040       0xdc C:/devkitPro/devkitARM/bin/../lib/gcc/arm-none-eabi/14.2.0/../../../../arm-none-eabi/lib/thumb\libc.a(libc_a-mprec.o)
                0x08008040                __pow5mult
 .text.__lshift
                0x0800811c      0x100 C:/devkitPro/devkitARM/bin/../lib/gcc/arm-none-eabi/14.2.0/../../../../arm-none-eabi/lib/thumb\libc.a(libc_a-mprec.o)
                0x0800811c                __lshift
 .text.__mcmp   0x0800821c       0x40 C:/devkitPro/devkitARM/bin/../lib/gcc/arm-none-eabi/14.2.0/../../../../arm-none-eabi/lib/thumb\libc.a(libc_a-mprec.o)
                0x0800821c                __mcmp
 .text.__mdiff  0x0800825c      0x1ac C:/devkitPro/devkitARM/bin/../lib/gcc/arm-none-eabi/14.2.0/../../../../arm-none-eabi/lib/thumb\libc.a(libc_a-mprec.o)
                0x0800825c                __mdiff
 .text.__d2b    0x08008408       0xc8 C:/devkitPro/devkitARM/bin/../lib/gcc/arm-none-eabi/14.2.0/../../../../arm-none-eabi/lib/thumb\libc.a(libc_a-mprec.o)
                0x08008408                __d2b
 .text.fiprintf
                0x080084d0       0x28 C:/devkitPro/devkitARM/bin/../lib/gcc/arm-none-eabi/14.2.0/../../../../arm-none-eabi/lib/thumb\libc.a(libc_a-fiprintf.o)
                0x080084d0                fiprintf
 .text.abort    0x080084f8       0x10 C:/devkitPro/devkitARM/bin/../lib/gcc/arm-none-eabi/14.2.0/../../../../arm-none-eabi/lib/thumb\libc.a(libc_a-abort.o)
                0x080084f8                abort
 .text._calloc_r
                0x08008508       0xb8 C:/devkitPro/devkitARM/bin/../lib/gcc/arm-none-eabi/14.2.0/../../../../arm-none-eabi/lib/thumb\libc.a(libc_a-callocr.o)
                0x08008508                _calloc_r
 .text._realloc_r
                0x080085c0      0x384 C:/devkitPro/devkitARM/bin/../lib/gcc/arm-none-eabi/14.2.0/../../../../arm-none-eabi/lib/thumb\libc.a(libc_a-reallocr.o)
                0x080085c0                _realloc_r
 .text._raise_r
                0x08008944       0x60 C:/devkitPro/devkitARM/bin/../lib/gcc/arm-none-eabi/14.2.0/../../../../arm-none-eabi/lib/thumb\libc.a(libc_a-signal.o)
                0x08008944                _raise_r
 .text.raise    0x080089a4       0x14 C:/devkitPro/devkitARM/bin/../lib/gcc/arm-none-eabi/14.2.0/../../../../arm-none-eabi/lib/thumb\libc.a(libc_a-signal.o)
                0x080089a4                raise
 .text.get_arg  0x080089b8      0x428 C:/devkitPro/devkitARM/bin/../lib/gcc/arm-none-eabi/14.2.0/../../../../arm-none-eabi/lib/thumb\libc.a(libc_a-vfiprintf.o)
 .text._vfiprintf_r
                0x08008de0     0x1724 C:/devkitPro/devkitARM/bin/../lib/gcc/arm-none-eabi/14.2.0/../../../../arm-none-eabi/lib/thumb\libc.a(libc_a-vfiprintf.o)
                0x08008de0                _vfiprintf_r
 .text.__sbprintf
                0x0800a504       0x7c C:/devkitPro/devkitARM/bin/../lib/gcc/arm-none-eabi/14.2.0/../../../../arm-none-eabi/lib/thumb\libc.a(libc_a-vfiprintf.o)
 .text.__sprint_r
                0x0800a580       0x24 C:/devkitPro/devkitARM/bin/../lib/gcc/arm-none-eabi/14.2.0/../../../../arm-none-eabi/lib/thumb\libc.a(libc_a-sprint_r.o)
                0x0800a580                __sprint_r
 .text.stdio_exit_handler
                0x0800a5a4       0x20 C:/devkitPro/devkitARM/bin/../lib/gcc/arm-none-eabi/14.2.0/../../../../arm-none-eabi/lib/thumb\libc.a(libc_a-findfp.o)
 .text.cleanup_stdio
                0x0800a5c4       0x40 C:/devkitPro/devkitARM/bin/../lib/gcc/arm-none-eabi/14.2.0/../../../../arm-none-eabi/lib/thumb\libc.a(libc_a-findfp.o)
 .text.global_stdio_init.part.0
                0x0800a604      0x128 C:/devkitPro/devkitARM/bin/../lib/gcc/arm-none-eabi/14.2.0/../../../../arm-none-eabi/lib/thumb\libc.a(libc_a-findfp.o)
 .text.__sinit  0x0800a72c       0x3c C:/devkitPro/devkitARM/bin/../lib/gcc/arm-none-eabi/14.2.0/../../../../arm-none-eabi/lib/thumb\libc.a(libc_a-findfp.o)
                0x0800a72c                __sinit
 .text.__sfp_lock_acquire
                0x0800a768       0x14 C:/devkitPro/devkitARM/bin/../lib/gcc/arm-none-eabi/14.2.0/../../../../arm-none-eabi/lib/thumb\libc.a(libc_a-findfp.o)
                0x0800a768                __sfp_lock_acquire
 .text.__sfp_lock_release
                0x0800a77c       0x14 C:/devkitPro/devkitARM/bin/../lib/gcc/arm-none-eabi/14.2.0/../../../../arm-none-eabi/lib/thumb\libc.a(libc_a-findfp.o)
                0x0800a77c                __sfp_lock_release
 .text._fwalk_sglue
                0x0800a790       0x4c C:/devkitPro/devkitARM/bin/../lib/gcc/arm-none-eabi/14.2.0/../../../../arm-none-eabi/lib/thumb\libc.a(libc_a-fwalk.o)
                0x0800a790                _fwalk_sglue
 .text.__swsetup_r
                0x0800a7dc      0x100 C:/devkitPro/devkitARM/bin/../lib/gcc/arm-none-eabi/14.2.0/../../../../arm-none-eabi/lib/thumb\libc.a(libc_a-wsetup.o)
                0x0800a7dc                __swsetup_r
 .text.__sflush_r
                0x0800a8dc      0x194 C:/devkitPro/devkitARM/bin/../lib/gcc/arm-none-eabi/14.2.0/../../../../arm-none-eabi/lib/thumb\libc.a(libc_a-fflush.o)
                0x0800a8dc                __sflush_r
 .text._fflush_r
                0x0800aa70       0x70 C:/devkitPro/devkitARM/bin/../lib/gcc/arm-none-eabi/14.2.0/../../../../arm-none-eabi/lib/thumb\libc.a(libc_a-fflush.o)
                0x0800aa70                _fflush_r
 .text.__sfvwrite_r
                0x0800aae0      0x304 C:/devkitPro/devkitARM/bin/../lib/gcc/arm-none-eabi/14.2.0/../../../../arm-none-eabi/lib/thumb\libc.a(libc_a-fvwrite.o)
                0x0800aae0                __sfvwrite_r
 .text.__sread  0x0800ade4       0x34 C:/devkitPro/devkitARM/bin/../lib/gcc/arm-none-eabi/14.2.0/../../../../arm-none-eabi/lib/thumb\libc.a(libc_a-stdio.o)
                0x0800ade4                __sread
 .text.__swrite
                0x0800ae18       0x4c C:/devkitPro/devkitARM/bin/../lib/gcc/arm-none-eabi/14.2.0/../../../../arm-none-eabi/lib/thumb\libc.a(libc_a-stdio.o)
                0x0800ae18                __swrite
 .text.__sseek  0x0800ae64       0x3c C:/devkitPro/devkitARM/bin/../lib/gcc/arm-none-eabi/14.2.0/../../../../arm-none-eabi/lib/thumb\libc.a(libc_a-stdio.o)
                0x0800ae64                __sseek
 .text.__sclose
                0x0800aea0       0x10 C:/devkitPro/devkitARM/bin/../lib/gcc/arm-none-eabi/14.2.0/../../../../arm-none-eabi/lib/thumb\libc.a(libc_a-stdio.o)
                0x0800aea0                __sclose
 .text._fclose_r
                0x0800aeb0       0xd4 C:/devkitPro/devkitARM/bin/../lib/gcc/arm-none-eabi/14.2.0/../../../../arm-none-eabi/lib/thumb\libc.a(libc_a-fclose.o)
                0x0800aeb0                _fclose_r
 .text.__smakebuf_r
                0x0800af84       0xdc C:/devkitPro/devkitARM/bin/../lib/gcc/arm-none-eabi/14.2.0/../../../../arm-none-eabi/lib/thumb\libc.a(libc_a-makebuf.o)
                0x0800af84                __smakebuf_r
 .text._memalign_r
                0x0800b060      0x128 C:/devkitPro/devkitARM/bin/../lib/gcc/arm-none-eabi/14.2.0/../../../../arm-none-eabi/lib/thumb\libc.a(libc_a-malignr.o)
                0x0800b060                _memalign_r
 .text._exit    0x0800b188       0x14 C:/devkitPro/devkitARM/bin/../lib/gcc/arm-none-eabi/14.2.0/../../../../arm-none-eabi/lib/thumb\libsysbase.a(libsysbase_libsysbase_a-_exit.o)
                0x0800b188                _exit
 .text._fstat_r
                0x0800b19c       0x58 C:/devkitPro/devkitARM/bin/../lib/gcc/arm-none-eabi/14.2.0/../../../../arm-none-eabi/lib/thumb\libsysbase.a(libsysbase_libsysbase_a-fstat.o)
                0x0800b19c                _fstat_r
 .text._getpid_r
                0x0800b1f4        0xc C:/devkitPro/devkitARM/bin/../lib/gcc/arm-none-eabi/14.2.0/../../../../arm-none-eabi/lib/thumb\libsysbase.a(libsysbase_libsysbase_a-getpid.o)
                0x0800b1f4                _getpid_r
 .text.__getreent
                0x0800b200       0x20 C:/devkitPro/devkitARM/bin/../lib/gcc/arm-none-eabi/14.2.0/../../../../arm-none-eabi/lib/thumb\libsysbase.a(libsysbase_libsysbase_a-getreent.o)
                0x0800b200                __getreent
 .text._gettimeofday_r
                0x0800b220       0x20 C:/devkitPro/devkitARM/bin/../lib/gcc/arm-none-eabi/14.2.0/../../../../arm-none-eabi/lib/thumb\libsysbase.a(libsysbase_libsysbase_a-gettod.o)
                0x0800b220                _gettimeofday_r
 .text.__get_handle
                0x0800b240       0x34 C:/devkitPro/devkitARM/bin/../lib/gcc/arm-none-eabi/14.2.0/../../../../arm-none-eabi/lib/thumb\libsysbase.a(libsysbase_libsysbase_a-handle_manager.o)
                0x0800b240                __get_handle
 .text._close_r
                0x0800b274       0xb8 C:/devkitPro/devkitARM/bin/../lib/gcc/arm-none-eabi/14.2.0/../../../../arm-none-eabi/lib/thumb\libsysbase.a(libsysbase_libsysbase_a-handle_manager.o)
                0x0800b274                _close_r
 .text.null_write
                0x0800b32c        0x4 C:/devkitPro/devkitARM/bin/../lib/gcc/arm-none-eabi/14.2.0/../../../../arm-none-eabi/lib/thumb\libsysbase.a(libsysbase_libsysbase_a-iosupport.o)
 .text._isatty_r
                0x0800b330        0x4 C:/devkitPro/devkitARM/bin/../lib/gcc/arm-none-eabi/14.2.0/../../../../arm-none-eabi/lib/thumb\libsysbase.a(libsysbase_libsysbase_a-isatty.o)
                0x0800b330                _isatty_r
 .text._kill_r  0x0800b334        0xc C:/devkitPro/devkitARM/bin/../lib/gcc/arm-none-eabi/14.2.0/../../../../arm-none-eabi/lib/thumb\libsysbase.a(libsysbase_libsysbase_a-kill.o)
                0x0800b334                _kill_r
 .text._lseek_r
                0x0800b340       0x60 C:/devkitPro/devkitARM/bin/../lib/gcc/arm-none-eabi/14.2.0/../../../../arm-none-eabi/lib/thumb\libsysbase.a(libsysbase_libsysbase_a-lseek.o)
                0x0800b340                _lseek_r
 .text._read_r  0x0800b3a0       0x58 C:/devkitPro/devkitARM/bin/../lib/gcc/arm-none-eabi/14.2.0/../../../../arm-none-eabi/lib/thumb\libsysbase.a(libsysbase_libsysbase_a-read.o)
                0x0800b3a0                _read_r
 .text._sbrk_r  0x0800b3f8       0x54 C:/devkitPro/devkitARM/bin/../lib/gcc/arm-none-eabi/14.2.0/../../../../arm-none-eabi/lib/thumb\libsysbase.a(libsysbase_libsysbase_a-sbrk.o)
                0x0800b3f8                _sbrk_r
 .text.__libc_lock_acquire
                0x0800b44c       0x18 C:/devkitPro/devkitARM/bin/../lib/gcc/arm-none-eabi/14.2.0/../../../../arm-none-eabi/lib/thumb\libsysbase.a(libsysbase_libsysbase_a-syscall_support.o)
                0x0800b44c                __libc_lock_acquire
 .text.__libc_lock_release
                0x0800b464       0x18 C:/devkitPro/devkitARM/bin/../lib/gcc/arm-none-eabi/14.2.0/../../../../arm-none-eabi/lib/thumb\libsysbase.a(libsysbase_libsysbase_a-syscall_support.o)
                0x0800b464                __libc_lock_release
 .text.__libc_lock_acquire_recursive
                0x0800b47c       0x18 C:/devkitPro/devkitARM/bin/../lib/gcc/arm-none-eabi/14.2.0/../../../../arm-none-eabi/lib/thumb\libsysbase.a(libsysbase_libsysbase_a-syscall_support.o)
                0x0800b47c                __libc_lock_acquire_recursive
 .text.__libc_lock_release_recursive
                0x0800b494       0x18 C:/devkitPro/devkitARM/bin/../lib/gcc/arm-none-eabi/14.2.0/../../../../arm-none-eabi/lib/thumb\libsysbase.a(libsysbase_libsysbase_a-syscall_support.o)
                0x0800b494                __libc_lock_release_recursive
 .text._write_r
                0x0800b4ac       0x58 C:/devkitPro/devkitARM/bin/../lib/gcc/arm-none-eabi/14.2.0/../../../../arm-none-eabi/lib/thumb\libsysbase.a(libsysbase_libsysbase_a-write.o)
                0x0800b4ac                _write_r
 .text          0x0800b504       0x14 C:/devkitPro/devkitARM/bin/../lib/gcc/arm-none-eabi/14.2.0/thumb\libgcc.a(_thumb1_case_uqi.o)
                0x0800b504                __gnu_thumb1_case_uqi
 .text          0x0800b518       0x14 C:/devkitPro/devkitARM/bin/../lib/gcc/arm-none-eabi/14.2.0/thumb\libgcc.a(_thumb1_case_uhi.o)
                0x0800b518                __gnu_thumb1_case_uhi
 .text          0x0800b52c      0x11c C:/devkitPro/devkitARM/bin/../lib/gcc/arm-none-eabi/14.2.0/thumb\libgcc.a(_udivsi3.o)
                0x0800b52c                __aeabi_uidiv
                0x0800b52c                __udivsi3
                0x0800b628                __aeabi_uidivmod
 .text          0x0800b648      0x424 C:/devkitPro/devkitARM/bin/../lib/gcc/arm-none-eabi/14.2.0/thumb\libgcc.a(_arm_addsubdf3.o)
                0x0800b648                __aeabi_drsub
                0x0800b650                __aeabi_dsub
                0x0800b650                __subdf3
                0x0800b654                __aeabi_dadd
                0x0800b654                __adddf3
                0x0800b964                __floatunsidf
                0x0800b964                __aeabi_ui2d
                0x0800b988                __floatsidf
                0x0800b988                __aeabi_i2d
                0x0800b9b0                __aeabi_f2d
                0x0800b9b0                __extendsfdf2
                0x0800b9f8                __floatundidf
                0x0800b9f8                __aeabi_ul2d
                0x0800ba0c                __floatdidf
                0x0800ba0c                __aeabi_l2d
 .text          0x0800ba6c      0x49c C:/devkitPro/devkitARM/bin/../lib/gcc/arm-none-eabi/14.2.0/thumb\libgcc.a(_arm_muldivdf3.o)
                0x0800ba6c                __aeabi_dmul
                0x0800ba6c                __muldf3
                0x0800bcfc                __divdf3
                0x0800bcfc                __aeabi_ddiv
 .text          0x0800bf08      0x144 C:/devkitPro/devkitARM/bin/../lib/gcc/arm-none-eabi/14.2.0/thumb\libgcc.a(_arm_cmpdf2.o)
                0x0800bf08                __gtdf2
                0x0800bf08                __gedf2
                0x0800bf10                __ltdf2
                0x0800bf10                __ledf2
                0x0800bf18                __nedf2
                0x0800bf18                __eqdf2
                0x0800bf18                __cmpdf2
                0x0800bfa0                __aeabi_cdrcmple
                0x0800bfbc                __aeabi_cdcmpeq
                0x0800bfbc                __aeabi_cdcmple
                0x0800bfd4                __aeabi_dcmpeq
                0x0800bfec                __aeabi_dcmplt
                0x0800c004                __aeabi_dcmple
                0x0800c01c                __aeabi_dcmpge
                0x0800c034                __aeabi_dcmpgt
 .text          0x0800c04c       0x38 C:/devkitPro/devkitARM/bin/../lib/gcc/arm-none-eabi/14.2.0/thumb\libgcc.a(_arm_unorddf2.o)
                0x0800c04c                __unorddf2
                0x0800c04c                __aeabi_dcmpun
 .text          0x0800c084       0x5c C:/devkitPro/devkitARM/bin/../lib/gcc/arm-none-eabi/14.2.0/thumb\libgcc.a(_arm_fixdfsi.o)
                0x0800c084                __aeabi_d2iz
                0x0800c084                __fixdfsi
 .text          0x0800c0e0       0x3c C:/devkitPro/devkitARM/bin/../lib/gcc/arm-none-eabi/14.2.0/thumb\libgcc.a(_aeabi_uldivmod.o)
                0x0800c0e0                __aeabi_uldivmod
 .text.__muldi3
                0x0800c11c       0x64 C:/devkitPro/devkitARM/bin/../lib/gcc/arm-none-eabi/14.2.0/thumb\libgcc.a(_muldi3.o)
                0x0800c11c                __muldi3
                0x0800c11c                __aeabi_lmul
 .text.__udivmoddi4
                0x0800c180      0x19c C:/devkitPro/devkitARM/bin/../lib/gcc/arm-none-eabi/14.2.0/thumb\libgcc.a(_udivmoddi4.o)
                0x0800c180                __udivmoddi4
 .text          0x0800c31c       0x28 C:/devkitPro/devkitARM/bin/../lib/gcc/arm-none-eabi/14.2.0/thumb\libgcc.a(_clzdi2.o)
                0x0800c31c                __clzdi2
 .text          0x0800c344       0x48 C:/devkitPro/devkitARM/bin/../lib/gcc/arm-none-eabi/14.2.0/thumb\libgcc.a(_clzsi2.o)
                0x0800c344                __clzsi2
 .text.free     0x0800c38c       0x14 C:/devkitPro/devkitARM/bin/../lib/gcc/arm-none-eabi/14.2.0/../../../../arm-none-eabi/lib/thumb\libc.a(libc_a-malloc.o)
                0x0800c38c                free
 .text.free.__stub
                0x0800c3a0       0xb4 linker stubs
 *(.gnu.linkonce.t.*)
 *(.text.*personality*)
 *(.gnu.warning)
 *(.glue_7t)
 .glue_7t       0x0800c460        0x0 linker stubs
 *(.glue_7)
 .glue_7        0x0800c460        0x0 linker stubs
 *(.vfp11_veneer)
 .vfp11_veneer  0x0800c460        0x0 linker stubs
                0x0800c460                        . = ALIGN (0x4)
                0x0800c460                        __text_end = .

.v4_bx          0x0800c460        0x0
 .v4_bx         0x0800c460        0x0 linker stubs

.iplt           0x0800c460        0x0
 .iplt          0x0800c460        0x0 C:/devkitPro/devkitARM/bin/../lib/gcc/arm-none-eabi/14.2.0/../../../../arm-none-eabi/lib/thumb/gba_crt0.o

.fini           0x0800c460        0xc
 *(.fini)
 .fini          0x0800c460        0x4 C:/devkitPro/devkitARM/bin/../lib/gcc/arm-none-eabi/14.2.0/thumb/crti.o
                0x0800c460                _fini
 .fini          0x0800c464        0x8 C:/devkitPro/devkitARM/bin/../lib/gcc/arm-none-eabi/14.2.0/thumb/crtn.o
                0x0800c46c                        . = ALIGN (0x4)

.rodata         0x0800c470     0xc6c0
 *(.rodata)
 .rodata        0x0800c470     0x33c0 mainMenu.o
                0x0800c470                mainMenuPal
                0x0800c670                mainMenuMap
                0x0800ce70                mainMenuTiles
 .rodata        0x0800f830      0x600 playButton.o
                0x0800f830                playButtonPal
                0x0800fa30                playButtonTiles
 .rodata        0x0800fe30     0x1d40 game.o
                0x0800fe30                gamePal
                0x08010030                gameMap
                0x08011030                gameTiles
 .rodata        0x08011b70      0x280 playerSprite.o
                0x08011b70                playerSpritePal
                0x08011d70                playerSpriteTiles
 .rodata        0x08011df0     0x1880 gameOverScreen.o
                0x08011df0                gameOverScreenPal
                0x08011ff0                gameOverScreenMap
                0x080127f0                gameOverScreenTiles
 .rodata        0x08013670     0x1dc0 pauseMenu.o
                0x08013670                pauseMenuPal
                0x08013870                pauseMenuMap
                0x08014070                pauseMenuTiles
 .rodata        0x08015430      0x280 enemySprite.o
                0x08015430                enemySpritePal
                0x08015630                enemySpriteTiles
 .rodata        0x080156b0      0x220 shoot.o
                0x080156b0                shootPal
                0x080158b0                shootTiles
 .rodata        0x080158d0      0x600 healthBar0.o
                0x080158d0                healthBar0Pal
                0x08015ad0                healthBar0Tiles
 .rodata        0x08015ed0      0x600 healthBar1.o
                0x08015ed0                healthBar1Pal
                0x080160d0                healthBar1Tiles
 .rodata        0x080164d0      0x600 healthBar2.o
                0x080164d0                healthBar2Pal
                0x080166d0                healthBar2Tiles
 .rodata        0x08016ad0      0x600 healthBar3.o
                0x08016ad0                healthBar3Pal
                0x08016cd0                healthBar3Tiles
 .rodata        0x080170d0      0x280 enemySpriteExploding.o
                0x080170d0                enemySpriteExplodingPal
                0x080172d0                enemySpriteExplodingTiles
 .rodata        0x08017350      0x280 enemySpriteExploding2.o
                0x08017350                enemySpriteExploding2Pal
                0x08017550                enemySpriteExploding2Tiles
 .rodata        0x080175d0      0x280 enemySpriteExploding3.o
                0x080175d0                enemySpriteExploding3Pal
                0x080177d0                enemySpriteExploding3Tiles
 .rodata        0x08017850      0x280 enemySpriteExploding4.o
                0x08017850                enemySpriteExploding4Pal
                0x08017a50                enemySpriteExploding4Tiles
 .rodata        0x08017ad0      0x220 healthPowerUp.o
                0x08017ad0                healthPowerUpPal
                0x08017cd0                healthPowerUpTiles
 .rodata        0x08017cf0      0x220 bulletPowerUp.o
                0x08017cf0                bulletPowerUpPal
                0x08017ef0                bulletPowerUpTiles
 .rodata        0x08017f10      0x1f0 C:/devkitPro/libtonc/lib\libtonc.a(tte_main.o)
 .rodata        0x08018100      0x318 C:/devkitPro/libtonc/lib\libtonc.a(sys8.o)
                0x08018100                sys8Font
                0x08018118                sys8Glyphs
 .rodata        0x08018418       0x1c C:/devkitPro/libtonc/lib\libtonc.a(tonc_surface.o)
 *all.rodata*(*)
 *(.roda)
 *(.rodata.*)
 .rodata.str1.4
                0x08018434      0x228 main.o
                                 0xee (size before relaxing)
 .rodata._svfprintf_r.str1.1
                0x0801865c       0x3b C:/devkitPro/devkitARM/bin/../lib/gcc/arm-none-eabi/14.2.0/../../../../arm-none-eabi/lib/thumb\libc.a(libc_a-svfprintf.o)
 *fill*         0x08018697        0x1 ff
 .rodata.zeroes.0
                0x08018698       0x10 C:/devkitPro/devkitARM/bin/../lib/gcc/arm-none-eabi/14.2.0/../../../../arm-none-eabi/lib/thumb\libc.a(libc_a-svfprintf.o)
 .rodata.blanks.1
                0x080186a8       0x10 C:/devkitPro/devkitARM/bin/../lib/gcc/arm-none-eabi/14.2.0/../../../../arm-none-eabi/lib/thumb\libc.a(libc_a-svfprintf.o)
 .rodata._ctype_
                0x080186b8      0x101 C:/devkitPro/devkitARM/bin/../lib/gcc/arm-none-eabi/14.2.0/../../../../arm-none-eabi/lib/thumb\libc.a(libc_a-ctype_.o)
                0x080186b8                _ctype_
 *fill*         0x080187b9        0x3 ff
 .rodata.__action_table
                0x080187bc       0x6c C:/devkitPro/devkitARM/bin/../lib/gcc/arm-none-eabi/14.2.0/../../../../arm-none-eabi/lib/thumb\libc.a(libc_a-svfiprintf.o)
                0x080187bc                __action_table
 .rodata.__state_table
                0x08018828       0x6c C:/devkitPro/devkitARM/bin/../lib/gcc/arm-none-eabi/14.2.0/../../../../arm-none-eabi/lib/thumb\libc.a(libc_a-svfiprintf.o)
                0x08018828                __state_table
 .rodata.__chclass
                0x08018894      0x100 C:/devkitPro/devkitARM/bin/../lib/gcc/arm-none-eabi/14.2.0/../../../../arm-none-eabi/lib/thumb\libc.a(libc_a-svfiprintf.o)
                0x08018894                __chclass
 .rodata.str1.4
                0x08018994       0x4c C:/devkitPro/devkitARM/bin/../lib/gcc/arm-none-eabi/14.2.0/../../../../arm-none-eabi/lib/thumb\libc.a(libc_a-locale.o)
 .rodata._dtoa_r.str1.4
                0x08018994       0x67 C:/devkitPro/devkitARM/bin/../lib/gcc/arm-none-eabi/14.2.0/../../../../arm-none-eabi/lib/thumb\libc.a(libc_a-dtoa.o)
 .rodata.__assert_func.str1.4
                0x08018994       0x43 C:/devkitPro/devkitARM/bin/../lib/gcc/arm-none-eabi/14.2.0/../../../../arm-none-eabi/lib/thumb\libc.a(libc_a-assert.o)
 .rodata.__multadd.str1.4
                0x08018994       0x54 C:/devkitPro/devkitARM/bin/../lib/gcc/arm-none-eabi/14.2.0/../../../../arm-none-eabi/lib/thumb\libc.a(libc_a-mprec.o)
 .rodata.p05.0  0x08018994        0xc C:/devkitPro/devkitARM/bin/../lib/gcc/arm-none-eabi/14.2.0/../../../../arm-none-eabi/lib/thumb\libc.a(libc_a-mprec.o)
 .rodata.__mprec_bigtens
                0x080189a0       0x28 C:/devkitPro/devkitARM/bin/../lib/gcc/arm-none-eabi/14.2.0/../../../../arm-none-eabi/lib/thumb\libc.a(libc_a-mprec.o)
                0x080189a0                __mprec_bigtens
 .rodata.__mprec_tens
                0x080189c8       0xc8 C:/devkitPro/devkitARM/bin/../lib/gcc/arm-none-eabi/14.2.0/../../../../arm-none-eabi/lib/thumb\libc.a(libc_a-mprec.o)
                0x080189c8                __mprec_tens
 .rodata._vfiprintf_r.str1.1
                0x08018a90       0x29 C:/devkitPro/devkitARM/bin/../lib/gcc/arm-none-eabi/14.2.0/../../../../arm-none-eabi/lib/thumb\libc.a(libc_a-vfiprintf.o)
 .rodata.zeroes.0
                0x08018a90       0x10 C:/devkitPro/devkitARM/bin/../lib/gcc/arm-none-eabi/14.2.0/../../../../arm-none-eabi/lib/thumb\libc.a(libc_a-vfiprintf.o)
 .rodata.blanks.1
                0x08018aa0       0x10 C:/devkitPro/devkitARM/bin/../lib/gcc/arm-none-eabi/14.2.0/../../../../arm-none-eabi/lib/thumb\libc.a(libc_a-vfiprintf.o)
 .rodata.AddDevice.str1.4
                0x08018ab0        0x8 C:/devkitPro/devkitARM/bin/../lib/gcc/arm-none-eabi/14.2.0/../../../../arm-none-eabi/lib/thumb\libsysbase.a(libsysbase_libsysbase_a-iosupport.o)
 .rodata.dotab_stdnull
                0x08018ab0       0x80 C:/devkitPro/devkitARM/bin/../lib/gcc/arm-none-eabi/14.2.0/../../../../arm-none-eabi/lib/thumb\libsysbase.a(libsysbase_libsysbase_a-iosupport.o)
                0x08018ab0                dotab_stdnull
 *(.gnu.linkonce.r*)
                0x08018b30                        . = ALIGN (0x4)

.ARM.extab
 *(.ARM.extab* .gnu.linkonce.armextab.*)
                0x08018b30                        __exidx_start = .

.ARM.exidx
 *(.ARM.exidx* .gnu.linkonce.armexidx.*)
                0x08018b30                        __exidx_end = .

.ctors          0x08018b30        0x0
 *crtbegin.o(.ctors)
 *(EXCLUDE_FILE(*crtend.o) .ctors)
 *(SORT_BY_NAME(.ctors.*))
 *(.ctors)
                0x08018b30                        . = ALIGN (0x4)

.dtors          0x08018b30        0x0
 *crtbegin.o(.dtors)
 *(EXCLUDE_FILE(*crtend.o) .dtors)
 *(SORT_BY_NAME(.dtors.*))
 *(.dtors)
                0x08018b30                        . = ALIGN (0x4)

.eh_frame       0x08018b30        0x4
 *(.eh_frame)
 .eh_frame      0x08018b30        0x0 C:/devkitPro/devkitARM/bin/../lib/gcc/arm-none-eabi/14.2.0/thumb/crtbegin.o
 .eh_frame      0x08018b30        0x4 C:/devkitPro/devkitARM/bin/../lib/gcc/arm-none-eabi/14.2.0/thumb/crtend.o
                0x08018b34                        . = ALIGN (0x4)

.gcc_except_table
                0x08018b34        0x0
 *(.gcc_except_table)
                0x08018b34                        . = ALIGN (0x4)
                0x08018b34                        __iwram_lma = .

.iwram          0x03000000       0x84 load address 0x08018b34
                0x03000000                        __iwram_start__ = ABSOLUTE (.)
 *(.iwram .iwram*)
 .iwram         0x03000000       0x38 C:/devkitPro/libtonc/lib\libtonc.a(tonc_memcpy.o)
                0x03000000                memcpy32
 .iwram         0x03000038       0x4c C:/devkitPro/libtonc/lib\libtonc.a(tonc_memset.o)
                0x03000038                memset32
 *iwram.*(.text* .data*)
                0x03000084                        . = ALIGN (0x4)
                0x03000084                        __iwram_end__ = ABSOLUTE (.)
                0x08018bb8                        __data_lma = (__iwram_lma + SIZEOF (.iwram))

.bss            0x03000084      0xa30
                0x03000084                        __bss_start = ABSOLUTE (.)
                0x03000084                        __bss_start__ = ABSOLUTE (.)
 *(.dynbss)
 *(.gnu.linkonce.b*)
 *(.bss*)
 .bss.completed.1
                0x03000084        0x1 C:/devkitPro/devkitARM/bin/../lib/gcc/arm-none-eabi/14.2.0/thumb/crtbegin.o
 *fill*         0x03000085        0x3 
 .bss.object.0  0x03000088       0x18 C:/devkitPro/devkitARM/bin/../lib/gcc/arm-none-eabi/14.2.0/thumb/crtbegin.o
 .bss           0x030000a0      0x800 main.o
                0x030000a0                backgroundY
                0x030000a4                backgroundX
                0x030000a8                score
                0x030000ac                high_score
                0x030000b8                display
                0x030000ec                gamestate
                0x030000f0                player
                0x0300011c                pauseY
                0x03000120                pauseX
                0x03000124                framesBGY
                0x03000128                framesBGX
                0x0300012c                health_pb
                0x03000130                powerups
                0x0300019c                isHit
                0x030001a0                frames
                0x030001a4                enemies
                0x03000384                pbullets
                0x030004a0                obj_buffer
 .bss           0x030008a0        0x4 C:/devkitPro/libtonc/lib\libtonc.a(tonc_input.o)
                0x030008a0                __key_curr
                0x030008a2                __key_prev
 .bss.__malloc_current_mallinfo
                0x030008a4       0x28 C:/devkitPro/devkitARM/bin/../lib/gcc/arm-none-eabi/14.2.0/../../../../arm-none-eabi/lib/thumb\libc.a(libc_a-mallocr.o)
                0x030008a4                __malloc_current_mallinfo
 .bss.__malloc_max_total_mem
                0x030008cc        0x4 C:/devkitPro/devkitARM/bin/../lib/gcc/arm-none-eabi/14.2.0/../../../../arm-none-eabi/lib/thumb\libc.a(libc_a-mallocr.o)
                0x030008cc                __malloc_max_total_mem
 .bss.__malloc_max_sbrked_mem
                0x030008d0        0x4 C:/devkitPro/devkitARM/bin/../lib/gcc/arm-none-eabi/14.2.0/../../../../arm-none-eabi/lib/thumb\libc.a(libc_a-mallocr.o)
                0x030008d0                __malloc_max_sbrked_mem
 .bss.__malloc_top_pad
                0x030008d4        0x4 C:/devkitPro/devkitARM/bin/../lib/gcc/arm-none-eabi/14.2.0/../../../../arm-none-eabi/lib/thumb\libc.a(libc_a-mallocr.o)
                0x030008d4                __malloc_top_pad
 .bss.__malloc_recursive_mutex
                0x030008d8        0xc C:/devkitPro/devkitARM/bin/../lib/gcc/arm-none-eabi/14.2.0/../../../../arm-none-eabi/lib/thumb\libc.a(libc_a-mlock.o)
 .bss.__sfp_recursive_mutex
                0x030008e4        0xc C:/devkitPro/devkitARM/bin/../lib/gcc/arm-none-eabi/14.2.0/../../../../arm-none-eabi/lib/thumb\libc.a(libc_a-findfp.o)
 .bss.__sf      0x030008f0      0x168 C:/devkitPro/devkitARM/bin/../lib/gcc/arm-none-eabi/14.2.0/../../../../arm-none-eabi/lib/thumb\libc.a(libc_a-findfp.o)
                0x030008f0                __sf
 .bss.__stdio_exit_handler
                0x03000a58        0x4 C:/devkitPro/devkitARM/bin/../lib/gcc/arm-none-eabi/14.2.0/../../../../arm-none-eabi/lib/thumb\libc.a(libc_a-findfp.o)
                0x03000a58                __stdio_exit_handler
 .bss.__hndl_lock
                0x03000a5c        0x4 C:/devkitPro/devkitARM/bin/../lib/gcc/arm-none-eabi/14.2.0/../../../../arm-none-eabi/lib/thumb\libsysbase.a(libsysbase_libsysbase_a-handle_manager.o)
 .bss.fake_heap_start
                0x03000a60        0x4 C:/devkitPro/devkitARM/bin/../lib/gcc/arm-none-eabi/14.2.0/../../../../arm-none-eabi/lib/thumb\libsysbase.a(libsysbase_libsysbase_a-malloc_vars.o)
                0x03000a60                fake_heap_start
 .bss.fake_heap_end
                0x03000a64        0x4 C:/devkitPro/devkitARM/bin/../lib/gcc/arm-none-eabi/14.2.0/../../../../arm-none-eabi/lib/thumb\libsysbase.a(libsysbase_libsysbase_a-malloc_vars.o)
                0x03000a64                fake_heap_end
 .bss.heap_start.0
                0x03000a68        0x4 C:/devkitPro/devkitARM/bin/../lib/gcc/arm-none-eabi/14.2.0/../../../../arm-none-eabi/lib/thumb\libsysbase.a(libsysbase_libsysbase_a-sbrk.o)
 *(COMMON)
 COMMON         0x03000a6c       0x48 C:/devkitPro/libtonc/lib\libtonc.a(tte_main.o)
                0x03000a6c                __tte_main_context
                0x03000ab4                        . = ALIGN (0x4)
                0x03000ab4                        __bss_end__ = ABSOLUTE (.)

.data           0x03000ab4     0x177c load address 0x08018bb8
                0x03000ab4                        __data_start__ = ABSOLUTE (.)
 *(.data*)
 .data          0x03000ab4       0x10 main.o
                0x03000ab4                healthBar0
                0x03000ab8                health_tid
                0x03000abc                scoreCheck
                0x03000ac0                obj_aff_buffer
 .data          0x03000ac4        0x8 C:/devkitPro/libtonc/lib\libtonc.a(tonc_input.o)
                0x03000ac4                __key_rpt
 .data          0x03000acc        0x4 C:/devkitPro/libtonc/lib\libtonc.a(tte_main.o)
                0x03000acc                gp_tte_context
 .data.__global_locale
                0x03000ad0      0x16c C:/devkitPro/devkitARM/bin/../lib/gcc/arm-none-eabi/14.2.0/../../../../arm-none-eabi/lib/thumb\libc.a(libc_a-locale.o)
                0x03000ad0                __global_locale
 .data.__malloc_sbrk_base
                0x03000c3c        0x4 C:/devkitPro/devkitARM/bin/../lib/gcc/arm-none-eabi/14.2.0/../../../../arm-none-eabi/lib/thumb\libc.a(libc_a-mallocr.o)
                0x03000c3c                __malloc_sbrk_base
 .data.__malloc_trim_threshold
                0x03000c40        0x4 C:/devkitPro/devkitARM/bin/../lib/gcc/arm-none-eabi/14.2.0/../../../../arm-none-eabi/lib/thumb\libc.a(libc_a-mallocr.o)
                0x03000c40                __malloc_trim_threshold
 *fill*         0x03000c44        0x4 ff
 .data.__malloc_av_
                0x03000c48      0x408 C:/devkitPro/devkitARM/bin/../lib/gcc/arm-none-eabi/14.2.0/../../../../arm-none-eabi/lib/thumb\libc.a(libc_a-mallocr.o)
                0x03000c48                __malloc_av_
 .data.__sglue  0x03001050        0xc C:/devkitPro/devkitARM/bin/../lib/gcc/arm-none-eabi/14.2.0/../../../../arm-none-eabi/lib/thumb\libc.a(libc_a-findfp.o)
                0x03001050                __sglue
 .data._impure_ptr
                0x0300105c        0x4 C:/devkitPro/devkitARM/bin/../lib/gcc/arm-none-eabi/14.2.0/../../../../arm-none-eabi/lib/thumb\libc.a(libc_a-impure.o)
                0x0300105c                _impure_ptr
 .data._impure_data
                0x03001060      0x120 C:/devkitPro/devkitARM/bin/../lib/gcc/arm-none-eabi/14.2.0/../../../../arm-none-eabi/lib/thumb\libc.a(libc_a-impure.o)
                0x03001060                _impure_data
 .data.handles  0x03001180     0x1000 C:/devkitPro/devkitARM/bin/../lib/gcc/arm-none-eabi/14.2.0/../../../../arm-none-eabi/lib/thumb\libsysbase.a(libsysbase_libsysbase_a-handle_manager.o)
 .data.__stderr_handle
                0x03002180        0xc C:/devkitPro/devkitARM/bin/../lib/gcc/arm-none-eabi/14.2.0/../../../../arm-none-eabi/lib/thumb\libsysbase.a(libsysbase_libsysbase_a-handle_manager.o)
 .data.__stdout_handle
                0x0300218c        0xc C:/devkitPro/devkitARM/bin/../lib/gcc/arm-none-eabi/14.2.0/../../../../arm-none-eabi/lib/thumb\libsysbase.a(libsysbase_libsysbase_a-handle_manager.o)
 .data.__stdin_handle
                0x03002198        0xc C:/devkitPro/devkitARM/bin/../lib/gcc/arm-none-eabi/14.2.0/../../../../arm-none-eabi/lib/thumb\libsysbase.a(libsysbase_libsysbase_a-handle_manager.o)
 .data.devoptab_list
                0x030021a4       0x8c C:/devkitPro/devkitARM/bin/../lib/gcc/arm-none-eabi/14.2.0/../../../../arm-none-eabi/lib/thumb\libsysbase.a(libsysbase_libsysbase_a-iosupport.o)
                0x030021a4                devoptab_list
 *(.gnu.linkonce.d*)
                0x03002230                        . = ALIGN (0x4)
                0x0801a334                        __preinit_lma = (__data_lma + SIZEOF (.data))

.igot.plt       0x03002230        0x0 load address 0x0801a334
 .igot.plt      0x03002230        0x0 C:/devkitPro/devkitARM/bin/../lib/gcc/arm-none-eabi/14.2.0/../../../../arm-none-eabi/lib/thumb/gba_crt0.o

.preinit_array  0x03002230        0x0 load address 0x0801a334
                0x03002230                        __preinit_array_start = ABSOLUTE (.)
 *(.preinit_array)
                0x03002230                        __preinit_array_end = ABSOLUTE (.)
                0x0801a334                        __init_lma = (__preinit_lma + SIZEOF (.preinit_array))

.init_array     0x03002230        0x4 load address 0x0801a334
                0x03002230                        __init_array_start = ABSOLUTE (.)
 *(SORT_BY_NAME(.init_array.*))
 *(.init_array)
 .init_array    0x03002230        0x4 C:/devkitPro/devkitARM/bin/../lib/gcc/arm-none-eabi/14.2.0/thumb/crtbegin.o
                0x03002234                        __init_array_end = ABSOLUTE (.)
                0x0801a338                        __fini_lma = (__init_lma + SIZEOF (.init_array))

.fini_array     0x03002234        0x4 load address 0x0801a338
                0x03002234                        __fini_array_start = ABSOLUTE (.)
 *(SORT_BY_NAME(.fini_array.*))
 *(.fini_array)
 .fini_array    0x03002234        0x4 C:/devkitPro/devkitARM/bin/../lib/gcc/arm-none-eabi/14.2.0/thumb/crtbegin.o
                0x03002238                        __fini_array_end = ABSOLUTE (.)
                0x0801a33c                        __jcr_lma = (__fini_lma + SIZEOF (.fini_array))

.jcr
 *(.jcr)
                0x03002238                        __data_end__ = ABSOLUTE (.)
                0x0801a33c                        __iwram_overlay_lma = (__jcr_lma + SIZEOF (.jcr))
                0x03002238                        __iwram_overlay_start = .

.iwram0         0x03002238        0x0 load address 0x0801a33c
 *(.iwram0)
                0x03002238                        . = ALIGN (0x4)
                0x0801a33c                        PROVIDE (__load_start_iwram0 = LOADADDR (.iwram0))
                0x0801a33c                        PROVIDE (__load_stop_iwram0 = (LOADADDR (.iwram0) + SIZEOF (.iwram0)))

.iwram1         0x03002238        0x0
 *(.iwram1)
                0x03002238                        . = ALIGN (0x4)
                [!provide]                        PROVIDE (__load_start_iwram1 = LOADADDR (.iwram1))
                [!provide]                        PROVIDE (__load_stop_iwram1 = (LOADADDR (.iwram1) + SIZEOF (.iwram1)))

.iwram2         0x03002238        0x0
 *(.iwram2)
                0x03002238                        . = ALIGN (0x4)
                [!provide]                        PROVIDE (__load_start_iwram2 = LOADADDR (.iwram2))
                [!provide]                        PROVIDE (__load_stop_iwram2 = (LOADADDR (.iwram2) + SIZEOF (.iwram2)))

.iwram3         0x03002238        0x0
 *(.iwram3)
                0x03002238                        . = ALIGN (0x4)
                [!provide]                        PROVIDE (__load_start_iwram3 = LOADADDR (.iwram3))
                [!provide]                        PROVIDE (__load_stop_iwram3 = (LOADADDR (.iwram3) + SIZEOF (.iwram3)))

.iwram4         0x03002238        0x0
 *(.iwram4)
                0x03002238                        . = ALIGN (0x4)
                [!provide]                        PROVIDE (__load_start_iwram4 = LOADADDR (.iwram4))
                [!provide]                        PROVIDE (__load_stop_iwram4 = (LOADADDR (.iwram4) + SIZEOF (.iwram4)))

.iwram5         0x03002238        0x0
 *(.iwram5)
                0x03002238                        . = ALIGN (0x4)
                [!provide]                        PROVIDE (__load_start_iwram5 = LOADADDR (.iwram5))
                [!provide]                        PROVIDE (__load_stop_iwram5 = (LOADADDR (.iwram5) + SIZEOF (.iwram5)))

.iwram6         0x03002238        0x0
 *(.iwram6)
                0x03002238                        . = ALIGN (0x4)
                [!provide]                        PROVIDE (__load_start_iwram6 = LOADADDR (.iwram6))
                [!provide]                        PROVIDE (__load_stop_iwram6 = (LOADADDR (.iwram6) + SIZEOF (.iwram6)))

.iwram7         0x03002238        0x0
 *(.iwram7)
                0x03002238                        . = ALIGN (0x4)
                [!provide]                        PROVIDE (__load_start_iwram7 = LOADADDR (.iwram7))
                [!provide]                        PROVIDE (__load_stop_iwram7 = (LOADADDR (.iwram7) + SIZEOF (.iwram7)))

.iwram8         0x03002238        0x0
 *(.iwram8)
                0x03002238                        . = ALIGN (0x4)
                [!provide]                        PROVIDE (__load_start_iwram8 = LOADADDR (.iwram8))
                [!provide]                        PROVIDE (__load_stop_iwram8 = (LOADADDR (.iwram8) + SIZEOF (.iwram8)))

.iwram9         0x03002238        0x0
 *(.iwram9)
                0x03002238                        . = ALIGN (0x4)
                [!provide]                        PROVIDE (__load_start_iwram9 = LOADADDR (.iwram9))
                [!provide]                        PROVIDE (__load_stop_iwram9 = (LOADADDR (.iwram9) + SIZEOF (.iwram9)))
                0x03002238                        __iwram_overlay_end = .
                0x0801a33c                        __ewram_lma = (__iwram_overlay_lma + (__iwram_overlay_end - __iwram_overlay_start))
                0x03002238                        __iheap_start = .
                0x02000000                        __ewram_start = ORIGIN (ewram)

.ewram          0x02000000        0x0 load address 0x0801a33c
 *(.ewram*)
                0x02000000                        . = ALIGN (0x4)
                0x02000000                        __ewram_end = ABSOLUTE (.)
                0x0801a33c                        __pad_lma = (__ewram_lma + SIZEOF (.ewram))

.sbss           0x02000000        0x0
                0x02000000                        __sbss_start__ = ABSOLUTE (.)
 *(.sbss*)
                0x02000000                        . = ALIGN (0x4)
                0x02000000                        __sbss_end__ = ABSOLUTE (.)
                0x02000000                        __end__ = ABSOLUTE (.)
                0x02000000                        __eheap_start = ABSOLUTE (.)

.pad            0x02000000        0x8 load address 0x0801a33c
                0x02000000        0x4 LONG 0x52416b64
                0x02000004        0x4 LONG 0x4d
                0x02000008                        . = ALIGN (0x4)
                0x0801a344                        __rom_end__ = (__pad_lma + SIZEOF (.pad))

.rel.dyn        0x02000008        0x0 load address 0x0801a344
 .rel.iplt      0x02000008        0x0 C:/devkitPro/devkitARM/bin/../lib/gcc/arm-none-eabi/14.2.0/../../../../arm-none-eabi/lib/thumb/gba_crt0.o

.stab
 *(.stab)

.stabstr
 *(.stabstr)

.stab.excl
 *(.stab.excl)

.stab.exclstr
 *(.stab.exclstr)

.stab.index
 *(.stab.index)

.stab.indexstr
 *(.stab.indexstr)

.comment        0x00000000       0x45
 *(.comment)
 .comment       0x00000000       0x45 C:/devkitPro/devkitARM/bin/../lib/gcc/arm-none-eabi/14.2.0/thumb/crtbegin.o
                                 0x24 (size before relaxing)
 .comment       0x00000045       0x24 main.o
 .comment       0x00000045       0x24 mainMenu.o
 .comment       0x00000045       0x24 playButton.o
 .comment       0x00000045       0x24 game.o
 .comment       0x00000045       0x24 playerSprite.o
 .comment       0x00000045       0x24 gameOverScreen.o
 .comment       0x00000045       0x24 pauseMenu.o
 .comment       0x00000045       0x24 enemySprite.o
 .comment       0x00000045       0x24 shoot.o
 .comment       0x00000045       0x24 healthBar0.o
 .comment       0x00000045       0x24 healthBar1.o
 .comment       0x00000045       0x24 healthBar2.o
 .comment       0x00000045       0x24 healthBar3.o
 .comment       0x00000045       0x24 enemySpriteExploding.o
 .comment       0x00000045       0x24 enemySpriteExploding2.o
 .comment       0x00000045       0x24 enemySpriteExploding3.o
 .comment       0x00000045       0x24 enemySpriteExploding4.o
 .comment       0x00000045       0x24 healthPowerUp.o
 .comment       0x00000045       0x24 bulletPowerUp.o
 .comment       0x00000045       0x23 C:/devkitPro/libtonc/lib\libtonc.a(tonc_oam.o)
 .comment       0x00000045       0x23 C:/devkitPro/libtonc/lib\libtonc.a(tonc_input.o)
 .comment       0x00000045       0x23 C:/devkitPro/libtonc/lib\libtonc.a(tte_main.o)
 .comment       0x00000045       0x23 C:/devkitPro/libtonc/lib\libtonc.a(tte_init_se.o)
 .comment       0x00000045       0x23 C:/devkitPro/libtonc/lib\libtonc.a(tonc_surface.o)
 .comment       0x00000045       0x23 C:/devkitPro/libtonc/lib\libtonc.a(se_drawg.o)
 .comment       0x00000045       0x23 C:/devkitPro/libtonc/lib\libtonc.a(tonc_sbmp16.o)
 .comment       0x00000045       0x24 C:/devkitPro/devkitARM/bin/../lib/gcc/arm-none-eabi/14.2.0/../../../../arm-none-eabi/lib/thumb\libc.a(libc_a-rand.o)
 .comment       0x00000045       0x24 C:/devkitPro/devkitARM/bin/../lib/gcc/arm-none-eabi/14.2.0/../../../../arm-none-eabi/lib/thumb\libc.a(libc_a-sprintf.o)
 .comment       0x00000045       0x24 C:/devkitPro/devkitARM/bin/../lib/gcc/arm-none-eabi/14.2.0/../../../../arm-none-eabi/lib/thumb\libc.a(libc_a-svfprintf.o)
 .comment       0x00000045       0x24 C:/devkitPro/devkitARM/bin/../lib/gcc/arm-none-eabi/14.2.0/../../../../arm-none-eabi/lib/thumb\libc.a(libc_a-strtol.o)
 .comment       0x00000045       0x24 C:/devkitPro/devkitARM/bin/../lib/gcc/arm-none-eabi/14.2.0/../../../../arm-none-eabi/lib/thumb\libc.a(libc_a-errno.o)
 .comment       0x00000045       0x24 C:/devkitPro/devkitARM/bin/../lib/gcc/arm-none-eabi/14.2.0/../../../../arm-none-eabi/lib/thumb\libc.a(libc_a-memcpy-stub.o)
 .comment       0x00000045       0x24 C:/devkitPro/devkitARM/bin/../lib/gcc/arm-none-eabi/14.2.0/../../../../arm-none-eabi/lib/thumb\libc.a(libc_a-ctype_.o)
 .comment       0x00000045       0x24 C:/devkitPro/devkitARM/bin/../lib/gcc/arm-none-eabi/14.2.0/../../../../arm-none-eabi/lib/thumb\libc.a(libc_a-time.o)
 .comment       0x00000045       0x24 C:/devkitPro/devkitARM/bin/../lib/gcc/arm-none-eabi/14.2.0/../../../../arm-none-eabi/lib/thumb\libc.a(libc_a-memset.o)
 .comment       0x00000045       0x24 C:/devkitPro/devkitARM/bin/../lib/gcc/arm-none-eabi/14.2.0/../../../../arm-none-eabi/lib/thumb\libc.a(libc_a-strncpy.o)
 .comment       0x00000045       0x24 C:/devkitPro/devkitARM/bin/../lib/gcc/arm-none-eabi/14.2.0/../../../../arm-none-eabi/lib/thumb\libc.a(libc_a-wcsrtombs.o)
 .comment       0x00000045       0x24 C:/devkitPro/devkitARM/bin/../lib/gcc/arm-none-eabi/14.2.0/../../../../arm-none-eabi/lib/thumb\libc.a(libc_a-svfiprintf.o)
 .comment       0x00000045       0x24 C:/devkitPro/devkitARM/bin/../lib/gcc/arm-none-eabi/14.2.0/../../../../arm-none-eabi/lib/thumb\libc.a(libc_a-init.o)
 .comment       0x00000045       0x24 C:/devkitPro/devkitARM/bin/../lib/gcc/arm-none-eabi/14.2.0/../../../../arm-none-eabi/lib/thumb\libc.a(libm_a-s_frexp.o)
 .comment       0x00000045       0x24 C:/devkitPro/devkitARM/bin/../lib/gcc/arm-none-eabi/14.2.0/../../../../arm-none-eabi/lib/thumb\libc.a(libc_a-strlen-stub.o)
 .comment       0x00000045       0x24 C:/devkitPro/devkitARM/bin/../lib/gcc/arm-none-eabi/14.2.0/../../../../arm-none-eabi/lib/thumb\libc.a(libc_a-locale.o)
 .comment       0x00000045       0x24 C:/devkitPro/devkitARM/bin/../lib/gcc/arm-none-eabi/14.2.0/../../../../arm-none-eabi/lib/thumb\libc.a(libc_a-ssprint_r.o)
 .comment       0x00000045       0x24 C:/devkitPro/devkitARM/bin/../lib/gcc/arm-none-eabi/14.2.0/../../../../arm-none-eabi/lib/thumb\libc.a(libc_a-memchr-stub.o)
 .comment       0x00000045       0x24 C:/devkitPro/devkitARM/bin/../lib/gcc/arm-none-eabi/14.2.0/../../../../arm-none-eabi/lib/thumb\libc.a(libc_a-wcsnrtombs.o)
 .comment       0x00000045       0x24 C:/devkitPro/devkitARM/bin/../lib/gcc/arm-none-eabi/14.2.0/../../../../arm-none-eabi/lib/thumb\libc.a(libc_a-mbtowc_r.o)
 .comment       0x00000045       0x24 C:/devkitPro/devkitARM/bin/../lib/gcc/arm-none-eabi/14.2.0/../../../../arm-none-eabi/lib/thumb\libc.a(libc_a-localeconv.o)
 .comment       0x00000045       0x24 C:/devkitPro/devkitARM/bin/../lib/gcc/arm-none-eabi/14.2.0/../../../../arm-none-eabi/lib/thumb\libc.a(libc_a-mallocr.o)
 .comment       0x00000045       0x24 C:/devkitPro/devkitARM/bin/../lib/gcc/arm-none-eabi/14.2.0/../../../../arm-none-eabi/lib/thumb\libc.a(libc_a-dtoa.o)
 .comment       0x00000045       0x24 C:/devkitPro/devkitARM/bin/../lib/gcc/arm-none-eabi/14.2.0/../../../../arm-none-eabi/lib/thumb\libc.a(libc_a-wcrtomb.o)
 .comment       0x00000045       0x24 C:/devkitPro/devkitARM/bin/../lib/gcc/arm-none-eabi/14.2.0/../../../../arm-none-eabi/lib/thumb\libc.a(libc_a-freer.o)
 .comment       0x00000045       0x24 C:/devkitPro/devkitARM/bin/../lib/gcc/arm-none-eabi/14.2.0/../../../../arm-none-eabi/lib/thumb\libc.a(libc_a-ssputs_r.o)
 .comment       0x00000045       0x24 C:/devkitPro/devkitARM/bin/../lib/gcc/arm-none-eabi/14.2.0/../../../../arm-none-eabi/lib/thumb\libc.a(libc_a-mlock.o)
 .comment       0x00000045       0x24 C:/devkitPro/devkitARM/bin/../lib/gcc/arm-none-eabi/14.2.0/../../../../arm-none-eabi/lib/thumb\libc.a(libc_a-wctomb_r.o)
 .comment       0x00000045       0x24 C:/devkitPro/devkitARM/bin/../lib/gcc/arm-none-eabi/14.2.0/../../../../arm-none-eabi/lib/thumb\libc.a(libc_a-memmove.o)
 .comment       0x00000045       0x24 C:/devkitPro/devkitARM/bin/../lib/gcc/arm-none-eabi/14.2.0/../../../../arm-none-eabi/lib/thumb\libc.a(libc_a-assert.o)
 .comment       0x00000045       0x24 C:/devkitPro/devkitARM/bin/../lib/gcc/arm-none-eabi/14.2.0/../../../../arm-none-eabi/lib/thumb\libc.a(libc_a-mprec.o)
 .comment       0x00000045       0x24 C:/devkitPro/devkitARM/bin/../lib/gcc/arm-none-eabi/14.2.0/../../../../arm-none-eabi/lib/thumb\libc.a(libc_a-fiprintf.o)
 .comment       0x00000045       0x24 C:/devkitPro/devkitARM/bin/../lib/gcc/arm-none-eabi/14.2.0/../../../../arm-none-eabi/lib/thumb\libc.a(libc_a-abort.o)
 .comment       0x00000045       0x24 C:/devkitPro/devkitARM/bin/../lib/gcc/arm-none-eabi/14.2.0/../../../../arm-none-eabi/lib/thumb\libc.a(libc_a-callocr.o)
 .comment       0x00000045       0x24 C:/devkitPro/devkitARM/bin/../lib/gcc/arm-none-eabi/14.2.0/../../../../arm-none-eabi/lib/thumb\libc.a(libc_a-reallocr.o)
 .comment       0x00000045       0x24 C:/devkitPro/devkitARM/bin/../lib/gcc/arm-none-eabi/14.2.0/../../../../arm-none-eabi/lib/thumb\libc.a(libc_a-signal.o)
 .comment       0x00000045       0x24 C:/devkitPro/devkitARM/bin/../lib/gcc/arm-none-eabi/14.2.0/../../../../arm-none-eabi/lib/thumb\libc.a(libc_a-vfiprintf.o)
 .comment       0x00000045       0x24 C:/devkitPro/devkitARM/bin/../lib/gcc/arm-none-eabi/14.2.0/../../../../arm-none-eabi/lib/thumb\libc.a(libc_a-sprint_r.o)
 .comment       0x00000045       0x24 C:/devkitPro/devkitARM/bin/../lib/gcc/arm-none-eabi/14.2.0/../../../../arm-none-eabi/lib/thumb\libc.a(libc_a-findfp.o)
 .comment       0x00000045       0x24 C:/devkitPro/devkitARM/bin/../lib/gcc/arm-none-eabi/14.2.0/../../../../arm-none-eabi/lib/thumb\libc.a(libc_a-fwalk.o)
 .comment       0x00000045       0x24 C:/devkitPro/devkitARM/bin/../lib/gcc/arm-none-eabi/14.2.0/../../../../arm-none-eabi/lib/thumb\libc.a(libc_a-wsetup.o)
 .comment       0x00000045       0x24 C:/devkitPro/devkitARM/bin/../lib/gcc/arm-none-eabi/14.2.0/../../../../arm-none-eabi/lib/thumb\libc.a(libc_a-fflush.o)
 .comment       0x00000045       0x24 C:/devkitPro/devkitARM/bin/../lib/gcc/arm-none-eabi/14.2.0/../../../../arm-none-eabi/lib/thumb\libc.a(libc_a-impure.o)
 .comment       0x00000045       0x24 C:/devkitPro/devkitARM/bin/../lib/gcc/arm-none-eabi/14.2.0/../../../../arm-none-eabi/lib/thumb\libc.a(libc_a-fvwrite.o)
 .comment       0x00000045       0x24 C:/devkitPro/devkitARM/bin/../lib/gcc/arm-none-eabi/14.2.0/../../../../arm-none-eabi/lib/thumb\libc.a(libc_a-stdio.o)
 .comment       0x00000045       0x24 C:/devkitPro/devkitARM/bin/../lib/gcc/arm-none-eabi/14.2.0/../../../../arm-none-eabi/lib/thumb\libc.a(libc_a-fclose.o)
 .comment       0x00000045       0x24 C:/devkitPro/devkitARM/bin/../lib/gcc/arm-none-eabi/14.2.0/../../../../arm-none-eabi/lib/thumb\libc.a(libc_a-makebuf.o)
 .comment       0x00000045       0x24 C:/devkitPro/devkitARM/bin/../lib/gcc/arm-none-eabi/14.2.0/../../../../arm-none-eabi/lib/thumb\libc.a(libc_a-malignr.o)
 .comment       0x00000045       0x24 C:/devkitPro/devkitARM/bin/../lib/gcc/arm-none-eabi/14.2.0/../../../../arm-none-eabi/lib/thumb\libsysbase.a(libsysbase_libsysbase_a-_exit.o)
 .comment       0x00000045       0x24 C:/devkitPro/devkitARM/bin/../lib/gcc/arm-none-eabi/14.2.0/../../../../arm-none-eabi/lib/thumb\libsysbase.a(libsysbase_libsysbase_a-fstat.o)
 .comment       0x00000045       0x24 C:/devkitPro/devkitARM/bin/../lib/gcc/arm-none-eabi/14.2.0/../../../../arm-none-eabi/lib/thumb\libsysbase.a(libsysbase_libsysbase_a-getpid.o)
 .comment       0x00000045       0x24 C:/devkitPro/devkitARM/bin/../lib/gcc/arm-none-eabi/14.2.0/../../../../arm-none-eabi/lib/thumb\libsysbase.a(libsysbase_libsysbase_a-getreent.o)
 .comment       0x00000045       0x24 C:/devkitPro/devkitARM/bin/../lib/gcc/arm-none-eabi/14.2.0/../../../../arm-none-eabi/lib/thumb\libsysbase.a(libsysbase_libsysbase_a-gettod.o)
 .comment       0x00000045       0x24 C:/devkitPro/devkitARM/bin/../lib/gcc/arm-none-eabi/14.2.0/../../../../arm-none-eabi/lib/thumb\libsysbase.a(libsysbase_libsysbase_a-handle_manager.o)
 .comment       0x00000045       0x24 C:/devkitPro/devkitARM/bin/../lib/gcc/arm-none-eabi/14.2.0/../../../../arm-none-eabi/lib/thumb\libsysbase.a(libsysbase_libsysbase_a-iosupport.o)
 .comment       0x00000045       0x24 C:/devkitPro/devkitARM/bin/../lib/gcc/arm-none-eabi/14.2.0/../../../../arm-none-eabi/lib/thumb\libsysbase.a(libsysbase_libsysbase_a-isatty.o)
 .comment       0x00000045       0x24 C:/devkitPro/devkitARM/bin/../lib/gcc/arm-none-eabi/14.2.0/../../../../arm-none-eabi/lib/thumb\libsysbase.a(libsysbase_libsysbase_a-kill.o)
 .comment       0x00000045       0x24 C:/devkitPro/devkitARM/bin/../lib/gcc/arm-none-eabi/14.2.0/../../../../arm-none-eabi/lib/thumb\libsysbase.a(libsysbase_libsysbase_a-lseek.o)
 .comment       0x00000045       0x24 C:/devkitPro/devkitARM/bin/../lib/gcc/arm-none-eabi/14.2.0/../../../../arm-none-eabi/lib/thumb\libsysbase.a(libsysbase_libsysbase_a-malloc_vars.o)
 .comment       0x00000045       0x24 C:/devkitPro/devkitARM/bin/../lib/gcc/arm-none-eabi/14.2.0/../../../../arm-none-eabi/lib/thumb\libsysbase.a(libsysbase_libsysbase_a-read.o)
 .comment       0x00000045       0x24 C:/devkitPro/devkitARM/bin/../lib/gcc/arm-none-eabi/14.2.0/../../../../arm-none-eabi/lib/thumb\libsysbase.a(libsysbase_libsysbase_a-sbrk.o)
 .comment       0x00000045       0x24 C:/devkitPro/devkitARM/bin/../lib/gcc/arm-none-eabi/14.2.0/../../../../arm-none-eabi/lib/thumb\libsysbase.a(libsysbase_libsysbase_a-syscall_support.o)
 .comment       0x00000045       0x24 C:/devkitPro/devkitARM/bin/../lib/gcc/arm-none-eabi/14.2.0/../../../../arm-none-eabi/lib/thumb\libsysbase.a(libsysbase_libsysbase_a-write.o)
 .comment       0x00000045       0x24 C:/devkitPro/devkitARM/bin/../lib/gcc/arm-none-eabi/14.2.0/thumb\libgcc.a(_muldi3.o)
 .comment       0x00000045       0x24 C:/devkitPro/devkitARM/bin/../lib/gcc/arm-none-eabi/14.2.0/thumb\libgcc.a(_udivmoddi4.o)
 .comment       0x00000045       0x24 C:/devkitPro/devkitARM/bin/../lib/gcc/arm-none-eabi/14.2.0/../../../../arm-none-eabi/lib/thumb\libc.a(libc_a-malloc.o)
 .comment       0x00000045       0x24 C:/devkitPro/devkitARM/bin/../lib/gcc/arm-none-eabi/14.2.0/thumb/crtend.o

.debug
 *(.debug)

.line
 *(.line)

.debug_srcinfo
 *(.debug_srcinfo)

.debug_sfnames
 *(.debug_sfnames)

.debug_aranges
 *(.debug_aranges)

.debug_pubnames
 *(.debug_pubnames)

.debug_info
 *(.debug_info)

.debug_abbrev
 *(.debug_abbrev)

.debug_line
 *(.debug_line)

.debug_frame
 *(.debug_frame)

.debug_str
 *(.debug_str)

.debug_loc
 *(.debug_loc)

.debug_macinfo
 *(.debug_macinfo)

.debug_weaknames
 *(.debug_weaknames)

.debug_funcnames
 *(.debug_funcnames)

.debug_typenames
 *(.debug_typenames)

.debug_varnames
 *(.debug_varnames)

.stack          0x00080000        0x0
                0x00080000                        _stack = .
 *(.stack)

.note.gnu.arm.ident
 *(.note.gnu.arm.ident)

.ARM.attributes
                0x00000000       0x2c
 *(.ARM.attributes)
 .ARM.attributes
                0x00000000       0x20 C:/devkitPro/devkitARM/bin/../lib/gcc/arm-none-eabi/14.2.0/../../../../arm-none-eabi/lib/thumb/gba_crt0.o
 .ARM.attributes
                0x00000020       0x1c C:/devkitPro/devkitARM/bin/../lib/gcc/arm-none-eabi/14.2.0/thumb/crti.o
 .ARM.attributes
                0x0000003c       0x2a C:/devkitPro/devkitARM/bin/../lib/gcc/arm-none-eabi/14.2.0/thumb/crtbegin.o
 .ARM.attributes
                0x00000066       0x2a main.o
 .ARM.attributes
                0x00000090       0x2a mainMenu.o
 .ARM.attributes
                0x000000ba       0x2a playButton.o
 .ARM.attributes
                0x000000e4       0x2a game.o
 .ARM.attributes
                0x0000010e       0x2a playerSprite.o
 .ARM.attributes
                0x00000138       0x2a gameOverScreen.o
 .ARM.attributes
                0x00000162       0x2a pauseMenu.o
 .ARM.attributes
                0x0000018c       0x2a enemySprite.o
 .ARM.attributes
                0x000001b6       0x2a shoot.o
 .ARM.attributes
                0x000001e0       0x2a healthBar0.o
 .ARM.attributes
                0x0000020a       0x2a healthBar1.o
 .ARM.attributes
                0x00000234       0x2a healthBar2.o
 .ARM.attributes
                0x0000025e       0x2a healthBar3.o
 .ARM.attributes
                0x00000288       0x2a enemySpriteExploding.o
 .ARM.attributes
                0x000002b2       0x2a enemySpriteExploding2.o
 .ARM.attributes
                0x000002dc       0x2a enemySpriteExploding3.o
 .ARM.attributes
                0x00000306       0x2a enemySpriteExploding4.o
 .ARM.attributes
                0x00000330       0x2a healthPowerUp.o
 .ARM.attributes
                0x0000035a       0x2a bulletPowerUp.o
 .ARM.attributes
                0x00000384       0x2a C:/devkitPro/libtonc/lib\libtonc.a(tonc_oam.o)
 .ARM.attributes
                0x000003ae       0x2a C:/devkitPro/libtonc/lib\libtonc.a(tonc_input.o)
 .ARM.attributes
                0x000003d8       0x2a C:/devkitPro/libtonc/lib\libtonc.a(tte_main.o)
 .ARM.attributes
                0x00000402       0x2a C:/devkitPro/libtonc/lib\libtonc.a(tte_init_se.o)
 .ARM.attributes
                0x0000042c       0x1a C:/devkitPro/libtonc/lib\libtonc.a(tonc_bios.o)
 .ARM.attributes
                0x00000446       0x1a C:/devkitPro/libtonc/lib\libtonc.a(tonc_memcpy.o)
 .ARM.attributes
                0x00000460       0x1a C:/devkitPro/libtonc/lib\libtonc.a(tonc_bios_ex.o)
 .ARM.attributes
                0x0000047a       0x1a C:/devkitPro/libtonc/lib\libtonc.a(sys8.o)
 .ARM.attributes
                0x00000494       0x2a C:/devkitPro/libtonc/lib\libtonc.a(tonc_surface.o)
 .ARM.attributes
                0x000004be       0x2a C:/devkitPro/libtonc/lib\libtonc.a(se_drawg.o)
 .ARM.attributes
                0x000004e8       0x2a C:/devkitPro/libtonc/lib\libtonc.a(tonc_sbmp16.o)
 .ARM.attributes
                0x00000512       0x1a C:/devkitPro/libtonc/lib\libtonc.a(tonc_memset.o)
 .ARM.attributes
                0x0000052c       0x1c C:/devkitPro/devkitARM/bin/../lib/gcc/arm-none-eabi/14.2.0/thumb\libgcc.a(_divsi3.o)
 .ARM.attributes
                0x00000548       0x1c C:/devkitPro/devkitARM/bin/../lib/gcc/arm-none-eabi/14.2.0/thumb\libgcc.a(_dvmd_tls.o)
 .ARM.attributes
                0x00000564       0x1c C:/devkitPro/devkitARM/bin/../lib/gcc/arm-none-eabi/14.2.0/thumb\libgcc.a(_sync_none.o)
 .ARM.attributes
                0x00000580       0x2a C:/devkitPro/devkitARM/bin/../lib/gcc/arm-none-eabi/14.2.0/../../../../arm-none-eabi/lib/thumb\libc.a(libc_a-rand.o)
 .ARM.attributes
                0x000005aa       0x2a C:/devkitPro/devkitARM/bin/../lib/gcc/arm-none-eabi/14.2.0/../../../../arm-none-eabi/lib/thumb\libc.a(libc_a-sprintf.o)
 .ARM.attributes
                0x000005d4       0x2a C:/devkitPro/devkitARM/bin/../lib/gcc/arm-none-eabi/14.2.0/../../../../arm-none-eabi/lib/thumb\libc.a(libc_a-svfprintf.o)
 .ARM.attributes
                0x000005fe       0x2a C:/devkitPro/devkitARM/bin/../lib/gcc/arm-none-eabi/14.2.0/../../../../arm-none-eabi/lib/thumb\libc.a(libc_a-strtol.o)
 .ARM.attributes
                0x00000628       0x2a C:/devkitPro/devkitARM/bin/../lib/gcc/arm-none-eabi/14.2.0/../../../../arm-none-eabi/lib/thumb\libc.a(libc_a-errno.o)
 .ARM.attributes
                0x00000652       0x2a C:/devkitPro/devkitARM/bin/../lib/gcc/arm-none-eabi/14.2.0/../../../../arm-none-eabi/lib/thumb\libc.a(libc_a-memcpy-stub.o)
 .ARM.attributes
                0x0000067c       0x2a C:/devkitPro/devkitARM/bin/../lib/gcc/arm-none-eabi/14.2.0/../../../../arm-none-eabi/lib/thumb\libc.a(libc_a-ctype_.o)
 .ARM.attributes
                0x000006a6       0x2a C:/devkitPro/devkitARM/bin/../lib/gcc/arm-none-eabi/14.2.0/../../../../arm-none-eabi/lib/thumb\libc.a(libc_a-time.o)
 .ARM.attributes
                0x000006d0       0x2a C:/devkitPro/devkitARM/bin/../lib/gcc/arm-none-eabi/14.2.0/../../../../arm-none-eabi/lib/thumb\libc.a(libc_a-memset.o)
 .ARM.attributes
                0x000006fa       0x2a C:/devkitPro/devkitARM/bin/../lib/gcc/arm-none-eabi/14.2.0/../../../../arm-none-eabi/lib/thumb\libc.a(libc_a-strncpy.o)
 .ARM.attributes
                0x00000724       0x2a C:/devkitPro/devkitARM/bin/../lib/gcc/arm-none-eabi/14.2.0/../../../../arm-none-eabi/lib/thumb\libc.a(libc_a-wcsrtombs.o)
 .ARM.attributes
                0x0000074e       0x2a C:/devkitPro/devkitARM/bin/../lib/gcc/arm-none-eabi/14.2.0/../../../../arm-none-eabi/lib/thumb\libc.a(libc_a-svfiprintf.o)
 .ARM.attributes
                0x00000778       0x2a C:/devkitPro/devkitARM/bin/../lib/gcc/arm-none-eabi/14.2.0/../../../../arm-none-eabi/lib/thumb\libc.a(libc_a-init.o)
 .ARM.attributes
                0x000007a2       0x2a C:/devkitPro/devkitARM/bin/../lib/gcc/arm-none-eabi/14.2.0/../../../../arm-none-eabi/lib/thumb\libc.a(libm_a-s_frexp.o)
 .ARM.attributes
                0x000007cc       0x2a C:/devkitPro/devkitARM/bin/../lib/gcc/arm-none-eabi/14.2.0/../../../../arm-none-eabi/lib/thumb\libc.a(libc_a-strlen-stub.o)
 .ARM.attributes
                0x000007f6       0x2a C:/devkitPro/devkitARM/bin/../lib/gcc/arm-none-eabi/14.2.0/../../../../arm-none-eabi/lib/thumb\libc.a(libc_a-locale.o)
 .ARM.attributes
                0x00000820       0x2a C:/devkitPro/devkitARM/bin/../lib/gcc/arm-none-eabi/14.2.0/../../../../arm-none-eabi/lib/thumb\libc.a(libc_a-ssprint_r.o)
 .ARM.attributes
                0x0000084a       0x2a C:/devkitPro/devkitARM/bin/../lib/gcc/arm-none-eabi/14.2.0/../../../../arm-none-eabi/lib/thumb\libc.a(libc_a-memchr-stub.o)
 .ARM.attributes
                0x00000874       0x2a C:/devkitPro/devkitARM/bin/../lib/gcc/arm-none-eabi/14.2.0/../../../../arm-none-eabi/lib/thumb\libc.a(libc_a-strcat.o)
 .ARM.attributes
                0x0000089e       0x2a C:/devkitPro/devkitARM/bin/../lib/gcc/arm-none-eabi/14.2.0/../../../../arm-none-eabi/lib/thumb\libc.a(libc_a-wcsnrtombs.o)
 .ARM.attributes
                0x000008c8       0x2a C:/devkitPro/devkitARM/bin/../lib/gcc/arm-none-eabi/14.2.0/../../../../arm-none-eabi/lib/thumb\libc.a(libc_a-mbtowc_r.o)
 .ARM.attributes
                0x000008f2       0x2a C:/devkitPro/devkitARM/bin/../lib/gcc/arm-none-eabi/14.2.0/../../../../arm-none-eabi/lib/thumb\libc.a(libc_a-localeconv.o)
 .ARM.attributes
                0x0000091c       0x2a C:/devkitPro/devkitARM/bin/../lib/gcc/arm-none-eabi/14.2.0/../../../../arm-none-eabi/lib/thumb\libc.a(libc_a-strlcpy.o)
 .ARM.attributes
                0x00000946       0x2a C:/devkitPro/devkitARM/bin/../lib/gcc/arm-none-eabi/14.2.0/../../../../arm-none-eabi/lib/thumb\libc.a(libc_a-mallocr.o)
 .ARM.attributes
                0x00000970       0x2a C:/devkitPro/devkitARM/bin/../lib/gcc/arm-none-eabi/14.2.0/../../../../arm-none-eabi/lib/thumb\libc.a(libc_a-strcasecmp.o)
 .ARM.attributes
                0x0000099a       0x2a C:/devkitPro/devkitARM/bin/../lib/gcc/arm-none-eabi/14.2.0/../../../../arm-none-eabi/lib/thumb\libc.a(libc_a-dtoa.o)
 .ARM.attributes
                0x000009c4       0x2a C:/devkitPro/devkitARM/bin/../lib/gcc/arm-none-eabi/14.2.0/../../../../arm-none-eabi/lib/thumb\libc.a(libc_a-wcrtomb.o)
 .ARM.attributes
                0x000009ee       0x2a C:/devkitPro/devkitARM/bin/../lib/gcc/arm-none-eabi/14.2.0/../../../../arm-none-eabi/lib/thumb\libc.a(libc_a-freer.o)
 .ARM.attributes
                0x00000a18       0x2a C:/devkitPro/devkitARM/bin/../lib/gcc/arm-none-eabi/14.2.0/../../../../arm-none-eabi/lib/thumb\libc.a(libc_a-getenv_r.o)
 .ARM.attributes
                0x00000a42       0x2a C:/devkitPro/devkitARM/bin/../lib/gcc/arm-none-eabi/14.2.0/../../../../arm-none-eabi/lib/thumb\libc.a(libc_a-ssputs_r.o)
 .ARM.attributes
                0x00000a6c       0x2a C:/devkitPro/devkitARM/bin/../lib/gcc/arm-none-eabi/14.2.0/../../../../arm-none-eabi/lib/thumb\libc.a(libc_a-strncasecmp.o)
 .ARM.attributes
                0x00000a96       0x2a C:/devkitPro/devkitARM/bin/../lib/gcc/arm-none-eabi/14.2.0/../../../../arm-none-eabi/lib/thumb\libc.a(libc_a-mlock.o)
 .ARM.attributes
                0x00000ac0       0x2a C:/devkitPro/devkitARM/bin/../lib/gcc/arm-none-eabi/14.2.0/../../../../arm-none-eabi/lib/thumb\libc.a(libc_a-strcpy.o)
 .ARM.attributes
                0x00000aea       0x2a C:/devkitPro/devkitARM/bin/../lib/gcc/arm-none-eabi/14.2.0/../../../../arm-none-eabi/lib/thumb\libc.a(libc_a-wctomb_r.o)
 .ARM.attributes
                0x00000b14       0x1a C:/devkitPro/devkitARM/bin/../lib/gcc/arm-none-eabi/14.2.0/../../../../arm-none-eabi/lib/thumb\libc.a(libc_a-strcmp.o)
 .ARM.attributes
                0x00000b2e       0x2a C:/devkitPro/devkitARM/bin/../lib/gcc/arm-none-eabi/14.2.0/../../../../arm-none-eabi/lib/thumb\libc.a(libc_a-strncmp.o)
 .ARM.attributes
                0x00000b58       0x2a C:/devkitPro/devkitARM/bin/../lib/gcc/arm-none-eabi/14.2.0/../../../../arm-none-eabi/lib/thumb\libc.a(libc_a-strchr.o)
 .ARM.attributes
                0x00000b82       0x2a C:/devkitPro/devkitARM/bin/../lib/gcc/arm-none-eabi/14.2.0/../../../../arm-none-eabi/lib/thumb\libc.a(libc_a-memmove.o)
 .ARM.attributes
                0x00000bac       0x2a C:/devkitPro/devkitARM/bin/../lib/gcc/arm-none-eabi/14.2.0/../../../../arm-none-eabi/lib/thumb\libc.a(libc_a-envlock.o)
 .ARM.attributes
                0x00000bd6       0x2a C:/devkitPro/devkitARM/bin/../lib/gcc/arm-none-eabi/14.2.0/../../../../arm-none-eabi/lib/thumb\libc.a(libc_a-assert.o)
 .ARM.attributes
                0x00000c00       0x2a C:/devkitPro/devkitARM/bin/../lib/gcc/arm-none-eabi/14.2.0/../../../../arm-none-eabi/lib/thumb\libc.a(libc_a-mprec.o)
 .ARM.attributes
                0x00000c2a       0x2a C:/devkitPro/devkitARM/bin/../lib/gcc/arm-none-eabi/14.2.0/../../../../arm-none-eabi/lib/thumb\libc.a(libc_a-fiprintf.o)
 .ARM.attributes
                0x00000c54       0x2a C:/devkitPro/devkitARM/bin/../lib/gcc/arm-none-eabi/14.2.0/../../../../arm-none-eabi/lib/thumb\libc.a(libc_a-environ.o)
 .ARM.attributes
                0x00000c7e       0x2a C:/devkitPro/devkitARM/bin/../lib/gcc/arm-none-eabi/14.2.0/../../../../arm-none-eabi/lib/thumb\libc.a(libc_a-abort.o)
 .ARM.attributes
                0x00000ca8       0x2a C:/devkitPro/devkitARM/bin/../lib/gcc/arm-none-eabi/14.2.0/../../../../arm-none-eabi/lib/thumb\libc.a(libc_a-callocr.o)
 .ARM.attributes
                0x00000cd2       0x2a C:/devkitPro/devkitARM/bin/../lib/gcc/arm-none-eabi/14.2.0/../../../../arm-none-eabi/lib/thumb\libc.a(libc_a-reallocr.o)
 .ARM.attributes
                0x00000cfc       0x2a C:/devkitPro/devkitARM/bin/../lib/gcc/arm-none-eabi/14.2.0/../../../../arm-none-eabi/lib/thumb\libc.a(libc_a-signal.o)
 .ARM.attributes
                0x00000d26       0x2a C:/devkitPro/devkitARM/bin/../lib/gcc/arm-none-eabi/14.2.0/../../../../arm-none-eabi/lib/thumb\libc.a(libc_a-vfiprintf.o)
 .ARM.attributes
                0x00000d50       0x2a C:/devkitPro/devkitARM/bin/../lib/gcc/arm-none-eabi/14.2.0/../../../../arm-none-eabi/lib/thumb\libc.a(libc_a-sprint_r.o)
 .ARM.attributes
                0x00000d7a       0x2a C:/devkitPro/devkitARM/bin/../lib/gcc/arm-none-eabi/14.2.0/../../../../arm-none-eabi/lib/thumb\libc.a(libc_a-findfp.o)
 .ARM.attributes
                0x00000da4       0x2a C:/devkitPro/devkitARM/bin/../lib/gcc/arm-none-eabi/14.2.0/../../../../arm-none-eabi/lib/thumb\libc.a(libc_a-fwalk.o)
 .ARM.attributes
                0x00000dce       0x2a C:/devkitPro/devkitARM/bin/../lib/gcc/arm-none-eabi/14.2.0/../../../../arm-none-eabi/lib/thumb\libc.a(libc_a-wsetup.o)
 .ARM.attributes
                0x00000df8       0x2a C:/devkitPro/devkitARM/bin/../lib/gcc/arm-none-eabi/14.2.0/../../../../arm-none-eabi/lib/thumb\libc.a(libc_a-fflush.o)
 .ARM.attributes
                0x00000e22       0x2a C:/devkitPro/devkitARM/bin/../lib/gcc/arm-none-eabi/14.2.0/../../../../arm-none-eabi/lib/thumb\libc.a(libc_a-impure.o)
 .ARM.attributes
                0x00000e4c       0x2a C:/devkitPro/devkitARM/bin/../lib/gcc/arm-none-eabi/14.2.0/../../../../arm-none-eabi/lib/thumb\libc.a(libc_a-fvwrite.o)
 .ARM.attributes
                0x00000e76       0x2a C:/devkitPro/devkitARM/bin/../lib/gcc/arm-none-eabi/14.2.0/../../../../arm-none-eabi/lib/thumb\libc.a(libc_a-stdio.o)
 .ARM.attributes
                0x00000ea0       0x2a C:/devkitPro/devkitARM/bin/../lib/gcc/arm-none-eabi/14.2.0/../../../../arm-none-eabi/lib/thumb\libc.a(libc_a-fclose.o)
 .ARM.attributes
                0x00000eca       0x2a C:/devkitPro/devkitARM/bin/../lib/gcc/arm-none-eabi/14.2.0/../../../../arm-none-eabi/lib/thumb\libc.a(libc_a-makebuf.o)
 .ARM.attributes
                0x00000ef4       0x2a C:/devkitPro/devkitARM/bin/../lib/gcc/arm-none-eabi/14.2.0/../../../../arm-none-eabi/lib/thumb\libc.a(libc_a-malignr.o)
 .ARM.attributes
                0x00000f1e       0x2a C:/devkitPro/devkitARM/bin/../lib/gcc/arm-none-eabi/14.2.0/../../../../arm-none-eabi/lib/thumb\libsysbase.a(libsysbase_libsysbase_a-_exit.o)
 .ARM.attributes
                0x00000f48       0x2a C:/devkitPro/devkitARM/bin/../lib/gcc/arm-none-eabi/14.2.0/../../../../arm-none-eabi/lib/thumb\libsysbase.a(libsysbase_libsysbase_a-fstat.o)
 .ARM.attributes
                0x00000f72       0x2a C:/devkitPro/devkitARM/bin/../lib/gcc/arm-none-eabi/14.2.0/../../../../arm-none-eabi/lib/thumb\libsysbase.a(libsysbase_libsysbase_a-getpid.o)
 .ARM.attributes
                0x00000f9c       0x2a C:/devkitPro/devkitARM/bin/../lib/gcc/arm-none-eabi/14.2.0/../../../../arm-none-eabi/lib/thumb\libsysbase.a(libsysbase_libsysbase_a-getreent.o)
 .ARM.attributes
                0x00000fc6       0x2a C:/devkitPro/devkitARM/bin/../lib/gcc/arm-none-eabi/14.2.0/../../../../arm-none-eabi/lib/thumb\libsysbase.a(libsysbase_libsysbase_a-gettod.o)
 .ARM.attributes
                0x00000ff0       0x2a C:/devkitPro/devkitARM/bin/../lib/gcc/arm-none-eabi/14.2.0/../../../../arm-none-eabi/lib/thumb\libsysbase.a(libsysbase_libsysbase_a-handle_manager.o)
 .ARM.attributes
                0x0000101a       0x2a C:/devkitPro/devkitARM/bin/../lib/gcc/arm-none-eabi/14.2.0/../../../../arm-none-eabi/lib/thumb\libsysbase.a(libsysbase_libsysbase_a-iosupport.o)
 .ARM.attributes
                0x00001044       0x2a C:/devkitPro/devkitARM/bin/../lib/gcc/arm-none-eabi/14.2.0/../../../../arm-none-eabi/lib/thumb\libsysbase.a(libsysbase_libsysbase_a-isatty.o)
 .ARM.attributes
                0x0000106e       0x2a C:/devkitPro/devkitARM/bin/../lib/gcc/arm-none-eabi/14.2.0/../../../../arm-none-eabi/lib/thumb\libsysbase.a(libsysbase_libsysbase_a-kill.o)
 .ARM.attributes
                0x00001098       0x2a C:/devkitPro/devkitARM/bin/../lib/gcc/arm-none-eabi/14.2.0/../../../../arm-none-eabi/lib/thumb\libsysbase.a(libsysbase_libsysbase_a-lseek.o)
 .ARM.attributes
                0x000010c2       0x2a C:/devkitPro/devkitARM/bin/../lib/gcc/arm-none-eabi/14.2.0/../../../../arm-none-eabi/lib/thumb\libsysbase.a(libsysbase_libsysbase_a-malloc_vars.o)
 .ARM.attributes
                0x000010ec       0x2a C:/devkitPro/devkitARM/bin/../lib/gcc/arm-none-eabi/14.2.0/../../../../arm-none-eabi/lib/thumb\libsysbase.a(libsysbase_libsysbase_a-read.o)
 .ARM.attributes
                0x00001116       0x2a C:/devkitPro/devkitARM/bin/../lib/gcc/arm-none-eabi/14.2.0/../../../../arm-none-eabi/lib/thumb\libsysbase.a(libsysbase_libsysbase_a-sbrk.o)
 .ARM.attributes
                0x00001140       0x2a C:/devkitPro/devkitARM/bin/../lib/gcc/arm-none-eabi/14.2.0/../../../../arm-none-eabi/lib/thumb\libsysbase.a(libsysbase_libsysbase_a-syscall_support.o)
 .ARM.attributes
                0x0000116a       0x2a C:/devkitPro/devkitARM/bin/../lib/gcc/arm-none-eabi/14.2.0/../../../../arm-none-eabi/lib/thumb\libsysbase.a(libsysbase_libsysbase_a-write.o)
 .ARM.attributes
                0x00001194       0x2a C:/devkitPro/devkitARM/bin/../lib/gcc/arm-none-eabi/14.2.0/../../../../arm-none-eabi/lib/thumb\libsysbase.a(libsysbase_libsysbase_a-clocks.o)
 .ARM.attributes
                0x000011be       0x1c C:/devkitPro/devkitARM/bin/../lib/gcc/arm-none-eabi/14.2.0/thumb\libgcc.a(_thumb1_case_uqi.o)
 .ARM.attributes
                0x000011da       0x1c C:/devkitPro/devkitARM/bin/../lib/gcc/arm-none-eabi/14.2.0/thumb\libgcc.a(_thumb1_case_uhi.o)
 .ARM.attributes
                0x000011f6       0x1c C:/devkitPro/devkitARM/bin/../lib/gcc/arm-none-eabi/14.2.0/thumb\libgcc.a(_arm_muldf3.o)
 .ARM.attributes
                0x00001212       0x1c C:/devkitPro/devkitARM/bin/../lib/gcc/arm-none-eabi/14.2.0/thumb\libgcc.a(_udivsi3.o)
 .ARM.attributes
                0x0000122e       0x1c C:/devkitPro/devkitARM/bin/../lib/gcc/arm-none-eabi/14.2.0/thumb\libgcc.a(_arm_addsubdf3.o)
 .ARM.attributes
                0x0000124a       0x1c C:/devkitPro/devkitARM/bin/../lib/gcc/arm-none-eabi/14.2.0/thumb\libgcc.a(_arm_muldivdf3.o)
 .ARM.attributes
                0x00001266       0x1c C:/devkitPro/devkitARM/bin/../lib/gcc/arm-none-eabi/14.2.0/thumb\libgcc.a(_arm_cmpdf2.o)
 .ARM.attributes
                0x00001282       0x1c C:/devkitPro/devkitARM/bin/../lib/gcc/arm-none-eabi/14.2.0/thumb\libgcc.a(_arm_unorddf2.o)
 .ARM.attributes
                0x0000129e       0x1c C:/devkitPro/devkitARM/bin/../lib/gcc/arm-none-eabi/14.2.0/thumb\libgcc.a(_arm_fixdfsi.o)
 .ARM.attributes
                0x000012ba       0x1c C:/devkitPro/devkitARM/bin/../lib/gcc/arm-none-eabi/14.2.0/thumb\libgcc.a(_aeabi_uldivmod.o)
 .ARM.attributes